          <idle>-0     [001] .n.1   131.247331: __schedule: __schedule_1 prev=swapper/1,prev_pid=0,preempt=0,preempt_count=1
          <idle>-0     [001] d..2   131.247331: sched_switch: prev_comm=swapper/1 prev_pid=0 prev_prio=120 prev_state=S ==> next_comm=YlogSender next_pid=196 next_prio=120
      YlogSender-196   [001] ...1   131.247334: __schedule: __schedule_2 prev=YlogSender,prev_pid=196,next=ylog.rdandroid,next_pid=284,preempt_count=1
      YlogSender-196   [001] ...1   131.247335: schedule: __schedule func 100.061884ms
      YlogSender-196   [001] ....   131.247336: schedule: sched_preempt_enable_no_resched func 0.000962ms
      YlogSender-196   [001] ....   131.247337: schedule: sched_preempt_enable_no_resched func preempt_count=0
      YlogSender-196   [001] ....   131.247341: schedule: start disable: preempt_count()=0
      YlogSender-196   [001] ...1   131.247342: schedule: preempt_disable func time=0.000692ms
      YlogSender-196   [001] ...1   131.247343: __schedule: __schedule_1 prev=YlogSender,prev_pid=196,preempt=0,preempt_count=1
      YlogSender-196   [001] d..2   131.247345: sched_switch: prev_comm=YlogSender prev_pid=196 prev_prio=120 prev_state=D ==> next_comm=swapper/1 next_pid=0 next_prio=120
          <idle>-0     [001] ...1   131.247346: __schedule: __schedule_2 prev=swapper/1,prev_pid=0,next=YlogSender,next_pid=196,preempt_count=1
          <idle>-0     [001] ...1   131.247347: schedule_idle: exit_schedule_idle: preempt_count=1
          <idle>-0     [001] .n.1   131.347402: schedule_idle: enter_schedule_idle: preempt_count=1
          <idle>-0     [001] .n.1   131.347403: __schedule: __schedule_1 prev=swapper/1,prev_pid=0,preempt=0,preempt_count=1
          <idle>-0     [001] d..2   131.347405: sched_switch: prev_comm=swapper/1 prev_pid=0 prev_prio=120 prev_state=S ==> next_comm=YlogSender next_pid=196 next_prio=120
      YlogSender-196   [001] ...1   131.347407: __schedule: __schedule_2 prev=YlogSender,prev_pid=196,next=swapper/1,next_pid=0,preempt_count=1
      YlogSender-196   [001] ...1   131.347408: schedule: __schedule func 100.065423ms
      YlogSender-196   [001] ....   131.347408: schedule: sched_preempt_enable_no_resched func 0.000731ms
      YlogSender-196   [001] ....   131.347410: schedule: sched_preempt_enable_no_resched func preempt_count=0
      YlogSender-196   [001] ....   131.347412: schedule: start disable: preempt_count()=0
      YlogSender-196   [001] ...1   131.347412: schedule: preempt_disable func time=0.000616ms
      YlogSender-196   [001] ...1   131.347413: __schedule: __schedule_1 prev=YlogSender,prev_pid=196,preempt=0,preempt_count=1
      YlogSender-196   [001] d..2   131.347415: sched_switch: prev_comm=YlogSender prev_pid=196 prev_prio=120 prev_state=D ==> next_comm=swapper/1 next_pid=0 next_prio=120
          <idle>-0     [001] ...1   131.347416: __schedule: __schedule_2 prev=swapper/1,prev_pid=0,next=YlogSender,next_pid=196,preempt_count=1
          <idle>-0     [001] ...1   131.347416: schedule_idle: exit_schedule_idle: preempt_count=1
          <idle>-0     [000] .n.1   131.357903: schedule_idle: enter_schedule_idle: preempt_count=1
          <idle>-0     [000] .n.1   131.357905: __schedule: __schedule_1 prev=swapper/0,prev_pid=0,preempt=0,preempt_count=1
          <idle>-0     [000] d..2   131.357909: sched_switch: prev_comm=swapper/0 prev_pid=0 prev_prio=120 prev_state=S ==> next_comm=f2fs_discard-25 next_pid=178 next_prio=120
 f2fs_discard-25-178   [000] ...1   131.357913: __schedule: __schedule_2 prev=f2fs_discard-25,prev_pid=178,next=kworker/0:1,next_pid=21,preempt_count=1
 f2fs_discard-25-178   [000] ...1   131.357915: schedule: __schedule func 511.969075ms
 f2fs_discard-25-178   [000] ....   131.358043: schedule: sched_preempt_enable_no_resched func 0.127693ms
 f2fs_discard-25-178   [000] ....   131.358049: schedule: sched_preempt_enable_no_resched func preempt_count=0
 f2fs_discard-25-178   [000] ....   131.358065: schedule: start disable: preempt_count()=0
 f2fs_discard-25-178   [000] ...1   131.358067: schedule: preempt_disable func time=0.001154ms
 f2fs_discard-25-178   [000] ...1   131.358069: __schedule: __schedule_1 prev=f2fs_discard-25,prev_pid=178,preempt=0,preempt_count=1
 f2fs_discard-25-178   [000] d..2   131.358074: sched_switch: prev_comm=f2fs_discard-25 prev_pid=178 prev_prio=120 prev_state=D ==> next_comm=swapper/0 next_pid=0 next_prio=120
          <idle>-0     [000] ...1   131.358077: __schedule: __schedule_2 prev=swapper/0,prev_pid=0,next=f2fs_discard-25,next_pid=178,preempt_count=1
          <idle>-0     [000] ...1   131.358079: schedule_idle: exit_schedule_idle: preempt_count=1
          <idle>-0     [001] .n.1   131.361888: schedule_idle: enter_schedule_idle: preempt_count=1
          <idle>-0     [001] .n.1   131.361889: __schedule: __schedule_1 prev=swapper/1,prev_pid=0,preempt=0,preempt_count=1
          <idle>-0     [001] d..2   131.361890: sched_switch: prev_comm=swapper/1 prev_pid=0 prev_prio=120 prev_state=S ==> next_comm=ylog.rdkernel next_pid=283 next_prio=120
   ylog.rdkernel-283   [001] ...1   131.361892: __schedule: __schedule_2 prev=ylog.rdkernel,prev_pid=283,next=swapper/1,next_pid=0,preempt_count=1
   ylog.rdkernel-283   [001] ...1   131.361893: schedule: __schedule func 159.953769ms
   ylog.rdkernel-283   [001] ....   131.361894: schedule: sched_preempt_enable_no_resched func 0.000808ms
   ylog.rdkernel-283   [001] ....   131.361894: schedule: sched_preempt_enable_no_resched func preempt_count=0
   ylog.rdkernel-283   [001] ....   131.362190: schedule: start disable: preempt_count()=0
   ylog.rdkernel-283   [001] ...1   131.362191: schedule: preempt_disable func time=0.000923ms
   ylog.rdkernel-283   [001] ...1   131.362194: __schedule: __schedule_1 prev=ylog.rdkernel,prev_pid=283,preempt=0,preempt_count=1
   ylog.rdkernel-283   [001] d..2   131.362197: sched_switch: prev_comm=ylog.rdkernel prev_pid=283 prev_prio=120 prev_state=D ==> next_comm=swapper/1 next_pid=0 next_prio=120
          <idle>-0     [001] ...1   131.362199: __schedule: __schedule_2 prev=swapper/1,prev_pid=0,next=ylog.rdkernel,next_pid=283,preempt_count=1
          <idle>-0     [001] ...1   131.362199: schedule_idle: exit_schedule_idle: preempt_count=1
          <idle>-0     [000] .n.1   131.413546: schedule_idle: enter_schedule_idle: preempt_count=1
          <idle>-0     [000] .n.1   131.413551: __schedule: __schedule_1 prev=swapper/0,prev_pid=0,preempt=0,preempt_count=1
          <idle>-0     [000] d..2   131.413554: sched_switch: prev_comm=swapper/0 prev_pid=0 prev_prio=120 prev_state=S ==> next_comm=slogmodem next_pid=394 next_prio=120
       slogmodem-394   [000] ...1   131.413557: __schedule: __schedule_2 prev=slogmodem,prev_pid=394,next=swapper/0,next_pid=0,preempt_count=1
       slogmodem-394   [000] ...1   131.413559: schedule: __schedule func 299.293615ms
       slogmodem-394   [000] ....   131.413560: schedule: sched_preempt_enable_no_resched func 0.001769ms
       slogmodem-394   [000] ....   131.413562: schedule: sched_preempt_enable_no_resched func preempt_count=0
       slogmodem-394   [000] ....   131.414368: schedule: start disable: preempt_count()=0
       slogmodem-394   [000] ...1   131.414370: schedule: preempt_disable func time=0.001807ms
       slogmodem-394   [000] ...1   131.414371: __schedule: __schedule_1 prev=slogmodem,prev_pid=394,preempt=0,preempt_count=1
       slogmodem-394   [000] d..2   131.414379: sched_switch: prev_comm=slogmodem prev_pid=394 prev_prio=120 prev_state=D ==> next_comm=swapper/0 next_pid=0 next_prio=120
          <idle>-0     [000] ...1   131.414382: __schedule: __schedule_2 prev=swapper/0,prev_pid=0,next=slogmodem,next_pid=394,preempt_count=1
          <idle>-0     [000] ...1   131.414383: schedule_idle: exit_schedule_idle: preempt_count=1
          <idle>-0     [001] .n.1   131.417890: schedule_idle: enter_schedule_idle: preempt_count=1
          <idle>-0     [001] .n.1   131.417890: __schedule: __schedule_1 prev=swapper/1,prev_pid=0,preempt=0,preempt_count=1
          <idle>-0     [001] d..2   131.417892: sched_switch: prev_comm=swapper/1 prev_pid=0 prev_prio=120 prev_state=S ==> next_comm=ylog.rdkernel next_pid=283 next_prio=120
   ylog.rdkernel-283   [001] ...1   131.417893: __schedule: __schedule_2 prev=ylog.rdkernel,prev_pid=283,next=swapper/1,next_pid=0,preempt_count=1
   ylog.rdkernel-283   [001] ...1   131.417894: schedule: __schedule func 55.703499ms
   ylog.rdkernel-283   [001] ....   131.417895: schedule: sched_preempt_enable_no_resched func 0.000654ms
   ylog.rdkernel-283   [001] .n..   131.417898: schedule: sched_preempt_enable_no_resched func preempt_count=0
   ylog.rdkernel-283   [001] .n.1   131.417899: __schedule: __schedule_1 prev=ylog.rdkernel,prev_pid=283,preempt=1,preempt_count=1
   ylog.rdkernel-283   [001] d..2   131.417901: sched_switch: prev_comm=ylog.rdkernel prev_pid=283 prev_prio=120 prev_state=R+ ==> next_comm=rcu_preempt next_pid=8 next_prio=120
     rcu_preempt-8     [001] ...1   131.417902: __schedule: __schedule_2 prev=rcu_preempt,prev_pid=8,next=swapper/1,next_pid=0,preempt_count=1
     rcu_preempt-8     [001] ...1   131.417903: schedule: __schedule func 284.006345ms
     rcu_preempt-8     [001] ....   131.417904: schedule: sched_preempt_enable_no_resched func 0.000615ms
     rcu_preempt-8     [001] ....   131.417904: schedule: sched_preempt_enable_no_resched func preempt_count=0
     rcu_preempt-8     [001] ....   131.417915: schedule: start disable: preempt_count()=0
     rcu_preempt-8     [001] ...1   131.417917: schedule: preempt_disable func time=0.001769ms
     rcu_preempt-8     [001] ...1   131.417917: __schedule: __schedule_1 prev=rcu_preempt,prev_pid=8,preempt=0,preempt_count=1
     rcu_preempt-8     [001] d..2   131.417919: sched_switch: prev_comm=rcu_preempt prev_pid=8 prev_prio=120 prev_state=R+ ==> next_comm=ylog.rdkernel next_pid=283 next_prio=120
   ylog.rdkernel-283   [001] ...1   131.417920: __schedule: __schedule_2 prev=ylog.rdkernel,prev_pid=283,next=rcu_preempt,next_pid=8,preempt_count=1
   ylog.rdkernel-283   [001] ....   131.417984: schedule: start disable: preempt_count()=0
   ylog.rdkernel-283   [001] ...1   131.417985: schedule: preempt_disable func time=0.000885ms
   ylog.rdkernel-283   [001] ...1   131.417986: __schedule: __schedule_1 prev=ylog.rdkernel,prev_pid=283,preempt=0,preempt_count=1
   ylog.rdkernel-283   [001] d..2   131.417989: sched_switch: prev_comm=ylog.rdkernel prev_pid=283 prev_prio=120 prev_state=D ==> next_comm=swapper/1 next_pid=0 next_prio=120
          <idle>-0     [001] ...1   131.417991: __schedule: __schedule_2 prev=swapper/1,prev_pid=0,next=ylog.rdkernel,next_pid=283,preempt_count=1
          <idle>-0     [001] ...1   131.417991: schedule_idle: exit_schedule_idle: preempt_count=1
          <idle>-0     [000] .n.1   131.419965: schedule_idle: enter_schedule_idle: preempt_count=1
          <idle>-0     [000] .n.1   131.419966: __schedule: __schedule_1 prev=swapper/0,prev_pid=0,preempt=0,preempt_count=1
          <idle>-0     [000] d..2   131.419971: sched_switch: prev_comm=swapper/0 prev_pid=0 prev_prio=120 prev_state=S ==> next_comm=ylog.event next_pid=470 next_prio=120
      ylog.event-470   [000] ...1   131.419976: __schedule: __schedule_2 prev=ylog.event,prev_pid=470,next=swapper/0,next_pid=0,preempt_count=1
      ylog.event-470   [000] ...1   131.419978: schedule: __schedule func 1000.067419ms
      ylog.event-470   [000] ....   131.419979: schedule: sched_preempt_enable_no_resched func 0.001500ms
      ylog.event-470   [000] ....   131.419981: schedule: sched_preempt_enable_no_resched func preempt_count=0
      ylog.event-470   [000] ....   131.420048: schedule: start disable: preempt_count()=0
      ylog.event-470   [000] ...1   131.420050: schedule: preempt_disable func time=0.001346ms
      ylog.event-470   [000] ...1   131.420051: __schedule: __schedule_1 prev=ylog.event,prev_pid=470,preempt=0,preempt_count=1
      ylog.event-470   [000] d..2   131.420057: sched_switch: prev_comm=ylog.event prev_pid=470 prev_prio=120 prev_state=D ==> next_comm=swapper/0 next_pid=0 next_prio=120
          <idle>-0     [000] ...1   131.420060: __schedule: __schedule_2 prev=swapper/0,prev_pid=0,next=ylog.event,next_pid=470,preempt_count=1
          <idle>-0     [000] ...1   131.420061: schedule_idle: exit_schedule_idle: preempt_count=1
          <idle>-0     [001] .n.1   131.424927: schedule_idle: enter_schedule_idle: preempt_count=1
          <idle>-0     [001] .n.1   131.424928: __schedule: __schedule_1 prev=swapper/1,prev_pid=0,preempt=0,preempt_count=1
          <idle>-0     [001] d..2   131.424929: sched_switch: prev_comm=swapper/1 prev_pid=0 prev_prio=120 prev_state=S ==> next_comm=check_data next_pid=1391 next_prio=120
      check_data-1391  [001] ...1   131.424933: __schedule: __schedule_2 prev=check_data,prev_pid=1391,next=swapper/1,next_pid=0,preempt_count=1
      check_data-1391  [001] ...1   131.424934: schedule: __schedule func 1000.067458ms
      check_data-1391  [001] ....   131.424935: schedule: sched_preempt_enable_no_resched func 0.000807ms
      check_data-1391  [001] ....   131.424935: schedule: sched_preempt_enable_no_resched func preempt_count=0
      check_data-1391  [001] ....   131.424946: schedule: start disable: preempt_count()=0
      check_data-1391  [001] ...1   131.424947: schedule: preempt_disable func time=0.000731ms
      check_data-1391  [001] ...1   131.424948: __schedule: __schedule_1 prev=check_data,prev_pid=1391,preempt=0,preempt_count=1
      check_data-1391  [001] d..2   131.424952: sched_switch: prev_comm=check_data prev_pid=1391 prev_prio=120 prev_state=D ==> next_comm=swapper/1 next_pid=0 next_prio=120
          <idle>-0     [001] ...1   131.424953: __schedule: __schedule_2 prev=swapper/1,prev_pid=0,next=check_data,next_pid=1391,preempt_count=1
          <idle>-0     [001] ...1   131.424954: schedule_idle: exit_schedule_idle: preempt_count=1
          <idle>-0     [001] .n.1   131.425890: schedule_idle: enter_schedule_idle: preempt_count=1
          <idle>-0     [001] .n.1   131.425891: __schedule: __schedule_1 prev=swapper/1,prev_pid=0,preempt=0,preempt_count=1
          <idle>-0     [001] d..2   131.425893: sched_switch: prev_comm=swapper/1 prev_pid=0 prev_prio=120 prev_state=S ==> next_comm=kworker/1:2 next_pid=129 next_prio=120
     kworker/1:2-129   [001] ...1   131.425895: __schedule: __schedule_2 prev=kworker/1:2,prev_pid=129,next=swapper/1,next_pid=0,preempt_count=1
     kworker/1:2-129   [001] ...1   131.425896: schedule: __schedule func 227.952730ms
     kworker/1:2-129   [001] ....   131.425897: schedule: sched_preempt_enable_no_resched func 0.000653ms
     kworker/1:2-129   [001] ....   131.425897: schedule: sched_preempt_enable_no_resched func preempt_count=0
     kworker/1:2-129   [001] ....   131.425905: schedule: start disable: preempt_count()=0
     kworker/1:2-129   [001] ...1   131.425905: schedule: preempt_disable func time=0.000731ms
     kworker/1:2-129   [001] ...1   131.425906: __schedule: __schedule_1 prev=kworker/1:2,prev_pid=129,preempt=0,preempt_count=1
     kworker/1:2-129   [001] d..2   131.425908: sched_switch: prev_comm=kworker/1:2 prev_pid=129 prev_prio=120 prev_state=R+ ==> next_comm=rcu_preempt next_pid=8 next_prio=120
     rcu_preempt-8     [001] ...1   131.425909: __schedule: __schedule_2 prev=rcu_preempt,prev_pid=8,next=ylog.rdkernel,next_pid=283,preempt_count=1
     rcu_preempt-8     [001] ...1   131.425910: schedule: __schedule func 7.992961ms
     rcu_preempt-8     [001] ....   131.425910: schedule: sched_preempt_enable_no_resched func 0.000577ms
     rcu_preempt-8     [001] ....   131.425911: schedule: sched_preempt_enable_no_resched func preempt_count=0
     rcu_preempt-8     [001] ....   131.425917: schedule: start disable: preempt_count()=0
     rcu_preempt-8     [001] ...1   131.425918: schedule: preempt_disable func time=0.000615ms
     rcu_preempt-8     [001] ...1   131.425919: __schedule: __schedule_1 prev=rcu_preempt,prev_pid=8,preempt=0,preempt_count=1
     rcu_preempt-8     [001] d..2   131.425921: sched_switch: prev_comm=rcu_preempt prev_pid=8 prev_prio=120 prev_state=R+ ==> next_comm=swapper/1 next_pid=0 next_prio=120
          <idle>-0     [001] ...1   131.425923: __schedule: __schedule_2 prev=swapper/1,prev_pid=0,next=kworker/1:2,next_pid=129,preempt_count=1
          <idle>-0     [001] ...1   131.425923: schedule_idle: exit_schedule_idle: preempt_count=1
          <idle>-0     [001] .n.1   131.433887: schedule_idle: enter_schedule_idle: preempt_count=1
          <idle>-0     [001] .n.1   131.433889: __schedule: __schedule_1 prev=swapper/1,prev_pid=0,preempt=0,preempt_count=1
          <idle>-0     [001] d..2   131.433890: sched_switch: prev_comm=swapper/1 prev_pid=0 prev_prio=120 prev_state=S ==> next_comm=rcu_preempt next_pid=8 next_prio=120
     rcu_preempt-8     [001] ...1   131.433891: __schedule: __schedule_2 prev=rcu_preempt,prev_pid=8,next=swapper/1,next_pid=0,preempt_count=1
     rcu_preempt-8     [001] ...1   131.433892: schedule: __schedule func 7.974346ms
     rcu_preempt-8     [001] ....   131.433893: schedule: sched_preempt_enable_no_resched func 0.000654ms
     rcu_preempt-8     [001] ....   131.433893: schedule: sched_preempt_enable_no_resched func preempt_count=0
     rcu_preempt-8     [001] ....   131.433899: schedule: start disable: preempt_count()=0
     rcu_preempt-8     [001] ...1   131.433900: schedule: preempt_disable func time=0.000653ms
     rcu_preempt-8     [001] ...1   131.433900: __schedule: __schedule_1 prev=rcu_preempt,prev_pid=8,preempt=0,preempt_count=1
     rcu_preempt-8     [001] d..2   131.433902: sched_switch: prev_comm=rcu_preempt prev_pid=8 prev_prio=120 prev_state=R+ ==> next_comm=swapper/1 next_pid=0 next_prio=120
          <idle>-0     [001] ...1   131.433903: __schedule: __schedule_2 prev=swapper/1,prev_pid=0,next=rcu_preempt,next_pid=8,preempt_count=1
          <idle>-0     [001] ...1   131.433903: schedule_idle: exit_schedule_idle: preempt_count=1
          <idle>-0     [001] .n.1   131.447469: schedule_idle: enter_schedule_idle: preempt_count=1
          <idle>-0     [001] .n.1   131.447470: __schedule: __schedule_1 prev=swapper/1,prev_pid=0,preempt=0,preempt_count=1
          <idle>-0     [001] d..2   131.447471: sched_switch: prev_comm=swapper/1 prev_pid=0 prev_prio=120 prev_state=S ==> next_comm=YlogSender next_pid=196 next_prio=120
      YlogSender-196   [001] ...1   131.447473: __schedule: __schedule_2 prev=YlogSender,prev_pid=196,next=swapper/1,next_pid=0,preempt_count=1
      YlogSender-196   [001] ...1   131.447474: schedule: __schedule func 100.061846ms
      YlogSender-196   [001] ....   131.447475: schedule: sched_preempt_enable_no_resched func 0.000807ms
      YlogSender-196   [001] ....   131.447476: schedule: sched_preempt_enable_no_resched func preempt_count=0
      YlogSender-196   [001] ....   131.447482: schedule: start disable: preempt_count()=0
      YlogSender-196   [001] ...1   131.447483: schedule: preempt_disable func time=0.000731ms
      YlogSender-196   [001] ...1   131.447484: __schedule: __schedule_1 prev=YlogSender,prev_pid=196,preempt=0,preempt_count=1
      YlogSender-196   [001] d..2   131.447486: sched_switch: prev_comm=YlogSender prev_pid=196 prev_prio=120 prev_state=D ==> next_comm=swapper/1 next_pid=0 next_prio=120
          <idle>-0     [001] ...1   131.447488: __schedule: __schedule_2 prev=swapper/1,prev_pid=0,next=YlogSender,next_pid=196,preempt_count=1
          <idle>-0     [001] ...1   131.447488: schedule_idle: exit_schedule_idle: preempt_count=1
          <idle>-0     [001] .n.1   131.469168: schedule_idle: enter_schedule_idle: preempt_count=1
          <idle>-0     [001] .n.1   131.469169: __schedule: __schedule_1 prev=swapper/1,prev_pid=0,preempt=0,preempt_count=1
          <idle>-0     [001] d..2   131.469170: sched_switch: prev_comm=swapper/1 prev_pid=0 prev_prio=120 prev_state=S ==> next_comm=ylog.pipe next_pid=242 next_prio=120
       ylog.pipe-242   [001] ...1   131.469172: __schedule: __schedule_2 prev=ylog.pipe,prev_pid=242,next=swapper/1,next_pid=0,preempt_count=1
       ylog.pipe-242   [001] ...1   131.469173: schedule: __schedule func 250.061653ms
       ylog.pipe-242   [001] ....   131.469174: schedule: sched_preempt_enable_no_resched func 0.000692ms
       ylog.pipe-242   [001] ....   131.469174: schedule: sched_preempt_enable_no_resched func preempt_count=0
       ylog.pipe-242   [001] ....   131.469216: schedule: start disable: preempt_count()=0
       ylog.pipe-242   [001] ...1   131.469216: schedule: preempt_disable func time=0.000846ms
       ylog.pipe-242   [001] ...1   131.469217: __schedule: __schedule_1 prev=ylog.pipe,prev_pid=242,preempt=0,preempt_count=1
       ylog.pipe-242   [001] d..2   131.469219: sched_switch: prev_comm=ylog.pipe prev_pid=242 prev_prio=120 prev_state=D ==> next_comm=swapper/1 next_pid=0 next_prio=120
          <idle>-0     [001] ...1   131.469221: __schedule: __schedule_2 prev=swapper/1,prev_pid=0,next=ylog.pipe,next_pid=242,preempt_count=1
          <idle>-0     [001] ...1   131.469222: schedule_idle: exit_schedule_idle: preempt_count=1
          <idle>-0     [000] .n.1   131.518465: schedule_idle: enter_schedule_idle: preempt_count=1
          <idle>-0     [000] .n.1   131.518467: __schedule: __schedule_1 prev=swapper/0,prev_pid=0,preempt=0,preempt_count=1
          <idle>-0     [000] d..2   131.518469: sched_switch: prev_comm=swapper/0 prev_pid=0 prev_prio=120 prev_state=S ==> next_comm=slogmodem next_pid=394 next_prio=120
       slogmodem-394   [000] ...1   131.518473: __schedule: __schedule_2 prev=slogmodem,prev_pid=394,next=swapper/0,next_pid=0,preempt_count=1
       slogmodem-394   [000] ...1   131.518474: schedule: __schedule func 104.104577ms
       slogmodem-394   [000] ....   131.518475: schedule: sched_preempt_enable_no_resched func 0.001269ms
       slogmodem-394   [000] ....   131.518477: schedule: sched_preempt_enable_no_resched func preempt_count=0
       slogmodem-394   [000] ....   131.518816: schedule: start disable: preempt_count()=0
       slogmodem-394   [000] ...1   131.518818: schedule: preempt_disable func time=0.002038ms
       slogmodem-394   [000] ...1   131.518820: __schedule: __schedule_1 prev=slogmodem,prev_pid=394,preempt=0,preempt_count=1
       slogmodem-394   [000] d..2   131.518824: sched_switch: prev_comm=slogmodem prev_pid=394 prev_prio=120 prev_state=D ==> next_comm=logd.writer next_pid=198 next_prio=130
     logd.writer-198   [000] ...1   131.518829: __schedule: __schedule_2 prev=logd.writer,prev_pid=198,next=swapper/0,next_pid=0,preempt_count=1
     logd.writer-198   [000] ...1   131.518830: schedule: __schedule func 500.072113ms
     logd.writer-198   [000] ....   131.518832: schedule: sched_preempt_enable_no_resched func 0.001385ms
     logd.writer-198   [000] ....   131.518833: schedule: sched_preempt_enable_no_resched func preempt_count=0
          <idle>-0     [001] .n.1   131.518927: schedule_idle: enter_schedule_idle: preempt_count=1
          <idle>-0     [001] .n.1   131.518928: __schedule: __schedule_1 prev=swapper/1,prev_pid=0,preempt=0,preempt_count=1
          <idle>-0     [001] d..2   131.518929: sched_switch: prev_comm=swapper/1 prev_pid=0 prev_prio=120 prev_state=S ==> next_comm=logd.reader.per next_pid=1108 next_prio=130
     logd.writer-198   [000] ....   131.518929: schedule: start disable: preempt_count()=0
     logd.writer-198   [000] ...1   131.518931: schedule: preempt_disable func time=0.001693ms
 logd.reader.per-1108  [001] ...1   131.518932: __schedule: __schedule_2 prev=logd.reader.per,prev_pid=1108,next=swapper/1,next_pid=0,preempt_count=1
     logd.writer-198   [000] ...1   131.518932: __schedule: __schedule_1 prev=logd.writer,prev_pid=198,preempt=0,preempt_count=1
 logd.reader.per-1108  [001] ...1   131.518933: schedule: __schedule func 500.160805ms
 logd.reader.per-1108  [001] ....   131.518933: schedule: sched_preempt_enable_no_resched func 0.000770ms
 logd.reader.per-1108  [001] ....   131.518934: schedule: sched_preempt_enable_no_resched func preempt_count=0
     logd.writer-198   [000] d..2   131.518940: sched_switch: prev_comm=logd.writer prev_pid=198 prev_prio=130 prev_state=D ==> next_comm=swapper/0 next_pid=0 next_prio=120
          <idle>-0     [000] ...1   131.518943: __schedule: __schedule_2 prev=swapper/0,prev_pid=0,next=slogmodem,next_pid=394,preempt_count=1
 logd.reader.per-1108  [001] ....   131.518943: schedule: start disable: preempt_count()=0
 logd.reader.per-1108  [001] ...1   131.518944: schedule: preempt_disable func time=0.000693ms
          <idle>-0     [000] ...1   131.518944: schedule_idle: exit_schedule_idle: preempt_count=1
 logd.reader.per-1108  [001] ...1   131.518946: __schedule: __schedule_1 prev=logd.reader.per,prev_pid=1108,preempt=0,preempt_count=1
 logd.reader.per-1108  [001] d..2   131.518948: sched_switch: prev_comm=logd.reader.per prev_pid=1108 prev_prio=130 prev_state=D ==> next_comm=swapper/1 next_pid=0 next_prio=120
          <idle>-0     [001] ...1   131.518950: __schedule: __schedule_2 prev=swapper/1,prev_pid=0,next=logd.reader.per,next_pid=1108,preempt_count=1
          <idle>-0     [001] ...1   131.518950: schedule_idle: exit_schedule_idle: preempt_count=1
          <idle>-0     [001] .n.1   131.521890: schedule_idle: enter_schedule_idle: preempt_count=1
          <idle>-0     [001] .n.1   131.521891: __schedule: __schedule_1 prev=swapper/1,prev_pid=0,preempt=0,preempt_count=1
          <idle>-0     [001] d..2   131.521892: sched_switch: prev_comm=swapper/1 prev_pid=0 prev_prio=120 prev_state=S ==> next_comm=ylog.rdkernel next_pid=283 next_prio=120
   ylog.rdkernel-283   [001] ...1   131.521894: __schedule: __schedule_2 prev=ylog.rdkernel,prev_pid=283,next=swapper/1,next_pid=0,preempt_count=1
   ylog.rdkernel-283   [001] ...1   131.521895: schedule: __schedule func 103.909807ms
   ylog.rdkernel-283   [001] ....   131.521896: schedule: sched_preempt_enable_no_resched func 0.001077ms
   ylog.rdkernel-283   [001] .n.1   131.521900: __schedule: __schedule_1 prev=ylog.rdkernel,prev_pid=283,preempt=1,preempt_count=1
   ylog.rdkernel-283   [001] d..2   131.521901: sched_switch: prev_comm=ylog.rdkernel prev_pid=283 prev_prio=120 prev_state=R+ ==> next_comm=rcu_preempt next_pid=8 next_prio=120
     rcu_preempt-8     [001] ...1   131.521903: __schedule: __schedule_2 prev=rcu_preempt,prev_pid=8,next=swapper/1,next_pid=0,preempt_count=1
     rcu_preempt-8     [001] ...1   131.521903: schedule: __schedule func 88.003769ms
     rcu_preempt-8     [001] ....   131.521904: schedule: sched_preempt_enable_no_resched func 0.000846ms
     rcu_preempt-8     [001] ....   131.521905: schedule: sched_preempt_enable_no_resched func preempt_count=0
     rcu_preempt-8     [001] ....   131.521909: schedule: start disable: preempt_count()=0
     rcu_preempt-8     [001] ...1   131.521910: schedule: preempt_disable func time=0.000653ms
     rcu_preempt-8     [001] ...1   131.521911: __schedule: __schedule_1 prev=rcu_preempt,prev_pid=8,preempt=0,preempt_count=1
     rcu_preempt-8     [001] d..2   131.521913: sched_switch: prev_comm=rcu_preempt prev_pid=8 prev_prio=120 prev_state=R+ ==> next_comm=ylog.rdkernel next_pid=283 next_prio=120
   ylog.rdkernel-283   [001] ...1   131.521914: __schedule: __schedule_2 prev=ylog.rdkernel,prev_pid=283,next=rcu_preempt,next_pid=8,preempt_count=1
   ylog.rdkernel-283   [001] ....   131.521915: schedule: sched_preempt_enable_no_resched func preempt_count=0
   ylog.rdkernel-283   [001] ....   131.521950: schedule: start disable: preempt_count()=0
   ylog.rdkernel-283   [001] ...1   131.521951: schedule: preempt_disable func time=0.000923ms
   ylog.rdkernel-283   [001] ...1   131.521951: __schedule: __schedule_1 prev=ylog.rdkernel,prev_pid=283,preempt=0,preempt_count=1
   ylog.rdkernel-283   [001] d..2   131.521955: sched_switch: prev_comm=ylog.rdkernel prev_pid=283 prev_prio=120 prev_state=D ==> next_comm=swapper/1 next_pid=0 next_prio=120
          <idle>-0     [001] ...1   131.521957: __schedule: __schedule_2 prev=swapper/1,prev_pid=0,next=ylog.rdkernel,next_pid=283,preempt_count=1
          <idle>-0     [001] ...1   131.521957: schedule_idle: exit_schedule_idle: preempt_count=1
          <idle>-0     [001] .n.1   131.529890: schedule_idle: enter_schedule_idle: preempt_count=1
          <idle>-0     [001] .n.1   131.529891: __schedule: __schedule_1 prev=swapper/1,prev_pid=0,preempt=0,preempt_count=1
          <idle>-0     [001] d..2   131.529892: sched_switch: prev_comm=swapper/1 prev_pid=0 prev_prio=120 prev_state=S ==> next_comm=rcu_preempt next_pid=8 next_prio=120
     rcu_preempt-8     [001] ...1   131.529894: __schedule: __schedule_2 prev=rcu_preempt,prev_pid=8,next=ylog.rdkernel,next_pid=283,preempt_count=1
     rcu_preempt-8     [001] ...1   131.529895: schedule: __schedule func 7.984500ms
     rcu_preempt-8     [001] ....   131.529895: schedule: sched_preempt_enable_no_resched func 0.000693ms
     rcu_preempt-8     [001] ....   131.529896: schedule: sched_preempt_enable_no_resched func preempt_count=0
     rcu_preempt-8     [001] ....   131.529902: schedule: start disable: preempt_count()=0
     rcu_preempt-8     [001] ...1   131.529907: schedule: preempt_disable func time=0.000616ms
     rcu_preempt-8     [001] ...1   131.529908: __schedule: __schedule_1 prev=rcu_preempt,prev_pid=8,preempt=0,preempt_count=1
     rcu_preempt-8     [001] d..2   131.529910: sched_switch: prev_comm=rcu_preempt prev_pid=8 prev_prio=120 prev_state=R+ ==> next_comm=swapper/1 next_pid=0 next_prio=120
          <idle>-0     [001] ...1   131.529912: __schedule: __schedule_2 prev=swapper/1,prev_pid=0,next=rcu_preempt,next_pid=8,preempt_count=1
          <idle>-0     [001] ...1   131.529912: schedule_idle: exit_schedule_idle: preempt_count=1
          <idle>-0     [001] .n.1   131.537886: schedule_idle: enter_schedule_idle: preempt_count=1
          <idle>-0     [001] .n.1   131.537886: __schedule: __schedule_1 prev=swapper/1,prev_pid=0,preempt=0,preempt_count=1
          <idle>-0     [001] d..2   131.537887: sched_switch: prev_comm=swapper/1 prev_pid=0 prev_prio=120 prev_state=S ==> next_comm=rcu_preempt next_pid=8 next_prio=120
     rcu_preempt-8     [001] ...1   131.537889: __schedule: __schedule_2 prev=rcu_preempt,prev_pid=8,next=swapper/1,next_pid=0,preempt_count=1
     rcu_preempt-8     [001] ...1   131.537889: schedule: __schedule func 7.986269ms
     rcu_preempt-8     [001] ....   131.537890: schedule: sched_preempt_enable_no_resched func 0.000654ms
     rcu_preempt-8     [001] ....   131.537894: schedule: sched_preempt_enable_no_resched func preempt_count=0
     rcu_preempt-8     [001] ....   131.537899: schedule: start disable: preempt_count()=0
     rcu_preempt-8     [001] ...1   131.537900: schedule: preempt_disable func time=0.001308ms
     rcu_preempt-8     [001] ...1   131.537901: __schedule: __schedule_1 prev=rcu_preempt,prev_pid=8,preempt=0,preempt_count=1
     rcu_preempt-8     [001] d..2   131.537903: sched_switch: prev_comm=rcu_preempt prev_pid=8 prev_prio=120 prev_state=R+ ==> next_comm=swapper/1 next_pid=0 next_prio=120
          <idle>-0     [001] ...1   131.537904: __schedule: __schedule_2 prev=swapper/1,prev_pid=0,next=rcu_preempt,next_pid=8,preempt_count=1
          <idle>-0     [001] ...1   131.537905: schedule_idle: exit_schedule_idle: preempt_count=1
          <idle>-0     [001] .n.1   131.547542: schedule_idle: enter_schedule_idle: preempt_count=1
          <idle>-0     [001] .n.1   131.547543: __schedule: __schedule_1 prev=swapper/1,prev_pid=0,preempt=0,preempt_count=1
          <idle>-0     [001] d..2   131.547544: sched_switch: prev_comm=swapper/1 prev_pid=0 prev_prio=120 prev_state=S ==> next_comm=YlogSender next_pid=196 next_prio=120
      YlogSender-196   [001] ...1   131.547546: __schedule: __schedule_2 prev=YlogSender,prev_pid=196,next=swapper/1,next_pid=0,preempt_count=1
      YlogSender-196   [001] ...1   131.547547: schedule: __schedule func 100.063807ms
      YlogSender-196   [001] ....   131.547548: schedule: sched_preempt_enable_no_resched func 0.000731ms
      YlogSender-196   [001] ....   131.547548: schedule: sched_preempt_enable_no_resched func preempt_count=0
      YlogSender-196   [001] ....   131.547552: schedule: start disable: preempt_count()=0
      YlogSender-196   [001] ...1   131.547553: schedule: preempt_disable func time=0.000653ms
      YlogSender-196   [001] ...1   131.547554: __schedule: __schedule_1 prev=YlogSender,prev_pid=196,preempt=0,preempt_count=1
      YlogSender-196   [001] d..2   131.547556: sched_switch: prev_comm=YlogSender prev_pid=196 prev_prio=120 prev_state=D ==> next_comm=swapper/1 next_pid=0 next_prio=120
          <idle>-0     [001] ...1   131.547561: __schedule: __schedule_2 prev=swapper/1,prev_pid=0,next=YlogSender,next_pid=196,preempt_count=1
          <idle>-0     [001] ...1   131.547562: schedule_idle: exit_schedule_idle: preempt_count=1
          <idle>-0     [000] .n.1   131.570040: schedule_idle: enter_schedule_idle: preempt_count=1
          <idle>-0     [000] .n.1   131.570042: __schedule: __schedule_1 prev=swapper/0,prev_pid=0,preempt=0,preempt_count=1
          <idle>-0     [000] d..2   131.570046: sched_switch: prev_comm=swapper/0 prev_pid=0 prev_prio=120 prev_state=S ==> next_comm=ylog.logmonitor next_pid=241 next_prio=120
 ylog.logmonitor-241   [000] ...1   131.570051: __schedule: __schedule_2 prev=ylog.logmonitor,prev_pid=241,next=logd.writer,next_pid=198,preempt_count=1
 ylog.logmonitor-241   [000] ...1   131.570053: schedule: __schedule func 2000.080569ms
 ylog.logmonitor-241   [000] ....   131.570055: schedule: sched_preempt_enable_no_resched func 0.001808ms
 ylog.logmonitor-241   [000] ....   131.570056: schedule: sched_preempt_enable_no_resched func preempt_count=0
 ylog.logmonitor-241   [000] ....   131.570172: schedule: start disable: preempt_count()=0
 ylog.logmonitor-241   [000] ...1   131.570174: schedule: preempt_disable func time=0.001846ms
 ylog.logmonitor-241   [000] ...1   131.570176: __schedule: __schedule_1 prev=ylog.logmonitor,prev_pid=241,preempt=0,preempt_count=1
 ylog.logmonitor-241   [000] d..2   131.570181: sched_switch: prev_comm=ylog.logmonitor prev_pid=241 prev_prio=120 prev_state=D ==> next_comm=logd.writer next_pid=198 next_prio=130
     logd.writer-198   [000] ...1   131.570184: __schedule: __schedule_2 prev=logd.writer,prev_pid=198,next=swapper/0,next_pid=0,preempt_count=1
     logd.writer-198   [000] ...1   131.570185: schedule: __schedule func 51.254730ms
     logd.writer-198   [000] ....   131.570187: schedule: sched_preempt_enable_no_resched func 0.001269ms
     logd.writer-198   [000] ....   131.570188: schedule: sched_preempt_enable_no_resched func preempt_count=0
          <idle>-0     [001] .n.1   131.570283: schedule_idle: enter_schedule_idle: preempt_count=1
          <idle>-0     [001] .n.1   131.570284: __schedule: __schedule_1 prev=swapper/1,prev_pid=0,preempt=0,preempt_count=1
          <idle>-0     [001] d..2   131.570285: sched_switch: prev_comm=swapper/1 prev_pid=0 prev_prio=120 prev_state=S ==> next_comm=logd.reader.per next_pid=1108 next_prio=130
     logd.writer-198   [000] ....   131.570286: schedule: start disable: preempt_count()=0
 logd.reader.per-1108  [001] ...1   131.570287: __schedule: __schedule_2 prev=logd.reader.per,prev_pid=1108,next=swapper/1,next_pid=0,preempt_count=1
 logd.reader.per-1108  [001] ...1   131.570287: schedule: __schedule func 51.343384ms
     logd.writer-198   [000] ...1   131.570287: schedule: preempt_disable func time=0.001692ms
 logd.reader.per-1108  [001] ....   131.570288: schedule: sched_preempt_enable_no_resched func 0.000615ms
 logd.reader.per-1108  [001] ....   131.570289: schedule: sched_preempt_enable_no_resched func preempt_count=0
     logd.writer-198   [000] ...1   131.570289: __schedule: __schedule_1 prev=logd.writer,prev_pid=198,preempt=0,preempt_count=1
     logd.writer-198   [000] d..2   131.570296: sched_switch: prev_comm=logd.writer prev_pid=198 prev_prio=130 prev_state=D ==> next_comm=swapper/0 next_pid=0 next_prio=120
          <idle>-0     [000] ...1   131.570299: __schedule: __schedule_2 prev=swapper/0,prev_pid=0,next=ylog.logmonitor,next_pid=241,preempt_count=1
          <idle>-0     [000] ...1   131.570300: schedule_idle: exit_schedule_idle: preempt_count=1
 logd.reader.per-1108  [001] .n.1   131.570324: __schedule: __schedule_1 prev=logd.reader.per,prev_pid=1108,preempt=1,preempt_count=1
 logd.reader.per-1108  [001] d..2   131.570326: sched_switch: prev_comm=logd.reader.per prev_pid=1108 prev_prio=130 prev_state=R+ ==> next_comm=collect_apr next_pid=1103 next_prio=120
     collect_apr-1103  [001] ...1   131.570330: __schedule: __schedule_2 prev=collect_apr,prev_pid=1103,next=logd.reader.per,next_pid=1108,preempt_count=1
     collect_apr-1103  [001] ...1   131.570331: schedule: __schedule func 1553.055186ms
     collect_apr-1103  [001] ....   131.570332: schedule: sched_preempt_enable_no_resched func 0.000731ms
     collect_apr-1103  [001] ....   131.570332: schedule: sched_preempt_enable_no_resched func preempt_count=0
     collect_apr-1103  [001] ....   131.570364: schedule: start disable: preempt_count()=0
     collect_apr-1103  [001] ...1   131.570365: schedule: preempt_disable func time=0.000731ms
     collect_apr-1103  [001] ...1   131.570366: __schedule: __schedule_1 prev=collect_apr,prev_pid=1103,preempt=0,preempt_count=1
     collect_apr-1103  [001] d..2   131.570369: sched_switch: prev_comm=collect_apr prev_pid=1103 prev_prio=120 prev_state=D ==> next_comm=logd.reader.per next_pid=1108 next_prio=130
 logd.reader.per-1108  [001] ...1   131.570371: __schedule: __schedule_2 prev=logd.reader.per,prev_pid=1108,next=collect_apr,next_pid=1103,preempt_count=1
 logd.reader.per-1108  [001] ....   131.570382: schedule: start disable: preempt_count()=0
 logd.reader.per-1108  [001] ...1   131.570383: schedule: preempt_disable func time=0.000769ms
 logd.reader.per-1108  [001] ...1   131.570384: __schedule: __schedule_1 prev=logd.reader.per,prev_pid=1108,preempt=0,preempt_count=1
 logd.reader.per-1108  [001] d..2   131.570388: sched_switch: prev_comm=logd.reader.per prev_pid=1108 prev_prio=130 prev_state=D ==> next_comm=swapper/1 next_pid=0 next_prio=120
          <idle>-0     [001] ...1   131.570391: __schedule: __schedule_2 prev=swapper/1,prev_pid=0,next=logd.reader.per,next_pid=1108,preempt_count=1
          <idle>-0     [001] ...1   131.570392: schedule_idle: exit_schedule_idle: preempt_count=1
          <idle>-0     [000] .n.1   131.581912: schedule_idle: enter_schedule_idle: preempt_count=1
          <idle>-0     [000] .n.1   131.581914: __schedule: __schedule_1 prev=swapper/0,prev_pid=0,preempt=0,preempt_count=1
          <idle>-0     [000] d..2   131.581918: sched_switch: prev_comm=swapper/0 prev_pid=0 prev_prio=120 prev_state=S ==> next_comm=pvr_cacheop next_pid=204 next_prio=100
     pvr_cacheop-204   [000] ...1   131.581922: __schedule: __schedule_2 prev=pvr_cacheop,prev_pid=204,next=kworker/0:1,next_pid=21,preempt_count=1
     pvr_cacheop-204   [000] ...1   131.581924: schedule: __schedule func 511.976768ms
     pvr_cacheop-204   [000] ....   131.581926: schedule: sched_preempt_enable_no_resched func 0.002230ms
     pvr_cacheop-204   [000] ....   131.581927: schedule: sched_preempt_enable_no_resched func preempt_count=0
     pvr_cacheop-204   [000] ....   131.581939: schedule: start disable: preempt_count()=0
     pvr_cacheop-204   [000] ...1   131.581940: schedule: preempt_disable func time=0.001039ms
     pvr_cacheop-204   [000] ...1   131.581941: __schedule: __schedule_1 prev=pvr_cacheop,prev_pid=204,preempt=0,preempt_count=1
     pvr_cacheop-204   [000] d..2   131.581950: sched_switch: prev_comm=pvr_cacheop prev_pid=204 prev_prio=100 prev_state=D ==> next_comm=swapper/0 next_pid=0 next_prio=120
          <idle>-0     [000] ...1   131.581952: __schedule: __schedule_2 prev=swapper/0,prev_pid=0,next=pvr_cacheop,next_pid=204,preempt_count=1
          <idle>-0     [000] ...1   131.581953: schedule_idle: exit_schedule_idle: preempt_count=1
          <idle>-0     [001] .n.1   131.605103: schedule_idle: enter_schedule_idle: preempt_count=1
          <idle>-0     [001] .n.1   131.605103: __schedule: __schedule_1 prev=swapper/1,prev_pid=0,preempt=0,preempt_count=1
          <idle>-0     [001] d..2   131.605105: sched_switch: prev_comm=swapper/1 prev_pid=0 prev_prio=120 prev_state=S ==> next_comm=sgm.cpu_memory next_pid=465 next_prio=120
  sgm.cpu_memory-465   [001] ...1   131.605109: __schedule: __schedule_2 prev=sgm.cpu_memory,prev_pid=465,next=swapper/1,next_pid=0,preempt_count=1
  sgm.cpu_memory-465   [001] ...1   131.605111: schedule: __schedule func 1000.066073ms
  sgm.cpu_memory-465   [001] ....   131.605112: schedule: sched_preempt_enable_no_resched func 0.001000ms
  sgm.cpu_memory-465   [001] ....   131.605112: schedule: sched_preempt_enable_no_resched func preempt_count=0
          <idle>-0     [000] .n.1   131.605155: schedule_idle: enter_schedule_idle: preempt_count=1
          <idle>-0     [000] .n.1   131.605157: __schedule: __schedule_1 prev=swapper/0,prev_pid=0,preempt=0,preempt_count=1
          <idle>-0     [000] d..2   131.605160: sched_switch: prev_comm=swapper/0 prev_pid=0 prev_prio=120 prev_state=S ==> next_comm=ylog.rdsgm.cpu_ next_pid=292 next_prio=120
 ylog.rdsgm.cpu_-292   [000] ...1   131.605164: __schedule: __schedule_2 prev=ylog.rdsgm.cpu_,prev_pid=292,next=swapper/0,next_pid=0,preempt_count=1
 ylog.rdsgm.cpu_-292   [000] ...1   131.605166: schedule: __schedule func 1000.092457ms
 ylog.rdsgm.cpu_-292   [000] ....   131.605168: schedule: sched_preempt_enable_no_resched func 0.001154ms
 ylog.rdsgm.cpu_-292   [000] ....   131.605169: schedule: sched_preempt_enable_no_resched func preempt_count=0
 ylog.rdsgm.cpu_-292   [000] ....   131.605209: schedule: start disable: preempt_count()=0
 ylog.rdsgm.cpu_-292   [000] ...1   131.605211: schedule: preempt_disable func time=0.001462ms
 ylog.rdsgm.cpu_-292   [000] ...1   131.605212: __schedule: __schedule_1 prev=ylog.rdsgm.cpu_,prev_pid=292,preempt=0,preempt_count=1
 ylog.rdsgm.cpu_-292   [000] d..2   131.605215: sched_switch: prev_comm=ylog.rdsgm.cpu_ prev_pid=292 prev_prio=120 prev_state=D ==> next_comm=swapper/0 next_pid=0 next_prio=120
          <idle>-0     [000] ...1   131.605218: __schedule: __schedule_2 prev=swapper/0,prev_pid=0,next=ylog.rdsgm.cpu_,next_pid=292,preempt_count=1
          <idle>-0     [000] ...1   131.605218: schedule_idle: exit_schedule_idle: preempt_count=1
          <idle>-0     [000] .n.1   131.605350: schedule_idle: enter_schedule_idle: preempt_count=1
          <idle>-0     [000] .n.1   131.605352: __schedule: __schedule_1 prev=swapper/0,prev_pid=0,preempt=0,preempt_count=1
          <idle>-0     [000] d..2   131.605353: sched_switch: prev_comm=swapper/0 prev_pid=0 prev_prio=120 prev_state=S ==> next_comm=ylog.rdsgm.cpu_ next_pid=292 next_prio=120
 ylog.rdsgm.cpu_-292   [000] ...1   131.605356: __schedule: __schedule_2 prev=ylog.rdsgm.cpu_,prev_pid=292,next=swapper/0,next_pid=0,preempt_count=1
 ylog.rdsgm.cpu_-292   [000] ...1   131.605357: schedule: __schedule func 0.146038ms
 ylog.rdsgm.cpu_-292   [000] ....   131.605358: schedule: sched_preempt_enable_no_resched func 0.001154ms
 ylog.rdsgm.cpu_-292   [000] ....   131.605359: schedule: sched_preempt_enable_no_resched func preempt_count=0
 ylog.rdsgm.cpu_-292   [000] ....   131.605366: schedule: start disable: preempt_count()=0
 ylog.rdsgm.cpu_-292   [000] ...1   131.605367: schedule: preempt_disable func time=0.001154ms
 ylog.rdsgm.cpu_-292   [000] ...1   131.605368: __schedule: __schedule_1 prev=ylog.rdsgm.cpu_,prev_pid=292,preempt=0,preempt_count=1
 ylog.rdsgm.cpu_-292   [000] d..2   131.605371: sched_switch: prev_comm=ylog.rdsgm.cpu_ prev_pid=292 prev_prio=120 prev_state=D ==> next_comm=swapper/0 next_pid=0 next_prio=120
          <idle>-0     [000] ...1   131.605373: __schedule: __schedule_2 prev=swapper/0,prev_pid=0,next=ylog.rdsgm.cpu_,next_pid=292,preempt_count=1
          <idle>-0     [000] ...1   131.605374: schedule_idle: exit_schedule_idle: preempt_count=1
          <idle>-0     [000] .n.1   131.605414: schedule_idle: enter_schedule_idle: preempt_count=1
          <idle>-0     [000] .n.1   131.605415: __schedule: __schedule_1 prev=swapper/0,prev_pid=0,preempt=0,preempt_count=1
          <idle>-0     [000] d..2   131.605417: sched_switch: prev_comm=swapper/0 prev_pid=0 prev_prio=120 prev_state=S ==> next_comm=ylog.rdsgm.cpu_ next_pid=292 next_prio=120
 ylog.rdsgm.cpu_-292   [000] ...1   131.605419: __schedule: __schedule_2 prev=ylog.rdsgm.cpu_,prev_pid=292,next=swapper/0,next_pid=0,preempt_count=1
 ylog.rdsgm.cpu_-292   [000] ...1   131.605420: schedule: __schedule func 0.053423ms
 ylog.rdsgm.cpu_-292   [000] ....   131.605422: schedule: sched_preempt_enable_no_resched func 0.001077ms
 ylog.rdsgm.cpu_-292   [000] ....   131.605423: schedule: sched_preempt_enable_no_resched func preempt_count=0
 ylog.rdsgm.cpu_-292   [000] ....   131.605429: schedule: start disable: preempt_count()=0
 ylog.rdsgm.cpu_-292   [000] ...1   131.605431: schedule: preempt_disable func time=0.001115ms
 ylog.rdsgm.cpu_-292   [000] ...1   131.605432: __schedule: __schedule_1 prev=ylog.rdsgm.cpu_,prev_pid=292,preempt=0,preempt_count=1
 ylog.rdsgm.cpu_-292   [000] d..2   131.605434: sched_switch: prev_comm=ylog.rdsgm.cpu_ prev_pid=292 prev_prio=120 prev_state=D ==> next_comm=swapper/0 next_pid=0 next_prio=120
          <idle>-0     [000] ...1   131.605436: __schedule: __schedule_2 prev=swapper/0,prev_pid=0,next=ylog.rdsgm.cpu_,next_pid=292,preempt_count=1
          <idle>-0     [000] ...1   131.605437: schedule_idle: exit_schedule_idle: preempt_count=1
          <idle>-0     [000] .n.1   131.605454: schedule_idle: enter_schedule_idle: preempt_count=1
          <idle>-0     [000] .n.1   131.605455: __schedule: __schedule_1 prev=swapper/0,prev_pid=0,preempt=0,preempt_count=1
          <idle>-0     [000] d..2   131.605457: sched_switch: prev_comm=swapper/0 prev_pid=0 prev_prio=120 prev_state=S ==> next_comm=ylog.rdsgm.cpu_ next_pid=292 next_prio=120
 ylog.rdsgm.cpu_-292   [000] ...1   131.605459: __schedule: __schedule_2 prev=ylog.rdsgm.cpu_,prev_pid=292,next=swapper/0,next_pid=0,preempt_count=1
 ylog.rdsgm.cpu_-292   [000] ...1   131.605460: schedule: __schedule func 0.029231ms
 ylog.rdsgm.cpu_-292   [000] ....   131.605461: schedule: sched_preempt_enable_no_resched func 0.001154ms
 ylog.rdsgm.cpu_-292   [000] ....   131.605462: schedule: sched_preempt_enable_no_resched func preempt_count=0
 ylog.rdsgm.cpu_-292   [000] ....   131.605468: schedule: start disable: preempt_count()=0
 ylog.rdsgm.cpu_-292   [000] ...1   131.605470: schedule: preempt_disable func time=0.001116ms
 ylog.rdsgm.cpu_-292   [000] ...1   131.605471: __schedule: __schedule_1 prev=ylog.rdsgm.cpu_,prev_pid=292,preempt=0,preempt_count=1
 ylog.rdsgm.cpu_-292   [000] d..2   131.605474: sched_switch: prev_comm=ylog.rdsgm.cpu_ prev_pid=292 prev_prio=120 prev_state=D ==> next_comm=swapper/0 next_pid=0 next_prio=120
          <idle>-0     [000] ...1   131.605476: __schedule: __schedule_2 prev=swapper/0,prev_pid=0,next=ylog.rdsgm.cpu_,next_pid=292,preempt_count=1
          <idle>-0     [000] ...1   131.605477: schedule_idle: exit_schedule_idle: preempt_count=1
          <idle>-0     [000] .n.1   131.605487: schedule_idle: enter_schedule_idle: preempt_count=1
          <idle>-0     [000] .n.1   131.605489: __schedule: __schedule_1 prev=swapper/0,prev_pid=0,preempt=0,preempt_count=1
          <idle>-0     [000] d..2   131.605490: sched_switch: prev_comm=swapper/0 prev_pid=0 prev_prio=120 prev_state=S ==> next_comm=ylog.rdsgm.cpu_ next_pid=292 next_prio=120
 ylog.rdsgm.cpu_-292   [000] ...1   131.605493: __schedule: __schedule_2 prev=ylog.rdsgm.cpu_,prev_pid=292,next=swapper/0,next_pid=0,preempt_count=1
 ylog.rdsgm.cpu_-292   [000] ...1   131.605494: schedule: __schedule func 0.024808ms
 ylog.rdsgm.cpu_-292   [000] ....   131.605496: schedule: sched_preempt_enable_no_resched func 0.001076ms
 ylog.rdsgm.cpu_-292   [000] ....   131.605496: schedule: sched_preempt_enable_no_resched func preempt_count=0
 ylog.rdsgm.cpu_-292   [000] ....   131.605502: schedule: start disable: preempt_count()=0
 ylog.rdsgm.cpu_-292   [000] ...1   131.605503: schedule: preempt_disable func time=0.001039ms
 ylog.rdsgm.cpu_-292   [000] ...1   131.605504: __schedule: __schedule_1 prev=ylog.rdsgm.cpu_,prev_pid=292,preempt=0,preempt_count=1
 ylog.rdsgm.cpu_-292   [000] d..2   131.605506: sched_switch: prev_comm=ylog.rdsgm.cpu_ prev_pid=292 prev_prio=120 prev_state=D ==> next_comm=swapper/0 next_pid=0 next_prio=120
          <idle>-0     [000] ...1   131.605508: __schedule: __schedule_2 prev=swapper/0,prev_pid=0,next=ylog.rdsgm.cpu_,next_pid=292,preempt_count=1
          <idle>-0     [000] ...1   131.605509: schedule_idle: exit_schedule_idle: preempt_count=1
          <idle>-0     [000] .n.1   131.605519: schedule_idle: enter_schedule_idle: preempt_count=1
          <idle>-0     [000] .n.1   131.605520: __schedule: __schedule_1 prev=swapper/0,prev_pid=0,preempt=0,preempt_count=1
          <idle>-0     [000] d..2   131.605522: sched_switch: prev_comm=swapper/0 prev_pid=0 prev_prio=120 prev_state=S ==> next_comm=ylog.rdsgm.cpu_ next_pid=292 next_prio=120
 ylog.rdsgm.cpu_-292   [000] ...1   131.605524: __schedule: __schedule_2 prev=ylog.rdsgm.cpu_,prev_pid=292,next=swapper/0,next_pid=0,preempt_count=1
 ylog.rdsgm.cpu_-292   [000] ...1   131.605525: schedule: __schedule func 0.022461ms
 ylog.rdsgm.cpu_-292   [000] ....   131.605526: schedule: sched_preempt_enable_no_resched func 0.001154ms
 ylog.rdsgm.cpu_-292   [000] ....   131.605528: schedule: sched_preempt_enable_no_resched func preempt_count=0
 ylog.rdsgm.cpu_-292   [000] ....   131.605534: schedule: start disable: preempt_count()=0
