 f2fs_discard-25-280   [001] ...1   100.141050: __schedule: __schedule_1 prev=f2fs_discard-25,prev_pid=280,preempt=0,preempt_count=1
         mmcqd/0-197   [000] ....   100.141066: schedule: start disable: preempt_count()=0
         mmcqd/0-197   [000] ...1   100.141070: schedule: preempt_disable func time=0.004115ms
         mmcqd/0-197   [000] ...1   100.141082: __schedule: __schedule_1 prev=mmcqd/0,prev_pid=197,preempt=0,preempt_count=1
 f2fs_discard-25-280   [001] d..3   100.141090: sched_switch: prev_comm=f2fs_discard-25 prev_pid=280 prev_prio=120 prev_state=S ==> next_comm=swapper/1 next_pid=0 next_prio=120
         mmcqd/0-197   [000] d..3   100.141095: sched_switch: prev_comm=mmcqd/0 prev_pid=197 prev_prio=98 prev_state=S ==> next_comm=kworker/0:1H next_pid=255 next_prio=100
          <idle>-0     [001] ...1   100.141096: __schedule: __schedule_2 prev=swapper/1,prev_pid=0,next=f2fs_discard-25,next_pid=280,preempt_count=1
          <idle>-0     [001] ...1   100.141099: schedule: preempt_disable func time=0.111846ms
          <idle>-0     [001] ...1   100.141102: __schedule: __schedule_1 prev=swapper/1,prev_pid=0,preempt=0,preempt_count=1
    kworker/0:1H-255   [000] ...1   100.141103: __schedule: __schedule_2 prev=kworker/0:1H,prev_pid=255,next=swapper/0,next_pid=0,preempt_count=1
    kworker/0:1H-255   [000] ...1   100.141105: schedule: __schedule func 51.963500ms
    kworker/0:1H-255   [000] ....   100.141108: schedule: sched_preempt_enable_no_resched func 0.003039ms
    kworker/0:1H-255   [000] ....   100.141109: schedule: sched_preempt_enable_no_resched func preempt_count=0
          <idle>-0     [001] ...1   100.141119: __schedule: __schedule_2 prev=swapper/1,prev_pid=0,next=swapper/1,next_pid=0,preempt_count=1
          <idle>-0     [001] ...1   100.141121: schedule: __schedule func 0.021270ms
          <idle>-0     [001] ....   100.141124: schedule: sched_preempt_enable_no_resched func 0.003038ms
          <idle>-0     [001] .n.1   100.141127: __schedule: __schedule_1 prev=swapper/1,prev_pid=0,preempt=1,preempt_count=1
          <idle>-0     [001] d..3   100.141133: sched_switch: prev_comm=swapper/1 prev_pid=0 prev_prio=120 prev_state=R+ ==> next_comm=mmcqd/0 next_pid=197 next_prio=98
    kworker/0:1H-255   [000] ....   100.141134: schedule: start disable: preempt_count()=0
    kworker/0:1H-255   [000] ...1   100.141137: schedule: preempt_disable func time=0.002769ms
         mmcqd/0-197   [001] ...1   100.141139: __schedule: __schedule_2 prev=mmcqd/0,prev_pid=197,next=kworker/0:1H,next_pid=255,preempt_count=1
    kworker/0:1H-255   [000] ...1   100.141140: __schedule: __schedule_1 prev=kworker/0:1H,prev_pid=255,preempt=0,preempt_count=1
         mmcqd/0-197   [001] ...1   100.141141: schedule: __schedule func 0.072039ms
         mmcqd/0-197   [001] ....   100.141144: schedule: sched_preempt_enable_no_resched func 0.002500ms
         mmcqd/0-197   [001] ....   100.141146: schedule: sched_preempt_enable_no_resched func preempt_count=0
         mmcqd/0-197   [001] ....   100.141156: schedule: start disable: preempt_count()=0
         mmcqd/0-197   [001] ...1   100.141159: schedule: preempt_disable func time=0.002885ms
         mmcqd/0-197   [001] ...1   100.141162: __schedule: __schedule_1 prev=mmcqd/0,prev_pid=197,preempt=0,preempt_count=1
    kworker/0:1H-255   [000] d..3   100.141164: sched_switch: prev_comm=kworker/0:1H prev_pid=255 prev_prio=100 prev_state=S ==> next_comm=swapper/0 next_pid=0 next_prio=120
          <idle>-0     [000] ...1   100.141170: __schedule: __schedule_2 prev=swapper/0,prev_pid=0,next=mmcqd/0,next_pid=197,preempt_count=1
          <idle>-0     [000] ....   100.141173: schedule: sched_preempt_enable_no_resched func preempt_count=0
          <idle>-0     [000] ...1   100.141175: schedule_preempt_disabled: exit schedule_preempt_disabled: preempt_count=1
         mmcqd/0-197   [001] d..3   100.141182: sched_switch: prev_comm=mmcqd/0 prev_pid=197 prev_prio=98 prev_state=S ==> next_comm=swapper/1 next_pid=0 next_prio=120
          <idle>-0     [001] ...1   100.141189: __schedule: __schedule_2 prev=swapper/1,prev_pid=0,next=mmcqd/0,next_pid=197,preempt_count=1
          <idle>-0     [001] ....   100.141191: schedule: sched_preempt_enable_no_resched func preempt_count=0
          <idle>-0     [001] ...1   100.141193: schedule_preempt_disabled: exit schedule_preempt_disabled: preempt_count=1
          <idle>-0     [002] .n.1   100.141449: schedule_preempt_disabled: enter schedule_preempt_disabled: preempt_count=1
          <idle>-0     [002] .n..   100.141465: schedule: start disable: preempt_count()=0
          <idle>-0     [002] .n.1   100.141469: __schedule: __schedule_1 prev=swapper/2,prev_pid=0,preempt=1,preempt_count=1
          <idle>-0     [002] d..3   100.141475: sched_switch: prev_comm=swapper/2 prev_pid=0 prev_prio=120 prev_state=R+ ==> next_comm=sugov:0 next_pid=181 next_prio=49
         sugov:0-181   [002] ...1   100.141482: __schedule: __schedule_2 prev=sugov:0,prev_pid=181,next=swapper/0,next_pid=0,preempt_count=1
         sugov:0-181   [002] ...1   100.141485: schedule: __schedule func 46.610346ms
         sugov:0-181   [002] ....   100.141488: schedule: sched_preempt_enable_no_resched func 0.002807ms
         sugov:0-181   [002] ....   100.141489: schedule: sched_preempt_enable_no_resched func preempt_count=0
          <idle>-0     [000] .n.1   100.141500: schedule_preempt_disabled: enter schedule_preempt_disabled: preempt_count=1
          <idle>-0     [000] .n..   100.141503: schedule: start disable: preempt_count()=0
          <idle>-0     [000] .n.1   100.141506: __schedule: __schedule_1 prev=swapper/0,prev_pid=0,preempt=1,preempt_count=1
          <idle>-0     [000] d..3   100.141513: sched_switch: prev_comm=swapper/0 prev_pid=0 prev_prio=120 prev_state=R+ ==> next_comm=sugov_perf:0 next_pid=182 next_prio=120
    sugov_perf:0-182   [000] ...1   100.141519: __schedule: __schedule_2 prev=sugov_perf:0,prev_pid=182,next=swapper/0,next_pid=0,preempt_count=1
    sugov_perf:0-182   [000] ...1   100.141522: schedule: __schedule func 51.984269ms
    sugov_perf:0-182   [000] ....   100.141524: schedule: sched_preempt_enable_no_resched func 0.002769ms
    sugov_perf:0-182   [000] ....   100.141526: schedule: sched_preempt_enable_no_resched func preempt_count=0
    sugov_perf:0-182   [000] ....   100.141528: schedule: start disable: preempt_count()=0
    sugov_perf:0-182   [000] ...1   100.141531: schedule: preempt_disable func time=0.002308ms
    sugov_perf:0-182   [000] ...1   100.141533: __schedule: __schedule_1 prev=sugov_perf:0,prev_pid=182,preempt=0,preempt_count=1
    sugov_perf:0-182   [000] d..3   100.141554: sched_switch: prev_comm=sugov_perf:0 prev_pid=182 prev_prio=120 prev_state=S ==> next_comm=swapper/0 next_pid=0 next_prio=120
         sugov:0-181   [002] ....   100.141558: schedule: start disable: preempt_count()=0
          <idle>-0     [000] ...1   100.141560: __schedule: __schedule_2 prev=swapper/0,prev_pid=0,next=sugov_perf:0,next_pid=182,preempt_count=1
          <idle>-0     [000] ...1   100.141563: schedule: preempt_disable func time=0.060115ms
          <idle>-0     [000] ...1   100.141566: __schedule: __schedule_1 prev=swapper/0,prev_pid=0,preempt=0,preempt_count=1
         sugov:0-181   [002] ...1   100.141575: schedule: preempt_disable func time=0.002808ms
         sugov:0-181   [002] ...1   100.141578: __schedule: __schedule_1 prev=sugov:0,prev_pid=181,preempt=0,preempt_count=1
          <idle>-0     [000] ...1   100.141582: __schedule: __schedule_2 prev=swapper/0,prev_pid=0,next=swapper/0,next_pid=0,preempt_count=1
          <idle>-0     [000] ...1   100.141584: schedule: __schedule func 0.021577ms
          <idle>-0     [000] ....   100.141587: schedule: sched_preempt_enable_no_resched func 0.002693ms
          <idle>-0     [000] ....   100.141589: schedule: sched_preempt_enable_no_resched func preempt_count=0
          <idle>-0     [000] ...1   100.141591: schedule_preempt_disabled: exit schedule_preempt_disabled: preempt_count=1
         sugov:0-181   [002] d..3   100.141610: sched_switch: prev_comm=sugov:0 prev_pid=181 prev_prio=49 prev_state=S ==> next_comm=swapper/2 next_pid=0 next_prio=120
          <idle>-0     [002] ...1   100.141620: __schedule: __schedule_2 prev=swapper/2,prev_pid=0,next=sugov:0,next_pid=181,preempt_count=1
          <idle>-0     [002] ...1   100.141623: schedule: preempt_disable func time=0.157346ms
          <idle>-0     [002] ...1   100.141626: __schedule: __schedule_1 prev=swapper/2,prev_pid=0,preempt=0,preempt_count=1
          <idle>-0     [002] ...1   100.141643: __schedule: __schedule_2 prev=swapper/2,prev_pid=0,next=swapper/2,next_pid=0,preempt_count=1
          <idle>-0     [002] ...1   100.141652: schedule: __schedule func 0.029385ms
          <idle>-0     [002] ....   100.141655: schedule: sched_preempt_enable_no_resched func 0.002692ms
          <idle>-0     [002] ....   100.141657: schedule: sched_preempt_enable_no_resched func preempt_count=0
          <idle>-0     [002] ...1   100.141659: schedule_preempt_disabled: exit schedule_preempt_disabled: preempt_count=1
          <idle>-0     [000] .n.1   100.146808: schedule_preempt_disabled: enter schedule_preempt_disabled: preempt_count=1
          <idle>-0     [000] .n..   100.146810: schedule: start disable: preempt_count()=0
          <idle>-0     [000] .n.1   100.146813: __schedule: __schedule_1 prev=swapper/0,prev_pid=0,preempt=1,preempt_count=1
          <idle>-0     [000] d..3   100.146815: sched_switch: prev_comm=swapper/0 prev_pid=0 prev_prio=120 prev_state=R+ ==> next_comm=sugov:0 next_pid=181 next_prio=49
         sugov:0-181   [000] ...1   100.146820: __schedule: __schedule_2 prev=sugov:0,prev_pid=181,next=swapper/2,next_pid=0,preempt_count=1
         sugov:0-181   [000] ...1   100.146822: schedule: __schedule func 5.261423ms
         sugov:0-181   [000] ....   100.146823: schedule: sched_preempt_enable_no_resched func 0.001730ms
         sugov:0-181   [000] ....   100.146825: schedule: sched_preempt_enable_no_resched func preempt_count=0
         sugov:0-181   [000] ....   100.146870: schedule: start disable: preempt_count()=0
         sugov:0-181   [000] ...1   100.146885: schedule: preempt_disable func time=0.014846ms
         sugov:0-181   [000] ...1   100.146888: __schedule: __schedule_1 prev=sugov:0,prev_pid=181,preempt=0,preempt_count=1
         sugov:0-181   [000] d..3   100.146920: sched_switch: prev_comm=sugov:0 prev_pid=181 prev_prio=49 prev_state=S ==> next_comm=swapper/0 next_pid=0 next_prio=120
          <idle>-0     [000] ...1   100.146937: __schedule: __schedule_2 prev=swapper/0,prev_pid=0,next=sugov:0,next_pid=181,preempt_count=1
          <idle>-0     [000] ...1   100.146940: schedule: preempt_disable func time=0.129692ms
          <idle>-0     [000] ...1   100.146943: __schedule: __schedule_1 prev=swapper/0,prev_pid=0,preempt=0,preempt_count=1
          <idle>-0     [000] ...1   100.146959: __schedule: __schedule_2 prev=swapper/0,prev_pid=0,next=swapper/0,next_pid=0,preempt_count=1
          <idle>-0     [000] ...1   100.146962: schedule: __schedule func 0.021692ms
          <idle>-0     [000] ....   100.146975: schedule: sched_preempt_enable_no_resched func 0.013000ms
          <idle>-0     [000] ....   100.146977: schedule: sched_preempt_enable_no_resched func preempt_count=0
          <idle>-0     [000] ...1   100.146979: schedule_preempt_disabled: exit schedule_preempt_disabled: preempt_count=1
          <idle>-0     [001] .n.1   100.147410: schedule_preempt_disabled: enter schedule_preempt_disabled: preempt_count=1
          <idle>-0     [001] .n..   100.147427: schedule: start disable: preempt_count()=0
          <idle>-0     [001] .n.1   100.147431: __schedule: __schedule_1 prev=swapper/1,prev_pid=0,preempt=1,preempt_count=1
          <idle>-0     [001] d..3   100.147437: sched_switch: prev_comm=swapper/1 prev_pid=0 prev_prio=120 prev_state=R+ ==> next_comm=watchdog/1 next_pid=12 next_prio=0
      watchdog/1-12    [001] ...1   100.147446: __schedule: __schedule_2 prev=watchdog/1,prev_pid=12,next=swapper/1,next_pid=0,preempt_count=1
      watchdog/1-12    [001] ...1   100.147450: schedule: __schedule func 3999.504524ms
      watchdog/1-12    [001] ....   100.147452: schedule: sched_preempt_enable_no_resched func 0.003230ms
      watchdog/1-12    [001] ....   100.147455: schedule: sched_preempt_enable_no_resched func preempt_count=0
      watchdog/1-12    [001] ....   100.147462: schedule: start disable: preempt_count()=0
      watchdog/1-12    [001] ...1   100.147465: schedule: preempt_disable func time=0.003038ms
      watchdog/1-12    [001] ...1   100.147468: __schedule: __schedule_1 prev=watchdog/1,prev_pid=12,preempt=0,preempt_count=1
      watchdog/1-12    [001] d..3   100.147534: sched_switch: prev_comm=watchdog/1 prev_pid=12 prev_prio=0 prev_state=S ==> next_comm=swapper/1 next_pid=0 next_prio=120
          <idle>-0     [001] ...1   100.147540: __schedule: __schedule_2 prev=swapper/1,prev_pid=0,next=watchdog/1,next_pid=12,preempt_count=1
          <idle>-0     [001] ...1   100.147543: schedule: preempt_disable func time=0.115692ms
          <idle>-0     [001] ...1   100.147546: __schedule: __schedule_1 prev=swapper/1,prev_pid=0,preempt=0,preempt_count=1
          <idle>-0     [001] ...1   100.147561: __schedule: __schedule_2 prev=swapper/1,prev_pid=0,next=swapper/1,next_pid=0,preempt_count=1
          <idle>-0     [001] ...1   100.147564: schedule: __schedule func 0.020692ms
          <idle>-0     [001] ....   100.147566: schedule: sched_preempt_enable_no_resched func 0.002693ms
          <idle>-0     [001] ....   100.147568: schedule: sched_preempt_enable_no_resched func preempt_count=0
          <idle>-0     [001] ...1   100.147570: schedule_preempt_disabled: exit schedule_preempt_disabled: preempt_count=1
          <idle>-0     [000] .n.1   100.151424: schedule_preempt_disabled: enter schedule_preempt_disabled: preempt_count=1
          <idle>-0     [000] .n..   100.151427: schedule: start disable: preempt_count()=0
          <idle>-0     [000] .n.1   100.151430: __schedule: __schedule_1 prev=swapper/0,prev_pid=0,preempt=1,preempt_count=1
          <idle>-0     [000] d..3   100.151439: sched_switch: prev_comm=swapper/0 prev_pid=0 prev_prio=120 prev_state=R+ ==> next_comm=pvr_cacheop next_pid=304 next_prio=100
     pvr_cacheop-304   [000] ...1   100.151448: __schedule: __schedule_2 prev=pvr_cacheop,prev_pid=304,next=swapper/2,next_pid=0,preempt_count=1
     pvr_cacheop-304   [000] ...1   100.151451: schedule: __schedule func 500.072537ms
     pvr_cacheop-304   [000] ....   100.151454: schedule: sched_preempt_enable_no_resched func 0.002885ms
     pvr_cacheop-304   [000] ....   100.151456: schedule: sched_preempt_enable_no_resched func preempt_count=0
     pvr_cacheop-304   [000] ....   100.151481: schedule: start disable: preempt_count()=0
     pvr_cacheop-304   [000] ...1   100.151484: schedule: preempt_disable func time=0.004077ms
     pvr_cacheop-304   [000] ...1   100.151487: __schedule: __schedule_1 prev=pvr_cacheop,prev_pid=304,preempt=0,preempt_count=1
     pvr_cacheop-304   [000] d..3   100.151532: sched_switch: prev_comm=pvr_cacheop prev_pid=304 prev_prio=100 prev_state=S ==> next_comm=swapper/0 next_pid=0 next_prio=120
          <idle>-0     [000] ...1   100.151539: __schedule: __schedule_2 prev=swapper/0,prev_pid=0,next=pvr_cacheop,next_pid=304,preempt_count=1
          <idle>-0     [000] ...1   100.151542: schedule: preempt_disable func time=0.114192ms
          <idle>-0     [000] ...1   100.151544: __schedule: __schedule_1 prev=swapper/0,prev_pid=0,preempt=0,preempt_count=1
          <idle>-0     [000] ...1   100.151561: __schedule: __schedule_2 prev=swapper/0,prev_pid=0,next=swapper/0,next_pid=0,preempt_count=1
          <idle>-0     [000] ...1   100.151576: schedule: __schedule func 0.034270ms
          <idle>-0     [000] ....   100.151578: schedule: sched_preempt_enable_no_resched func 0.002692ms
          <idle>-0     [000] ....   100.151580: schedule: sched_preempt_enable_no_resched func preempt_count=0
          <idle>-0     [000] ...1   100.151582: schedule_preempt_disabled: exit schedule_preempt_disabled: preempt_count=1
          <idle>-0     [002] .n.1   100.163363: schedule_preempt_disabled: enter schedule_preempt_disabled: preempt_count=1
          <idle>-0     [002] .n..   100.163379: schedule: start disable: preempt_count()=0
          <idle>-0     [002] .n.1   100.163383: __schedule: __schedule_1 prev=swapper/2,prev_pid=0,preempt=1,preempt_count=1
          <idle>-0     [002] d..3   100.163388: sched_switch: prev_comm=swapper/2 prev_pid=0 prev_prio=120 prev_state=R+ ==> next_comm=watchdog/2 next_pid=17 next_prio=0
      watchdog/2-17    [002] ...1   100.163396: __schedule: __schedule_2 prev=watchdog/2,prev_pid=17,next=swapper/2,next_pid=0,preempt_count=1
      watchdog/2-17    [002] ...1   100.163400: schedule: __schedule func 3999.986600ms
      watchdog/2-17    [002] ....   100.163403: schedule: sched_preempt_enable_no_resched func 0.003115ms
      watchdog/2-17    [002] ....   100.163404: schedule: sched_preempt_enable_no_resched func preempt_count=0
      watchdog/2-17    [002] ....   100.163412: schedule: start disable: preempt_count()=0
      watchdog/2-17    [002] ...1   100.163415: schedule: preempt_disable func time=0.002308ms
      watchdog/2-17    [002] ...1   100.163417: __schedule: __schedule_1 prev=watchdog/2,prev_pid=17,preempt=0,preempt_count=1
      watchdog/2-17    [002] d..3   100.163458: sched_switch: prev_comm=watchdog/2 prev_pid=17 prev_prio=0 prev_state=S ==> next_comm=swapper/2 next_pid=0 next_prio=120
          <idle>-0     [002] ...1   100.163464: __schedule: __schedule_2 prev=swapper/2,prev_pid=0,next=watchdog/2,next_pid=17,preempt_count=1
          <idle>-0     [002] ...1   100.163468: schedule: preempt_disable func time=0.088115ms
          <idle>-0     [002] ...1   100.163470: __schedule: __schedule_1 prev=swapper/2,prev_pid=0,preempt=0,preempt_count=1
          <idle>-0     [002] ...1   100.163487: __schedule: __schedule_2 prev=swapper/2,prev_pid=0,next=swapper/2,next_pid=0,preempt_count=1
          <idle>-0     [002] ...1   100.163489: schedule: __schedule func 0.021193ms
          <idle>-0     [002] ....   100.163491: schedule: sched_preempt_enable_no_resched func 0.002807ms
          <idle>-0     [002] ....   100.163493: schedule: sched_preempt_enable_no_resched func preempt_count=0
          <idle>-0     [002] ...1   100.163495: schedule_preempt_disabled: exit schedule_preempt_disabled: preempt_count=1
          <idle>-0     [003] .n.1   100.179359: schedule_preempt_disabled: enter schedule_preempt_disabled: preempt_count=1
          <idle>-0     [003] .n..   100.179364: schedule: start disable: preempt_count()=0
          <idle>-0     [003] .n.1   100.179368: __schedule: __schedule_1 prev=swapper/3,prev_pid=0,preempt=1,preempt_count=1
          <idle>-0     [003] d..3   100.179374: sched_switch: prev_comm=swapper/3 prev_pid=0 prev_prio=120 prev_state=R+ ==> next_comm=watchdog/3 next_pid=22 next_prio=0
      watchdog/3-22    [003] ...1   100.179384: __schedule: __schedule_2 prev=watchdog/3,prev_pid=22,next=swapper/3,next_pid=0,preempt_count=1
      watchdog/3-22    [003] ...1   100.179388: schedule: __schedule func 3999.959831ms
      watchdog/3-22    [003] ....   100.179393: schedule: sched_preempt_enable_no_resched func 0.003308ms
      watchdog/3-22    [003] ....   100.179395: schedule: sched_preempt_enable_no_resched func preempt_count=0
      watchdog/3-22    [003] ....   100.179402: schedule: start disable: preempt_count()=0
      watchdog/3-22    [003] ...1   100.179405: schedule: preempt_disable func time=0.002500ms
      watchdog/3-22    [003] ...1   100.179408: __schedule: __schedule_1 prev=watchdog/3,prev_pid=22,preempt=0,preempt_count=1
      watchdog/3-22    [003] d..3   100.179448: sched_switch: prev_comm=watchdog/3 prev_pid=22 prev_prio=0 prev_state=S ==> next_comm=swapper/3 next_pid=0 next_prio=120
          <idle>-0     [003] ...1   100.179455: __schedule: __schedule_2 prev=swapper/3,prev_pid=0,next=watchdog/3,next_pid=22,preempt_count=1
          <idle>-0     [003] ...1   100.179458: schedule: preempt_disable func time=0.093462ms
          <idle>-0     [003] ...1   100.179460: __schedule: __schedule_1 prev=swapper/3,prev_pid=0,preempt=0,preempt_count=1
          <idle>-0     [003] ...1   100.179482: __schedule: __schedule_2 prev=swapper/3,prev_pid=0,next=swapper/3,next_pid=0,preempt_count=1
          <idle>-0     [003] ...1   100.179484: schedule: __schedule func 0.026846ms
          <idle>-0     [003] ....   100.179487: schedule: sched_preempt_enable_no_resched func 0.002692ms
          <idle>-0     [003] ....   100.179489: schedule: sched_preempt_enable_no_resched func preempt_count=0
          <idle>-0     [003] ...1   100.179491: schedule_preempt_disabled: exit schedule_preempt_disabled: preempt_count=1
          <idle>-0     [000] .n.1   100.191595: schedule_preempt_disabled: enter schedule_preempt_disabled: preempt_count=1
          <idle>-0     [000] .n..   100.191599: schedule: start disable: preempt_count()=0
          <idle>-0     [000] .n.1   100.191603: __schedule: __schedule_1 prev=swapper/0,prev_pid=0,preempt=1,preempt_count=1
          <idle>-0     [000] d..3   100.191624: sched_switch: prev_comm=swapper/0 prev_pid=0 prev_prio=120 prev_state=R+ ==> next_comm=kworker/0:0 next_pid=4 next_prio=120
     kworker/0:0-4     [000] ...1   100.191632: __schedule: __schedule_2 prev=kworker/0:0,prev_pid=4,next=f2fs_discard-25,next_pid=280,preempt_count=1
     kworker/0:0-4     [000] ...1   100.191634: schedule: __schedule func 51.506654ms
     kworker/0:0-4     [000] ....   100.191637: schedule: sched_preempt_enable_no_resched func 0.002961ms
     kworker/0:0-4     [000] ....   100.191639: schedule: sched_preempt_enable_no_resched func preempt_count=0
     kworker/0:0-4     [000] ....   100.191685: schedule: start disable: preempt_count()=0
     kworker/0:0-4     [000] ...1   100.191688: schedule: preempt_disable func time=0.003385ms
     kworker/0:0-4     [000] ...1   100.191692: __schedule: __schedule_1 prev=kworker/0:0,prev_pid=4,preempt=0,preempt_count=1
     kworker/0:0-4     [000] d..3   100.191734: sched_switch: prev_comm=kworker/0:0 prev_pid=4 prev_prio=120 prev_state=S ==> next_comm=swapper/0 next_pid=0 next_prio=120
          <idle>-0     [000] ...1   100.191754: __schedule: __schedule_2 prev=swapper/0,prev_pid=0,next=kworker/0:0,next_pid=4,preempt_count=1
          <idle>-0     [000] ...1   100.191757: schedule: preempt_disable func time=0.157961ms
          <idle>-0     [000] ...1   100.191760: __schedule: __schedule_1 prev=swapper/0,prev_pid=0,preempt=0,preempt_count=1
          <idle>-0     [000] ...1   100.191788: __schedule: __schedule_2 prev=swapper/0,prev_pid=0,next=swapper/0,next_pid=0,preempt_count=1
          <idle>-0     [000] ...1   100.191791: schedule: __schedule func 0.033500ms
          <idle>-0     [000] ....   100.191793: schedule: sched_preempt_enable_no_resched func 0.002808ms
          <idle>-0     [000] ....   100.191795: schedule: sched_preempt_enable_no_resched func preempt_count=0
          <idle>-0     [000] ...1   100.191797: schedule_preempt_disabled: exit schedule_preempt_disabled: preempt_count=1
          <idle>-0     [000] .n.1   100.192057: schedule_preempt_disabled: enter schedule_preempt_disabled: preempt_count=1
          <idle>-0     [000] .n..   100.192061: schedule: start disable: preempt_count()=0
          <idle>-0     [000] .n.1   100.192063: __schedule: __schedule_1 prev=swapper/0,prev_pid=0,preempt=1,preempt_count=1
          <idle>-0     [000] d..3   100.192071: sched_switch: prev_comm=swapper/0 prev_pid=0 prev_prio=120 prev_state=R+ ==> next_comm=f2fs_discard-25 next_pid=280 next_prio=120
 f2fs_discard-25-280   [000] ...1   100.192079: __schedule: __schedule_2 prev=f2fs_discard-25,prev_pid=280,next=swapper/1,next_pid=0,preempt_count=1
 f2fs_discard-25-280   [000] ...1   100.192081: schedule: __schedule func 51.034038ms
 f2fs_discard-25-280   [000] ....   100.192084: schedule: sched_preempt_enable_no_resched func 0.002615ms
 f2fs_discard-25-280   [000] ....   100.192086: schedule: sched_preempt_enable_no_resched func preempt_count=0
          <idle>-0     [001] .n.1   100.192091: schedule_preempt_disabled: enter schedule_preempt_disabled: preempt_count=1
          <idle>-0     [001] .n..   100.192096: schedule: start disable: preempt_count()=0
          <idle>-0     [001] .n.1   100.192100: __schedule: __schedule_1 prev=swapper/1,prev_pid=0,preempt=1,preempt_count=1
          <idle>-0     [001] d..3   100.192110: sched_switch: prev_comm=swapper/1 prev_pid=0 prev_prio=120 prev_state=R+ ==> next_comm=kworker/u16:1 next_pid=72 next_prio=120
   kworker/u16:1-72    [001] ...1   100.192119: __schedule: __schedule_2 prev=kworker/u16:1,prev_pid=72,next=swapper/1,next_pid=0,preempt_count=1
   kworker/u16:1-72    [001] ...1   100.192122: schedule: __schedule func 52.581653ms
   kworker/u16:1-72    [001] ....   100.192125: schedule: sched_preempt_enable_no_resched func 0.003231ms
   kworker/u16:1-72    [001] ....   100.192127: schedule: sched_preempt_enable_no_resched func preempt_count=0
   kworker/u16:1-72    [001] ....   100.192150: schedule: start disable: preempt_count()=0
   kworker/u16:1-72    [001] ...1   100.192153: schedule: preempt_disable func time=0.002730ms
   kworker/u16:1-72    [001] ...1   100.192156: __schedule: __schedule_1 prev=kworker/u16:1,prev_pid=72,preempt=0,preempt_count=1
   kworker/u16:1-72    [001] d..3   100.192181: sched_switch: prev_comm=kworker/u16:1 prev_pid=72 prev_prio=120 prev_state=S ==> next_comm=swapper/1 next_pid=0 next_prio=120
          <idle>-0     [001] ...1   100.192190: __schedule: __schedule_2 prev=swapper/1,prev_pid=0,next=kworker/u16:1,next_pid=72,preempt_count=1
          <idle>-0     [001] ...1   100.192193: schedule: preempt_disable func time=0.097000ms
          <idle>-0     [001] ...1   100.192196: __schedule: __schedule_1 prev=swapper/1,prev_pid=0,preempt=0,preempt_count=1
          <idle>-0     [001] ...1   100.192212: __schedule: __schedule_2 prev=swapper/1,prev_pid=0,next=swapper/1,next_pid=0,preempt_count=1
          <idle>-0     [001] ...1   100.192215: schedule: __schedule func 0.021808ms
          <idle>-0     [001] ....   100.192218: schedule: sched_preempt_enable_no_resched func 0.003269ms
          <idle>-0     [001] ....   100.192221: schedule: sched_preempt_enable_no_resched func preempt_count=0
          <idle>-0     [001] ...1   100.192223: schedule_preempt_disabled: exit schedule_preempt_disabled: preempt_count=1
 f2fs_discard-25-280   [000] ....   100.192271: schedule: start disable: preempt_count()=0
 f2fs_discard-25-280   [000] ...1   100.192274: schedule: preempt_disable func time=0.003885ms
          <idle>-0     [001] .n.1   100.192277: schedule_preempt_disabled: enter schedule_preempt_disabled: preempt_count=1
 f2fs_discard-25-280   [000] ...1   100.192277: __schedule: __schedule_1 prev=f2fs_discard-25,prev_pid=280,preempt=0,preempt_count=1
          <idle>-0     [001] .n..   100.192279: schedule: start disable: preempt_count()=0
          <idle>-0     [001] .n.1   100.192282: __schedule: __schedule_1 prev=swapper/1,prev_pid=0,preempt=1,preempt_count=1
          <idle>-0     [001] d..3   100.192287: sched_switch: prev_comm=swapper/1 prev_pid=0 prev_prio=120 prev_state=R+ ==> next_comm=mmcqd/0 next_pid=197 next_prio=98
         mmcqd/0-197   [001] ...1   100.192294: __schedule: __schedule_2 prev=mmcqd/0,prev_pid=197,next=swapper/1,next_pid=0,preempt_count=1
         mmcqd/0-197   [001] ...1   100.192296: schedule: __schedule func 51.136961ms
         mmcqd/0-197   [001] ....   100.192299: schedule: sched_preempt_enable_no_resched func 0.002577ms
         mmcqd/0-197   [001] ....   100.192301: schedule: sched_preempt_enable_no_resched func preempt_count=0
 f2fs_discard-25-280   [000] d..3   100.192304: sched_switch: prev_comm=f2fs_discard-25 prev_pid=280 prev_prio=120 prev_state=D ==> next_comm=swapper/0 next_pid=0 next_prio=120
          <idle>-0     [000] ...1   100.192311: __schedule: __schedule_2 prev=swapper/0,prev_pid=0,next=f2fs_discard-25,next_pid=280,preempt_count=1
          <idle>-0     [000] ...1   100.192314: schedule: preempt_disable func time=0.253384ms
          <idle>-0     [000] ...1   100.192317: __schedule: __schedule_1 prev=swapper/0,prev_pid=0,preempt=0,preempt_count=1
          <idle>-0     [000] ...1   100.192334: __schedule: __schedule_2 prev=swapper/0,prev_pid=0,next=swapper/0,next_pid=0,preempt_count=1
          <idle>-0     [000] ...1   100.192336: schedule: __schedule func 0.022000ms
          <idle>-0     [000] ....   100.192339: schedule: sched_preempt_enable_no_resched func 0.003116ms
          <idle>-0     [000] ....   100.192341: schedule: sched_preempt_enable_no_resched func preempt_count=0
          <idle>-0     [000] ...1   100.192344: schedule_preempt_disabled: exit schedule_preempt_disabled: preempt_count=1
         mmcqd/0-197   [001] ....   100.192374: schedule: start disable: preempt_count()=0
         mmcqd/0-197   [001] ...1   100.192377: schedule: preempt_disable func time=0.003115ms
         mmcqd/0-197   [001] ...1   100.192380: __schedule: __schedule_1 prev=mmcqd/0,prev_pid=197,preempt=0,preempt_count=1
         mmcqd/0-197   [001] d..3   100.192409: sched_switch: prev_comm=mmcqd/0 prev_pid=197 prev_prio=98 prev_state=D ==> next_comm=swapper/1 next_pid=0 next_prio=120
          <idle>-0     [001] ...1   100.192416: __schedule: __schedule_2 prev=swapper/1,prev_pid=0,next=mmcqd/0,next_pid=197,preempt_count=1
          <idle>-0     [001] ...1   100.192420: schedule: preempt_disable func time=0.139153ms
          <idle>-0     [001] ...1   100.192423: __schedule: __schedule_1 prev=swapper/1,prev_pid=0,preempt=0,preempt_count=1
          <idle>-0     [000] .n.1   100.192439: schedule_preempt_disabled: enter schedule_preempt_disabled: preempt_count=1
          <idle>-0     [001] ...1   100.192439: __schedule: __schedule_2 prev=swapper/1,prev_pid=0,next=swapper/1,next_pid=0,preempt_count=1
          <idle>-0     [001] ...1   100.192441: schedule: __schedule func 0.022500ms
          <idle>-0     [000] .n..   100.192454: schedule: start disable: preempt_count()=0
          <idle>-0     [001] ....   100.192455: schedule: sched_preempt_enable_no_resched func 0.013693ms
          <idle>-0     [001] ....   100.192457: schedule: sched_preempt_enable_no_resched func preempt_count=0
          <idle>-0     [000] .n.1   100.192457: __schedule: __schedule_1 prev=swapper/0,prev_pid=0,preempt=1,preempt_count=1
          <idle>-0     [001] ...1   100.192459: schedule_preempt_disabled: exit schedule_preempt_disabled: preempt_count=1
          <idle>-0     [000] d..3   100.192462: sched_switch: prev_comm=swapper/0 prev_pid=0 prev_prio=120 prev_state=R+ ==> next_comm=mmcqd/0 next_pid=197 next_prio=98
         mmcqd/0-197   [000] ...1   100.192468: __schedule: __schedule_2 prev=mmcqd/0,prev_pid=197,next=swapper/1,next_pid=0,preempt_count=1
         mmcqd/0-197   [000] ...1   100.192471: schedule: __schedule func 0.093885ms
         mmcqd/0-197   [000] ....   100.192474: schedule: sched_preempt_enable_no_resched func 0.003000ms
         mmcqd/0-197   [000] ....   100.192475: schedule: sched_preempt_enable_no_resched func preempt_count=0
         mmcqd/0-197   [000] ....   100.192514: schedule: start disable: preempt_count()=0
         mmcqd/0-197   [000] ...1   100.192517: schedule: preempt_disable func time=0.003000ms
         mmcqd/0-197   [000] ...1   100.192527: __schedule: __schedule_1 prev=mmcqd/0,prev_pid=197,preempt=0,preempt_count=1
         mmcqd/0-197   [000] ...1   100.192538: __schedule: __schedule_2 prev=mmcqd/0,prev_pid=197,next=mmcqd/0,next_pid=197,preempt_count=1
         mmcqd/0-197   [000] ...1   100.192553: schedule: __schedule func 0.036116ms
         mmcqd/0-197   [000] ....   100.192555: schedule: sched_preempt_enable_no_resched func 0.002577ms
         mmcqd/0-197   [000] ....   100.192557: schedule: sched_preempt_enable_no_resched func preempt_count=0
         mmcqd/0-197   [000] ....   100.192580: schedule: start disable: preempt_count()=0
         mmcqd/0-197   [000] ...1   100.192582: schedule: preempt_disable func time=0.002577ms
         mmcqd/0-197   [000] ...1   100.192592: __schedule: __schedule_1 prev=mmcqd/0,prev_pid=197,preempt=0,preempt_count=1
         mmcqd/0-197   [000] d..3   100.192617: sched_switch: prev_comm=mmcqd/0 prev_pid=197 prev_prio=98 prev_state=D ==> next_comm=swapper/0 next_pid=0 next_prio=120
          <idle>-0     [000] ...1   100.192636: __schedule: __schedule_2 prev=swapper/0,prev_pid=0,next=mmcqd/0,next_pid=197,preempt_count=1
          <idle>-0     [000] ...1   100.192639: schedule: preempt_disable func time=0.184307ms
          <idle>-0     [000] ...1   100.192642: __schedule: __schedule_1 prev=swapper/0,prev_pid=0,preempt=0,preempt_count=1
          <idle>-0     [000] ...1   100.192658: __schedule: __schedule_2 prev=swapper/0,prev_pid=0,next=swapper/0,next_pid=0,preempt_count=1
          <idle>-0     [000] ...1   100.192661: schedule: __schedule func 0.021846ms
          <idle>-0     [000] ....   100.192674: schedule: sched_preempt_enable_no_resched func 0.012962ms
          <idle>-0     [000] ....   100.192675: schedule: sched_preempt_enable_no_resched func preempt_count=0
          <idle>-0     [000] .n.1   100.192713: __schedule: __schedule_1 prev=swapper/0,prev_pid=0,preempt=1,preempt_count=1
          <idle>-0     [000] d..3   100.192717: sched_switch: prev_comm=swapper/0 prev_pid=0 prev_prio=120 prev_state=R+ ==> next_comm=mmcqd/0 next_pid=197 next_prio=98
         mmcqd/0-197   [000] ...1   100.192722: __schedule: __schedule_2 prev=mmcqd/0,prev_pid=197,next=swapper/0,next_pid=0,preempt_count=1
         mmcqd/0-197   [000] ...1   100.192725: schedule: __schedule func 0.142731ms
         mmcqd/0-197   [000] ....   100.192728: schedule: sched_preempt_enable_no_resched func 0.002500ms
         mmcqd/0-197   [000] ....   100.192730: schedule: sched_preempt_enable_no_resched func preempt_count=0
         mmcqd/0-197   [000] ....   100.192764: schedule: start disable: preempt_count()=0
         mmcqd/0-197   [000] ...1   100.192767: schedule: preempt_disable func time=0.002692ms
         mmcqd/0-197   [000] ...1   100.192784: __schedule: __schedule_1 prev=mmcqd/0,prev_pid=197,preempt=0,preempt_count=1
         mmcqd/0-197   [000] ...1   100.192793: __schedule: __schedule_2 prev=mmcqd/0,prev_pid=197,next=mmcqd/0,next_pid=197,preempt_count=1
         mmcqd/0-197   [000] ...1   100.192808: schedule: __schedule func 0.041269ms
         mmcqd/0-197   [000] ....   100.192811: schedule: sched_preempt_enable_no_resched func 0.002731ms
         mmcqd/0-197   [000] ....   100.192813: schedule: sched_preempt_enable_no_resched func preempt_count=0
          <idle>-0     [001] .n.1   100.192873: schedule_preempt_disabled: enter schedule_preempt_disabled: preempt_count=1
          <idle>-0     [001] .n..   100.192875: schedule: start disable: preempt_count()=0
          <idle>-0     [001] .n.1   100.192878: __schedule: __schedule_1 prev=swapper/1,prev_pid=0,preempt=1,preempt_count=1
          <idle>-0     [001] d..3   100.192886: sched_switch: prev_comm=swapper/1 prev_pid=0 prev_prio=120 prev_state=R+ ==> next_comm=f2fs_discard-25 next_pid=280 next_prio=120
 f2fs_discard-25-280   [001] ...1   100.192892: __schedule: __schedule_2 prev=f2fs_discard-25,prev_pid=280,next=swapper/0,next_pid=0,preempt_count=1
 f2fs_discard-25-280   [001] ...1   100.192895: schedule: __schedule func 0.620885ms
 f2fs_discard-25-280   [001] ....   100.192897: schedule: sched_preempt_enable_no_resched func 0.002653ms
 f2fs_discard-25-280   [001] ....   100.192899: schedule: sched_preempt_enable_no_resched func preempt_count=0
 f2fs_discard-25-280   [001] ....   100.192933: schedule: start disable: preempt_count()=0
 f2fs_discard-25-280   [001] ...1   100.192936: schedule: preempt_disable func time=0.003115ms
 f2fs_discard-25-280   [001] ...1   100.192939: __schedule: __schedule_1 prev=f2fs_discard-25,prev_pid=280,preempt=0,preempt_count=1
         mmcqd/0-197   [000] ....   100.192969: schedule: start disable: preempt_count()=0
 f2fs_discard-25-280   [001] d..3   100.192969: sched_switch: prev_comm=f2fs_discard-25 prev_pid=280 prev_prio=120 prev_state=S ==> next_comm=swapper/1 next_pid=0 next_prio=120
         mmcqd/0-197   [000] ...1   100.192973: schedule: preempt_disable func time=0.004116ms
         mmcqd/0-197   [000] ...1   100.192976: __schedule: __schedule_1 prev=mmcqd/0,prev_pid=197,preempt=0,preempt_count=1
          <idle>-0     [001] ...1   100.192976: __schedule: __schedule_2 prev=swapper/1,prev_pid=0,next=f2fs_discard-25,next_pid=280,preempt_count=1
          <idle>-0     [001] ...1   100.192979: schedule: preempt_disable func time=0.103500ms
          <idle>-0     [001] ...1   100.192982: __schedule: __schedule_1 prev=swapper/1,prev_pid=0,preempt=0,preempt_count=1
         mmcqd/0-197   [000] d..3   100.192988: sched_switch: prev_comm=mmcqd/0 prev_pid=197 prev_prio=98 prev_state=S ==> next_comm=kworker/0:1H next_pid=255 next_prio=100
    kworker/0:1H-255   [000] ...1   100.192997: __schedule: __schedule_2 prev=kworker/0:1H,prev_pid=255,next=swapper/0,next_pid=0,preempt_count=1
          <idle>-0     [001] ...1   100.192999: __schedule: __schedule_2 prev=swapper/1,prev_pid=0,next=swapper/1,next_pid=0,preempt_count=1
    kworker/0:1H-255   [000] ...1   100.192999: schedule: __schedule func 51.862231ms
          <idle>-0     [001] ...1   100.193001: schedule: __schedule func 0.021731ms
    kworker/0:1H-255   [000] ....   100.193002: schedule: sched_preempt_enable_no_resched func 0.002846ms
          <idle>-0     [001] ....   100.193004: schedule: sched_preempt_enable_no_resched func 0.002846ms
    kworker/0:1H-255   [000] ....   100.193004: schedule: sched_preempt_enable_no_resched func preempt_count=0
          <idle>-0     [001] ....   100.193006: schedule: sched_preempt_enable_no_resched func preempt_count=0
          <idle>-0     [001] ...1   100.193008: schedule_preempt_disabled: exit schedule_preempt_disabled: preempt_count=1
    kworker/0:1H-255   [000] ....   100.193029: schedule: start disable: preempt_count()=0
          <idle>-0     [001] .n.1   100.193029: schedule_preempt_disabled: enter schedule_preempt_disabled: preempt_count=1
    kworker/0:1H-255   [000] ...1   100.193032: schedule: preempt_disable func time=0.003154ms
          <idle>-0     [001] .n..   100.193032: schedule: start disable: preempt_count()=0
    kworker/0:1H-255   [000] ...1   100.193035: __schedule: __schedule_1 prev=kworker/0:1H,prev_pid=255,preempt=0,preempt_count=1
          <idle>-0     [001] .n.1   100.193035: __schedule: __schedule_1 prev=swapper/1,prev_pid=0,preempt=1,preempt_count=1
          <idle>-0     [001] d..3   100.193039: sched_switch: prev_comm=swapper/1 prev_pid=0 prev_prio=120 prev_state=R+ ==> next_comm=mmcqd/0 next_pid=197 next_prio=98
         mmcqd/0-197   [001] ...1   100.193046: __schedule: __schedule_2 prev=mmcqd/0,prev_pid=197,next=kworker/0:1H,next_pid=255,preempt_count=1
         mmcqd/0-197   [001] ...1   100.193048: schedule: __schedule func 0.075961ms
         mmcqd/0-197   [001] ....   100.193051: schedule: sched_preempt_enable_no_resched func 0.002500ms
         mmcqd/0-197   [001] ....   100.193052: schedule: sched_preempt_enable_no_resched func preempt_count=0
    kworker/0:1H-255   [000] d..3   100.193058: sched_switch: prev_comm=kworker/0:1H prev_pid=255 prev_prio=100 prev_state=S ==> next_comm=swapper/0 next_pid=0 next_prio=120
         mmcqd/0-197   [001] ....   100.193062: schedule: start disable: preempt_count()=0
          <idle>-0     [000] ...1   100.193064: __schedule: __schedule_2 prev=swapper/0,prev_pid=0,next=mmcqd/0,next_pid=197,preempt_count=1
         mmcqd/0-197   [001] ...1   100.193065: schedule: preempt_disable func time=0.002423ms
         mmcqd/0-197   [001] ...1   100.193067: __schedule: __schedule_1 prev=mmcqd/0,prev_pid=197,preempt=0,preempt_count=1
          <idle>-0     [000] ...1   100.193069: schedule_preempt_disabled: exit schedule_preempt_disabled: preempt_count=1
         mmcqd/0-197   [001] d..3   100.193089: sched_switch: prev_comm=mmcqd/0 prev_pid=197 prev_prio=98 prev_state=S ==> next_comm=swapper/1 next_pid=0 next_prio=120
          <idle>-0     [001] ...1   100.193095: __schedule: __schedule_2 prev=swapper/1,prev_pid=0,next=mmcqd/0,next_pid=197,preempt_count=1
          <idle>-0     [001] ...1   100.193098: schedule: preempt_disable func time=0.065731ms
          <idle>-0     [001] ...1   100.193101: __schedule: __schedule_1 prev=swapper/1,prev_pid=0,preempt=0,preempt_count=1
          <idle>-0     [001] ...1   100.193116: __schedule: __schedule_2 prev=swapper/1,prev_pid=0,next=swapper/1,next_pid=0,preempt_count=1
          <idle>-0     [001] ...1   100.193118: schedule: __schedule func 0.020423ms
          <idle>-0     [001] ....   100.193121: schedule: sched_preempt_enable_no_resched func 0.002654ms
          <idle>-0     [001] ....   100.193131: schedule: sched_preempt_enable_no_resched func preempt_count=0
          <idle>-0     [001] ...1   100.193133: schedule_preempt_disabled: exit schedule_preempt_disabled: preempt_count=1
          <idle>-0     [002] .n.1   100.193340: schedule_preempt_disabled: enter schedule_preempt_disabled: preempt_count=1
          <idle>-0     [002] .n..   100.193356: schedule: start disable: preempt_count()=0
          <idle>-0     [002] .n.1   100.193360: __schedule: __schedule_1 prev=swapper/2,prev_pid=0,preempt=1,preempt_count=1
          <idle>-0     [002] d..3   100.193366: sched_switch: prev_comm=swapper/2 prev_pid=0 prev_prio=120 prev_state=R+ ==> next_comm=sugov:0 next_pid=181 next_prio=49
         sugov:0-181   [002] ...1   100.193373: __schedule: __schedule_2 prev=sugov:0,prev_pid=181,next=swapper/0,next_pid=0,preempt_count=1
         sugov:0-181   [002] ...1   100.193375: schedule: __schedule func 46.490231ms
         sugov:0-181   [002] ....   100.193378: schedule: sched_preempt_enable_no_resched func 0.002923ms
         sugov:0-181   [002] ....   100.193380: schedule: sched_preempt_enable_no_resched func preempt_count=0
          <idle>-0     [000] .n.1   100.193387: schedule_preempt_disabled: enter schedule_preempt_disabled: preempt_count=1
          <idle>-0     [000] .n..   100.193390: schedule: start disable: preempt_count()=0
          <idle>-0     [000] .n.1   100.193393: __schedule: __schedule_1 prev=swapper/0,prev_pid=0,preempt=1,preempt_count=1
          <idle>-0     [000] d..3   100.193400: sched_switch: prev_comm=swapper/0 prev_pid=0 prev_prio=120 prev_state=R+ ==> next_comm=sugov_perf:0 next_pid=182 next_prio=120
    sugov_perf:0-182   [000] ...1   100.193408: __schedule: __schedule_2 prev=sugov_perf:0,prev_pid=182,next=swapper/0,next_pid=0,preempt_count=1
    sugov_perf:0-182   [000] ...1   100.193411: schedule: __schedule func 51.879884ms
    sugov_perf:0-182   [000] ....   100.193413: schedule: sched_preempt_enable_no_resched func 0.002693ms
    sugov_perf:0-182   [000] ....   100.193415: schedule: sched_preempt_enable_no_resched func preempt_count=0
    sugov_perf:0-182   [000] ....   100.193417: schedule: start disable: preempt_count()=0
    sugov_perf:0-182   [000] ...1   100.193420: schedule: preempt_disable func time=0.002308ms
    sugov_perf:0-182   [000] ...1   100.193422: __schedule: __schedule_1 prev=sugov_perf:0,prev_pid=182,preempt=0,preempt_count=1
    sugov_perf:0-182   [000] d..3   100.193443: sched_switch: prev_comm=sugov_perf:0 prev_pid=182 prev_prio=120 prev_state=S ==> next_comm=swapper/0 next_pid=0 next_prio=120
          <idle>-0     [000] ...1   100.193450: __schedule: __schedule_2 prev=swapper/0,prev_pid=0,next=sugov_perf:0,next_pid=182,preempt_count=1
         sugov:0-181   [002] ....   100.193452: schedule: start disable: preempt_count()=0
          <idle>-0     [000] ...1   100.193453: schedule: preempt_disable func time=0.062154ms
          <idle>-0     [000] ...1   100.193455: __schedule: __schedule_1 prev=swapper/0,prev_pid=0,preempt=0,preempt_count=1
         sugov:0-181   [002] ...1   100.193455: schedule: preempt_disable func time=0.003269ms
         sugov:0-181   [002] ...1   100.193459: __schedule: __schedule_1 prev=sugov:0,prev_pid=181,preempt=0,preempt_count=1
          <idle>-0     [000] ...1   100.193472: __schedule: __schedule_2 prev=swapper/0,prev_pid=0,next=swapper/0,next_pid=0,preempt_count=1
          <idle>-0     [000] ...1   100.193474: schedule: __schedule func 0.021923ms
          <idle>-0     [000] ....   100.193477: schedule: sched_preempt_enable_no_resched func 0.002769ms
          <idle>-0     [000] ....   100.193479: schedule: sched_preempt_enable_no_resched func preempt_count=0
          <idle>-0     [000] ...1   100.193481: schedule_preempt_disabled: exit schedule_preempt_disabled: preempt_count=1
         sugov:0-181   [002] d..3   100.193512: sched_switch: prev_comm=sugov:0 prev_pid=181 prev_prio=49 prev_state=S ==> next_comm=swapper/2 next_pid=0 next_prio=120
          <idle>-0     [002] ...1   100.193519: __schedule: __schedule_2 prev=swapper/2,prev_pid=0,next=sugov:0,next_pid=181,preempt_count=1
          <idle>-0     [002] ...1   100.193522: schedule: preempt_disable func time=0.165654ms
          <idle>-0     [002] ...1   100.193525: __schedule: __schedule_1 prev=swapper/2,prev_pid=0,preempt=0,preempt_count=1
          <idle>-0     [002] ...1   100.193542: __schedule: __schedule_2 prev=swapper/2,prev_pid=0,next=swapper/2,next_pid=0,preempt_count=1
          <idle>-0     [002] ...1   100.193554: schedule: __schedule func 0.032539ms
          <idle>-0     [002] ....   100.193557: schedule: sched_preempt_enable_no_resched func 0.002846ms
          <idle>-0     [002] ....   100.193559: schedule: sched_preempt_enable_no_resched func preempt_count=0
          <idle>-0     [002] ...1   100.193561: schedule_preempt_disabled: exit schedule_preempt_disabled: preempt_count=1
          <idle>-0     [004] .n.1   100.195399: schedule_preempt_disabled: enter schedule_preempt_disabled: preempt_count=1
          <idle>-0     [004] .n..   100.195404: schedule: start disable: preempt_count()=0
          <idle>-0     [004] .n.1   100.195408: __schedule: __schedule_1 prev=swapper/4,prev_pid=0,preempt=1,preempt_count=1
          <idle>-0     [004] d..3   100.195414: sched_switch: prev_comm=swapper/4 prev_pid=0 prev_prio=120 prev_state=R+ ==> next_comm=watchdog/4 next_pid=27 next_prio=0
      watchdog/4-27    [004] ...1   100.195424: __schedule: __schedule_2 prev=watchdog/4,prev_pid=27,next=swapper/4,next_pid=0,preempt_count=1
      watchdog/4-27    [004] ...1   100.195428: schedule: __schedule func 4000.027908ms
      watchdog/4-27    [004] ....   100.195431: schedule: sched_preempt_enable_no_resched func 0.002923ms
      watchdog/4-27    [004] ....   100.195432: schedule: sched_preempt_enable_no_resched func preempt_count=0
      watchdog/4-27    [004] ....   100.195440: schedule: start disable: preempt_count()=0
      watchdog/4-27    [004] ...1   100.195443: schedule: preempt_disable func time=0.002961ms
      watchdog/4-27    [004] ...1   100.195446: __schedule: __schedule_1 prev=watchdog/4,prev_pid=27,preempt=0,preempt_count=1
      watchdog/4-27    [004] d..3   100.195492: sched_switch: prev_comm=watchdog/4 prev_pid=27 prev_prio=0 prev_state=S ==> next_comm=swapper/4 next_pid=0 next_prio=120
          <idle>-0     [004] ...1   100.195499: __schedule: __schedule_2 prev=swapper/4,prev_pid=0,next=watchdog/4,next_pid=27,preempt_count=1
          <idle>-0     [004] ...1   100.195502: schedule: preempt_disable func time=0.097385ms
          <idle>-0     [004] ...1   100.195504: __schedule: __schedule_1 prev=swapper/4,prev_pid=0,preempt=0,preempt_count=1
          <idle>-0     [004] ...1   100.195529: __schedule: __schedule_2 prev=swapper/4,prev_pid=0,next=swapper/4,next_pid=0,preempt_count=1
          <idle>-0     [004] ...1   100.195531: schedule: __schedule func 0.029730ms
          <idle>-0     [004] ....   100.195534: schedule: sched_preempt_enable_no_resched func 0.002731ms
          <idle>-0     [004] ....   100.195536: schedule: sched_preempt_enable_no_resched func preempt_count=0
          <idle>-0     [004] ...1   100.195538: schedule_preempt_disabled: exit schedule_preempt_disabled: preempt_count=1
          <idle>-0     [000] .n.1   100.198797: schedule_preempt_disabled: enter schedule_preempt_disabled: preempt_count=1
          <idle>-0     [000] .n..   100.198799: schedule: start disable: preempt_count()=0
          <idle>-0     [000] .n.1   100.198801: __schedule: __schedule_1 prev=swapper/0,prev_pid=0,preempt=1,preempt_count=1
          <idle>-0     [000] d..3   100.198804: sched_switch: prev_comm=swapper/0 prev_pid=0 prev_prio=120 prev_state=R+ ==> next_comm=sugov:0 next_pid=181 next_prio=49
         sugov:0-181   [000] ...1   100.198819: __schedule: __schedule_2 prev=sugov:0,prev_pid=181,next=swapper/2,next_pid=0,preempt_count=1
         sugov:0-181   [000] ...1   100.198821: schedule: __schedule func 5.365962ms
         sugov:0-181   [000] ....   100.198823: schedule: sched_preempt_enable_no_resched func 0.001807ms
         sugov:0-181   [000] ....   100.198824: schedule: sched_preempt_enable_no_resched func preempt_count=0
         sugov:0-181   [000] ....   100.198882: schedule: start disable: preempt_count()=0
         sugov:0-181   [000] ...1   100.198897: schedule: preempt_disable func time=0.015269ms
         sugov:0-181   [000] ...1   100.198900: __schedule: __schedule_1 prev=sugov:0,prev_pid=181,preempt=0,preempt_count=1
         sugov:0-181   [000] d..3   100.198930: sched_switch: prev_comm=sugov:0 prev_pid=181 prev_prio=49 prev_state=S ==> next_comm=swapper/0 next_pid=0 next_prio=120
