              du-2179  [001] ....   131.781991: schedule: sched_preempt_enable_no_resched func 0.000616ms
              du-2179  [001] ....   131.781992: schedule: sched_preempt_enable_no_resched func preempt_count=0
              du-2179  [001] .n.1   131.789916: __schedule: __schedule_1 prev=du,prev_pid=2179,preempt=1,preempt_count=1
              du-2179  [001] d..2   131.789923: sched_switch: prev_comm=du prev_pid=2179 prev_prio=120 prev_state=R+ ==> next_comm=rcu_sched next_pid=9 next_prio=120
       rcu_sched-9     [001] ...1   131.789927: __schedule: __schedule_2 prev=rcu_sched,prev_pid=9,next=du,next_pid=2179,preempt_count=1
       rcu_sched-9     [001] ...1   131.789928: schedule: __schedule func 7.943423ms
       rcu_sched-9     [001] ....   131.789929: schedule: sched_preempt_enable_no_resched func 0.001039ms
       rcu_sched-9     [001] ....   131.789930: schedule: sched_preempt_enable_no_resched func preempt_count=0
       rcu_sched-9     [001] ....   131.789942: schedule: start disable: preempt_count()=0
       rcu_sched-9     [001] ...1   131.789943: schedule: preempt_disable func time=0.000884ms
       rcu_sched-9     [001] ...1   131.789943: __schedule: __schedule_1 prev=rcu_sched,prev_pid=9,preempt=0,preempt_count=1
       rcu_sched-9     [001] d..2   131.789947: sched_switch: prev_comm=rcu_sched prev_pid=9 prev_prio=120 prev_state=R+ ==> next_comm=rcu_preempt next_pid=8 next_prio=120
     rcu_preempt-8     [001] ...1   131.789949: __schedule: __schedule_2 prev=rcu_preempt,prev_pid=8,next=rcu_sched,next_pid=9,preempt_count=1
     rcu_preempt-8     [001] ...1   131.789949: schedule: __schedule func 7.983077ms
     rcu_preempt-8     [001] ....   131.789950: schedule: sched_preempt_enable_no_resched func 0.000654ms
     rcu_preempt-8     [001] ....   131.789951: schedule: sched_preempt_enable_no_resched func preempt_count=0
     rcu_preempt-8     [001] ....   131.789963: schedule: start disable: preempt_count()=0
     rcu_preempt-8     [001] ...1   131.789964: schedule: preempt_disable func time=0.000615ms
     rcu_preempt-8     [001] ...1   131.789964: __schedule: __schedule_1 prev=rcu_preempt,prev_pid=8,preempt=0,preempt_count=1
     rcu_preempt-8     [001] d..2   131.789966: sched_switch: prev_comm=rcu_preempt prev_pid=8 prev_prio=120 prev_state=R+ ==> next_comm=du next_pid=2179 next_prio=120
              du-2179  [001] ...1   131.789968: __schedule: __schedule_2 prev=du,prev_pid=2179,next=rcu_sched,next_pid=9,preempt_count=1
              du-2179  [001] .n.1   131.793931: __schedule: __schedule_1 prev=du,prev_pid=2179,preempt=1,preempt_count=1
              du-2179  [001] d..2   131.793936: sched_switch: prev_comm=du prev_pid=2179 prev_prio=120 prev_state=R+ ==> next_comm=ylog.apsizer next_pid=243 next_prio=120
    ylog.apsizer-243   [001] ...1   131.793942: __schedule: __schedule_2 prev=ylog.apsizer,prev_pid=243,next=du,next_pid=2179,preempt_count=1
    ylog.apsizer-243   [001] ...1   131.793944: schedule: __schedule func 28.670654ms
    ylog.apsizer-243   [001] ....   131.793945: schedule: sched_preempt_enable_no_resched func 0.001154ms
    ylog.apsizer-243   [001] ....   131.793946: schedule: sched_preempt_enable_no_resched func preempt_count=0
    ylog.apsizer-243   [001] ....   131.793996: schedule: start disable: preempt_count()=0
    ylog.apsizer-243   [001] ...1   131.793997: schedule: preempt_disable func time=0.000884ms
    ylog.apsizer-243   [001] ...1   131.793998: __schedule: __schedule_1 prev=ylog.apsizer,prev_pid=243,preempt=0,preempt_count=1
    ylog.apsizer-243   [001] d..2   131.794003: sched_switch: prev_comm=ylog.apsizer prev_pid=243 prev_prio=120 prev_state=D ==> next_comm=du next_pid=2179 next_prio=120
              du-2179  [001] ...1   131.794006: __schedule: __schedule_2 prev=du,prev_pid=2179,next=ylog.apsizer,next_pid=243,preempt_count=1
              du-2179  [001] .n.1   131.795132: __schedule: __schedule_1 prev=du,prev_pid=2179,preempt=1,preempt_count=1
              du-2179  [001] d..2   131.795136: sched_switch: prev_comm=du prev_pid=2179 prev_prio=120 prev_state=R+ ==> next_comm=ylog.apsizer next_pid=243 next_prio=120
    ylog.apsizer-243   [001] ...1   131.795149: __schedule: __schedule_2 prev=ylog.apsizer,prev_pid=243,next=du,next_pid=2179,preempt_count=1
    ylog.apsizer-243   [001] ...1   131.795150: schedule: __schedule func 1.152693ms
    ylog.apsizer-243   [001] ....   131.795151: schedule: sched_preempt_enable_no_resched func 0.001307ms
    ylog.apsizer-243   [001] ....   131.795152: schedule: sched_preempt_enable_no_resched func preempt_count=0
          <idle>-0     [000] .n.1   131.795551: schedule_idle: enter_schedule_idle: preempt_count=1
          <idle>-0     [000] .n.1   131.795552: __schedule: __schedule_1 prev=swapper/0,prev_pid=0,preempt=0,preempt_count=1
          <idle>-0     [000] d..2   131.795555: sched_switch: prev_comm=swapper/0 prev_pid=0 prev_prio=120 prev_state=S ==> next_comm=logd.writer next_pid=198 next_prio=130
     logd.writer-198   [000] ...1   131.795557: __schedule: __schedule_2 prev=logd.writer,prev_pid=198,next=swapper/0,next_pid=0,preempt_count=1
     logd.writer-198   [000] ...1   131.795559: schedule: __schedule func 30.634923ms
     logd.writer-198   [000] ....   131.795561: schedule: sched_preempt_enable_no_resched func 0.001692ms
     logd.writer-198   [000] ....   131.795562: schedule: sched_preempt_enable_no_resched func preempt_count=0
     logd.writer-198   [000] ....   131.795676: schedule: start disable: preempt_count()=0
     logd.writer-198   [000] ...1   131.795678: schedule: preempt_disable func time=0.002115ms
     logd.writer-198   [000] ...1   131.795679: __schedule: __schedule_1 prev=logd.writer,prev_pid=198,preempt=0,preempt_count=1
     logd.writer-198   [000] d..2   131.795704: sched_switch: prev_comm=logd.writer prev_pid=198 prev_prio=130 prev_state=D ==> next_comm=logd.reader.per next_pid=1108 next_prio=130
 logd.reader.per-1108  [000] ...1   131.795709: __schedule: __schedule_2 prev=logd.reader.per,prev_pid=1108,next=du,next_pid=2179,preempt_count=1
 logd.reader.per-1108  [000] ...1   131.795710: schedule: __schedule func 30.668423ms
 logd.reader.per-1108  [000] ....   131.795712: schedule: sched_preempt_enable_no_resched func 0.001192ms
 logd.reader.per-1108  [000] ....   131.795713: schedule: sched_preempt_enable_no_resched func preempt_count=0
 logd.reader.per-1108  [000] ....   131.795815: schedule: start disable: preempt_count()=0
 logd.reader.per-1108  [000] ...1   131.795817: schedule: preempt_disable func time=0.001884ms
 logd.reader.per-1108  [000] ...1   131.795818: __schedule: __schedule_1 prev=logd.reader.per,prev_pid=1108,preempt=0,preempt_count=1
 logd.reader.per-1108  [000] d..2   131.795823: sched_switch: prev_comm=logd.reader.per prev_pid=1108 prev_prio=130 prev_state=D ==> next_comm=logd.writer next_pid=198 next_prio=130
     logd.writer-198   [000] ...1   131.795826: __schedule: __schedule_2 prev=logd.writer,prev_pid=198,next=logd.reader.per,next_pid=1108,preempt_count=1
     logd.writer-198   [000] ...1   131.795827: schedule: __schedule func 0.149192ms
     logd.writer-198   [000] ....   131.795828: schedule: sched_preempt_enable_no_resched func 0.001385ms
     logd.writer-198   [000] ....   131.795829: schedule: sched_preempt_enable_no_resched func preempt_count=0
    ylog.apsizer-243   [001] ....   131.795904: schedule: start disable: preempt_count()=0
    ylog.apsizer-243   [001] ...1   131.795906: schedule: preempt_disable func time=0.002230ms
    ylog.apsizer-243   [001] ...1   131.795907: __schedule: __schedule_1 prev=ylog.apsizer,prev_pid=243,preempt=0,preempt_count=1
    ylog.apsizer-243   [001] d..2   131.795910: sched_switch: prev_comm=ylog.apsizer prev_pid=243 prev_prio=120 prev_state=T ==> next_comm=collect_apr next_pid=1103 next_prio=120
     logd.writer-198   [000] ....   131.795914: schedule: start disable: preempt_count()=0
     logd.writer-198   [000] ...1   131.795916: schedule: preempt_disable func time=0.002077ms
     collect_apr-1103  [001] ...1   131.795916: __schedule: __schedule_2 prev=collect_apr,prev_pid=1103,next=logd.reader.per,next_pid=1108,preempt_count=1
     logd.writer-198   [000] ...1   131.795917: __schedule: __schedule_1 prev=logd.writer,prev_pid=198,preempt=0,preempt_count=1
     collect_apr-1103  [001] ...1   131.795918: schedule: __schedule func 30.894577ms
     collect_apr-1103  [001] ....   131.795918: schedule: sched_preempt_enable_no_resched func 0.000885ms
     collect_apr-1103  [001] ....   131.795919: schedule: sched_preempt_enable_no_resched func preempt_count=0
     logd.writer-198   [000] d..2   131.795922: sched_switch: prev_comm=logd.writer prev_pid=198 prev_prio=130 prev_state=D ==> next_comm=logd.reader.per next_pid=1108 next_prio=130
 logd.reader.per-1108  [000] ...1   131.795925: __schedule: __schedule_2 prev=logd.reader.per,prev_pid=1108,next=logd.writer,next_pid=198,preempt_count=1
 logd.reader.per-1108  [000] ...1   131.795926: schedule: __schedule func 0.109500ms
 logd.reader.per-1108  [000] ....   131.795928: schedule: sched_preempt_enable_no_resched func 0.001231ms
 logd.reader.per-1108  [000] ....   131.795929: schedule: sched_preempt_enable_no_resched func preempt_count=0
     collect_apr-1103  [001] ....   131.795969: schedule: start disable: preempt_count()=0
     collect_apr-1103  [001] ...1   131.795970: schedule: preempt_disable func time=0.000770ms
     collect_apr-1103  [001] ...1   131.795971: __schedule: __schedule_1 prev=collect_apr,prev_pid=1103,preempt=0,preempt_count=1
     collect_apr-1103  [001] d..2   131.795975: sched_switch: prev_comm=collect_apr prev_pid=1103 prev_prio=120 prev_state=D ==> next_comm=du next_pid=2179 next_prio=120
              du-2179  [001] ...1   131.795977: __schedule: __schedule_2 prev=du,prev_pid=2179,next=ylog.apsizer,next_pid=243,preempt_count=1
              du-2179  [001] ...1   131.795980: __schedule: __schedule_1 prev=du,prev_pid=2179,preempt=0,preempt_count=1
              du-2179  [001] d..2   131.795992: sched_switch: prev_comm=du prev_pid=2179 prev_prio=120 prev_state=Z ==> next_comm=ylog.apsizer next_pid=2180 next_prio=120
 logd.reader.per-1108  [000] ....   131.795993: schedule: start disable: preempt_count()=0
 logd.reader.per-1108  [000] ...1   131.795995: schedule: preempt_disable func time=0.001730ms
 logd.reader.per-1108  [000] ...1   131.795996: __schedule: __schedule_1 prev=logd.reader.per,prev_pid=1108,preempt=0,preempt_count=1
              du-2180  [001] .n.1   131.796000: __schedule: __schedule_1 prev=ylog.apsizer,prev_pid=2180,preempt=1,preempt_count=1
              du-2180  [001] d..2   131.796002: sched_switch: prev_comm=ylog.apsizer prev_pid=2180 prev_prio=120 prev_state=R+ ==> next_comm=collect_apr next_pid=1103 next_prio=120
     collect_apr-1103  [001] ...1   131.796004: __schedule: __schedule_2 prev=collect_apr,prev_pid=1103,next=du,next_pid=2179,preempt_count=1
     collect_apr-1103  [001] ...1   131.796005: schedule: __schedule func 0.034730ms
     collect_apr-1103  [001] ....   131.796005: schedule: sched_preempt_enable_no_resched func 0.000731ms
     collect_apr-1103  [001] ....   131.796006: schedule: sched_preempt_enable_no_resched func preempt_count=0
 logd.reader.per-1108  [000] d..2   131.796006: sched_switch: prev_comm=logd.reader.per prev_pid=1108 prev_prio=130 prev_state=D ==> next_comm=swapper/0 next_pid=0 next_prio=120
          <idle>-0     [000] ...1   131.796009: __schedule: __schedule_2 prev=swapper/0,prev_pid=0,next=logd.writer,next_pid=198,preempt_count=1
          <idle>-0     [000] ...1   131.796010: schedule_idle: exit_schedule_idle: preempt_count=1
     collect_apr-1103  [001] ....   131.796016: schedule: start disable: preempt_count()=0
     collect_apr-1103  [001] ...1   131.796017: schedule: preempt_disable func time=0.001038ms
     collect_apr-1103  [001] ...1   131.796018: __schedule: __schedule_1 prev=collect_apr,prev_pid=1103,preempt=0,preempt_count=1
     collect_apr-1103  [001] d..2   131.796020: sched_switch: prev_comm=collect_apr prev_pid=1103 prev_prio=120 prev_state=D ==> next_comm=ylog.apsizer next_pid=2180 next_prio=120
              du-2180  [001] ...1   131.796024: __schedule: __schedule_2 prev=ylog.apsizer,prev_pid=2180,next=collect_apr,next_pid=1103,preempt_count=1
              du-2180  [001] .n.1   131.796211: __schedule: __schedule_1 prev=ylog.apsizer,prev_pid=2180,preempt=1,preempt_count=1
              du-2180  [001] d..2   131.796212: sched_switch: prev_comm=ylog.apsizer prev_pid=2180 prev_prio=120 prev_state=R+ ==> next_comm=ylog.apsizer next_pid=243 next_prio=120
    ylog.apsizer-243   [001] ...1   131.796214: __schedule: __schedule_2 prev=ylog.apsizer,prev_pid=243,next=collect_apr,next_pid=1103,preempt_count=1
    ylog.apsizer-243   [001] ...1   131.796215: schedule: __schedule func 0.308924ms
    ylog.apsizer-243   [001] ....   131.796216: schedule: sched_preempt_enable_no_resched func 0.000730ms
    ylog.apsizer-243   [001] ....   131.796216: schedule: sched_preempt_enable_no_resched func preempt_count=0
    ylog.apsizer-243   [001] ....   131.796237: schedule: start disable: preempt_count()=0
    ylog.apsizer-243   [001] ...1   131.796238: schedule: preempt_disable func time=0.000846ms
    ylog.apsizer-243   [001] ...1   131.796239: __schedule: __schedule_1 prev=ylog.apsizer,prev_pid=243,preempt=0,preempt_count=1
    ylog.apsizer-243   [001] d..2   131.796240: sched_switch: prev_comm=ylog.apsizer prev_pid=243 prev_prio=120 prev_state=D ==> next_comm=ylog.apsizer next_pid=2180 next_prio=120
              du-2180  [001] ...1   131.796242: __schedule: __schedule_2 prev=ylog.apsizer,prev_pid=2180,next=ylog.apsizer,next_pid=243,preempt_count=1
              du-2180  [001] .n.1   131.797937: __schedule: __schedule_1 prev=sh,prev_pid=2180,preempt=1,preempt_count=1
              du-2180  [001] d..2   131.797943: sched_switch: prev_comm=sh prev_pid=2180 prev_prio=120 prev_state=R+ ==> next_comm=rcu_preempt next_pid=8 next_prio=120
     rcu_preempt-8     [001] ...1   131.797947: __schedule: __schedule_2 prev=rcu_preempt,prev_pid=8,next=du,next_pid=2179,preempt_count=1
     rcu_preempt-8     [001] ...1   131.797948: schedule: __schedule func 7.984500ms
     rcu_preempt-8     [001] ....   131.797949: schedule: sched_preempt_enable_no_resched func 0.001000ms
     rcu_preempt-8     [001] ....   131.797950: schedule: sched_preempt_enable_no_resched func preempt_count=0
     rcu_preempt-8     [001] ....   131.797967: schedule: start disable: preempt_count()=0
     rcu_preempt-8     [001] ...1   131.797968: schedule: preempt_disable func time=0.001038ms
     rcu_preempt-8     [001] ...1   131.797969: __schedule: __schedule_1 prev=rcu_preempt,prev_pid=8,preempt=0,preempt_count=1
     rcu_preempt-8     [001] d..2   131.797972: sched_switch: prev_comm=rcu_preempt prev_pid=8 prev_prio=120 prev_state=R+ ==> next_comm=rcu_sched next_pid=9 next_prio=120
       rcu_sched-9     [001] ...1   131.797974: __schedule: __schedule_2 prev=rcu_sched,prev_pid=9,next=rcu_preempt,next_pid=8,preempt_count=1
       rcu_sched-9     [001] ...1   131.797974: schedule: __schedule func 8.031962ms
       rcu_sched-9     [001] ....   131.797975: schedule: sched_preempt_enable_no_resched func 0.000615ms
       rcu_sched-9     [001] ....   131.797976: schedule: sched_preempt_enable_no_resched func preempt_count=0
       rcu_sched-9     [001] ....   131.797981: schedule: start disable: preempt_count()=0
       rcu_sched-9     [001] ...1   131.797982: schedule: preempt_disable func time=0.000653ms
       rcu_sched-9     [001] ...1   131.797983: __schedule: __schedule_1 prev=rcu_sched,prev_pid=9,preempt=0,preempt_count=1
       rcu_sched-9     [001] d..2   131.797985: sched_switch: prev_comm=rcu_sched prev_pid=9 prev_prio=120 prev_state=R+ ==> next_comm=sh next_pid=2180 next_prio=120
              du-2180  [001] ...1   131.797987: __schedule: __schedule_2 prev=sh,prev_pid=2180,next=rcu_preempt,next_pid=8,preempt_count=1
              du-2180  [001] .n.1   131.805932: __schedule: __schedule_1 prev=du,prev_pid=2180,preempt=1,preempt_count=1
              du-2180  [001] d..2   131.805939: sched_switch: prev_comm=du prev_pid=2180 prev_prio=120 prev_state=R+ ==> next_comm=rcu_sched next_pid=9 next_prio=120
       rcu_sched-9     [001] ...1   131.805943: __schedule: __schedule_2 prev=rcu_sched,prev_pid=9,next=du,next_pid=2180,preempt_count=1
       rcu_sched-9     [001] ...1   131.805945: schedule: __schedule func 7.962462ms
       rcu_sched-9     [001] ....   131.805946: schedule: sched_preempt_enable_no_resched func 0.001308ms
       rcu_sched-9     [001] ....   131.805947: schedule: sched_preempt_enable_no_resched func preempt_count=0
       rcu_sched-9     [001] ....   131.805964: schedule: start disable: preempt_count()=0
       rcu_sched-9     [001] ...1   131.805965: schedule: preempt_disable func time=0.000731ms
       rcu_sched-9     [001] ...1   131.805966: __schedule: __schedule_1 prev=rcu_sched,prev_pid=9,preempt=0,preempt_count=1
       rcu_sched-9     [001] d..2   131.805969: sched_switch: prev_comm=rcu_sched prev_pid=9 prev_prio=120 prev_state=R+ ==> next_comm=rcu_preempt next_pid=8 next_prio=120
     rcu_preempt-8     [001] ...1   131.805971: __schedule: __schedule_2 prev=rcu_preempt,prev_pid=8,next=rcu_sched,next_pid=9,preempt_count=1
     rcu_preempt-8     [001] ...1   131.805971: schedule: __schedule func 8.003231ms
     rcu_preempt-8     [001] ....   131.805972: schedule: sched_preempt_enable_no_resched func 0.000654ms
     rcu_preempt-8     [001] ....   131.805973: schedule: sched_preempt_enable_no_resched func preempt_count=0
     rcu_preempt-8     [001] ....   131.805981: schedule: start disable: preempt_count()=0
     rcu_preempt-8     [001] ...1   131.805982: schedule: preempt_disable func time=0.000654ms
     rcu_preempt-8     [001] ...1   131.805983: __schedule: __schedule_1 prev=rcu_preempt,prev_pid=8,preempt=0,preempt_count=1
     rcu_preempt-8     [001] d..2   131.805985: sched_switch: prev_comm=rcu_preempt prev_pid=8 prev_prio=120 prev_state=R+ ==> next_comm=du next_pid=2180 next_prio=120
              du-2180  [001] ...1   131.805986: __schedule: __schedule_2 prev=du,prev_pid=2180,next=rcu_sched,next_pid=9,preempt_count=1
              du-2180  [001] .n.1   131.810237: __schedule: __schedule_1 prev=du,prev_pid=2180,preempt=1,preempt_count=1
              du-2180  [001] d..2   131.810244: sched_switch: prev_comm=du prev_pid=2180 prev_prio=120 prev_state=R+ ==> next_comm=ksoftirqd/1 next_pid=17 next_prio=120
     ksoftirqd/1-17    [001] ...1   131.810251: __schedule: __schedule_2 prev=ksoftirqd/1,prev_pid=17,next=ylog.rdkernel,next_pid=283,preempt_count=1
     ksoftirqd/1-17    [001] ...1   131.810252: schedule: __schedule func 1192.307495ms
     ksoftirqd/1-17    [001] ....   131.810253: schedule: sched_preempt_enable_no_resched func 0.001231ms
     ksoftirqd/1-17    [001] ....   131.810254: schedule: sched_preempt_enable_no_resched func preempt_count=0
     ksoftirqd/1-17    [001] ....   131.810376: schedule: start disable: preempt_count()=0
     ksoftirqd/1-17    [001] ...1   131.810377: schedule: preempt_disable func time=0.001192ms
     ksoftirqd/1-17    [001] ...1   131.810378: __schedule: __schedule_1 prev=ksoftirqd/1,prev_pid=17,preempt=0,preempt_count=1
     ksoftirqd/1-17    [001] d..2   131.810382: sched_switch: prev_comm=ksoftirqd/1 prev_pid=17 prev_prio=120 prev_state=D ==> next_comm=du next_pid=2180 next_prio=120
              du-2180  [001] ...1   131.810383: __schedule: __schedule_2 prev=du,prev_pid=2180,next=ksoftirqd/1,next_pid=17,preempt_count=1
              du-2180  [001] dn..   131.813932: schedule: start disable: preempt_count()=0
              du-2180  [001] dn.1   131.813934: schedule: preempt_disable func time=0.003769ms
              du-2180  [001] dn.1   131.813936: __schedule: __schedule_1 prev=du,prev_pid=2180,preempt=0,preempt_count=1
              du-2180  [001] d..2   131.813942: sched_switch: prev_comm=du prev_pid=2180 prev_prio=120 prev_state=S ==> next_comm=rcu_preempt next_pid=8 next_prio=120
     rcu_preempt-8     [001] ...1   131.813945: __schedule: __schedule_2 prev=rcu_preempt,prev_pid=8,next=du,next_pid=2180,preempt_count=1
     rcu_preempt-8     [001] ...1   131.813947: schedule: __schedule func 7.964423ms
     rcu_preempt-8     [001] ....   131.813948: schedule: sched_preempt_enable_no_resched func 0.000847ms
     rcu_preempt-8     [001] ....   131.813948: schedule: sched_preempt_enable_no_resched func preempt_count=0
     rcu_preempt-8     [001] ....   131.813967: schedule: start disable: preempt_count()=0
     rcu_preempt-8     [001] ...1   131.813968: schedule: preempt_disable func time=0.000692ms
     rcu_preempt-8     [001] ...1   131.813969: __schedule: __schedule_1 prev=rcu_preempt,prev_pid=8,preempt=0,preempt_count=1
     rcu_preempt-8     [001] d..2   131.813971: sched_switch: prev_comm=rcu_preempt prev_pid=8 prev_prio=120 prev_state=R+ ==> next_comm=rcu_sched next_pid=9 next_prio=120
       rcu_sched-9     [001] ...1   131.813974: __schedule: __schedule_2 prev=rcu_sched,prev_pid=9,next=rcu_preempt,next_pid=8,preempt_count=1
       rcu_sched-9     [001] ...1   131.813975: schedule: __schedule func 8.009577ms
       rcu_sched-9     [001] ....   131.813975: schedule: sched_preempt_enable_no_resched func 0.000615ms
       rcu_sched-9     [001] ....   131.813976: schedule: sched_preempt_enable_no_resched func preempt_count=0
       rcu_sched-9     [001] ....   131.813986: schedule: start disable: preempt_count()=0
       rcu_sched-9     [001] ...1   131.813987: schedule: preempt_disable func time=0.000654ms
       rcu_sched-9     [001] ...1   131.813988: __schedule: __schedule_1 prev=rcu_sched,prev_pid=9,preempt=0,preempt_count=1
       rcu_sched-9     [001] d..2   131.813991: sched_switch: prev_comm=rcu_sched prev_pid=9 prev_prio=120 prev_state=R+ ==> next_comm=du next_pid=2180 next_prio=120
              du-2180  [001] ...1   131.813992: __schedule: __schedule_2 prev=du,prev_pid=2180,next=rcu_preempt,next_pid=8,preempt_count=1
              du-2180  [001] ...1   131.813995: schedule: __schedule func 0.059039ms
              du-2180  [001] ....   131.813996: schedule: sched_preempt_enable_no_resched func 0.002192ms
              du-2180  [001] ....   131.813996: schedule: sched_preempt_enable_no_resched func preempt_count=0
              du-2180  [001] .n.1   131.821918: __schedule: __schedule_1 prev=du,prev_pid=2180,preempt=1,preempt_count=1
              du-2180  [001] d..2   131.821925: sched_switch: prev_comm=du prev_pid=2180 prev_prio=120 prev_state=R+ ==> next_comm=rcu_sched next_pid=9 next_prio=120
       rcu_sched-9     [001] ...1   131.821929: __schedule: __schedule_2 prev=rcu_sched,prev_pid=9,next=du,next_pid=2180,preempt_count=1
       rcu_sched-9     [001] ...1   131.821931: schedule: __schedule func 7.943846ms
       rcu_sched-9     [001] ....   131.821932: schedule: sched_preempt_enable_no_resched func 0.001539ms
       rcu_sched-9     [001] ....   131.821933: schedule: sched_preempt_enable_no_resched func preempt_count=0
       rcu_sched-9     [001] ....   131.821946: schedule: start disable: preempt_count()=0
       rcu_sched-9     [001] ...1   131.821947: schedule: preempt_disable func time=0.000770ms
       rcu_sched-9     [001] ...1   131.821948: __schedule: __schedule_1 prev=rcu_sched,prev_pid=9,preempt=0,preempt_count=1
       rcu_sched-9     [001] d..2   131.821951: sched_switch: prev_comm=rcu_sched prev_pid=9 prev_prio=120 prev_state=R+ ==> next_comm=rcu_preempt next_pid=8 next_prio=120
     rcu_preempt-8     [001] ...1   131.821953: __schedule: __schedule_2 prev=rcu_preempt,prev_pid=8,next=rcu_sched,next_pid=9,preempt_count=1
     rcu_preempt-8     [001] ...1   131.821954: schedule: __schedule func 7.985923ms
     rcu_preempt-8     [001] ....   131.821954: schedule: sched_preempt_enable_no_resched func 0.000693ms
     rcu_preempt-8     [001] ....   131.821955: schedule: sched_preempt_enable_no_resched func preempt_count=0
     rcu_preempt-8     [001] ....   131.821967: schedule: start disable: preempt_count()=0
     rcu_preempt-8     [001] ...1   131.821967: schedule: preempt_disable func time=0.000615ms
     rcu_preempt-8     [001] ...1   131.821968: __schedule: __schedule_1 prev=rcu_preempt,prev_pid=8,preempt=0,preempt_count=1
     rcu_preempt-8     [001] d..2   131.821970: sched_switch: prev_comm=rcu_preempt prev_pid=8 prev_prio=120 prev_state=R+ ==> next_comm=du next_pid=2180 next_prio=120
              du-2180  [001] ...1   131.821972: __schedule: __schedule_2 prev=du,prev_pid=2180,next=rcu_sched,next_pid=9,preempt_count=1
              du-2180  [001] .n.1   131.825634: __schedule: __schedule_1 prev=du,prev_pid=2180,preempt=1,preempt_count=1
              du-2180  [001] d..2   131.825640: sched_switch: prev_comm=du prev_pid=2180 prev_prio=120 prev_state=R+ ==> next_comm=ylog.apsizer next_pid=243 next_prio=120
    ylog.apsizer-243   [001] ...1   131.825647: __schedule: __schedule_2 prev=ylog.apsizer,prev_pid=243,next=du,next_pid=2180,preempt_count=1
    ylog.apsizer-243   [001] ...1   131.825648: schedule: __schedule func 29.410346ms
    ylog.apsizer-243   [001] ....   131.825649: schedule: sched_preempt_enable_no_resched func 0.000884ms
    ylog.apsizer-243   [001] ....   131.825650: schedule: sched_preempt_enable_no_resched func preempt_count=0
    ylog.apsizer-243   [001] ....   131.825697: schedule: start disable: preempt_count()=0
    ylog.apsizer-243   [001] ...1   131.825697: schedule: preempt_disable func time=0.000884ms
    ylog.apsizer-243   [001] ...1   131.825699: __schedule: __schedule_1 prev=ylog.apsizer,prev_pid=243,preempt=0,preempt_count=1
    ylog.apsizer-243   [001] d..2   131.825702: sched_switch: prev_comm=ylog.apsizer prev_pid=243 prev_prio=120 prev_state=D ==> next_comm=du next_pid=2180 next_prio=120
              du-2180  [001] ...1   131.825705: __schedule: __schedule_2 prev=du,prev_pid=2180,next=ylog.apsizer,next_pid=243,preempt_count=1
              du-2180  [001] .n.1   131.827074: __schedule: __schedule_1 prev=du,prev_pid=2180,preempt=1,preempt_count=1
              du-2180  [001] d..2   131.827079: sched_switch: prev_comm=du prev_pid=2180 prev_prio=120 prev_state=R+ ==> next_comm=ylog.apsizer next_pid=243 next_prio=120
    ylog.apsizer-243   [001] ...1   131.827091: __schedule: __schedule_2 prev=ylog.apsizer,prev_pid=243,next=du,next_pid=2180,preempt_count=1
    ylog.apsizer-243   [001] ...1   131.827093: schedule: __schedule func 1.394885ms
    ylog.apsizer-243   [001] ....   131.827094: schedule: sched_preempt_enable_no_resched func 0.001539ms
    ylog.apsizer-243   [001] ....   131.827095: schedule: sched_preempt_enable_no_resched func preempt_count=0
          <idle>-0     [000] .n.1   131.827504: schedule_idle: enter_schedule_idle: preempt_count=1
          <idle>-0     [000] .n.1   131.827505: __schedule: __schedule_1 prev=swapper/0,prev_pid=0,preempt=0,preempt_count=1
          <idle>-0     [000] d..2   131.827509: sched_switch: prev_comm=swapper/0 prev_pid=0 prev_prio=120 prev_state=S ==> next_comm=logd.writer next_pid=198 next_prio=130
     logd.writer-198   [000] ...1   131.827511: __schedule: __schedule_2 prev=logd.writer,prev_pid=198,next=logd.reader.per,next_pid=1108,preempt_count=1
     logd.writer-198   [000] ...1   131.827513: schedule: __schedule func 31.597230ms
     logd.writer-198   [000] ....   131.827514: schedule: sched_preempt_enable_no_resched func 0.001385ms
     logd.writer-198   [000] ....   131.827515: schedule: sched_preempt_enable_no_resched func preempt_count=0
     logd.writer-198   [000] ....   131.827647: schedule: start disable: preempt_count()=0
     logd.writer-198   [000] ...1   131.827649: schedule: preempt_disable func time=0.002654ms
     logd.writer-198   [000] ...1   131.827651: __schedule: __schedule_1 prev=logd.writer,prev_pid=198,preempt=0,preempt_count=1
     logd.writer-198   [000] d..2   131.827656: sched_switch: prev_comm=logd.writer prev_pid=198 prev_prio=130 prev_state=D ==> next_comm=logd.reader.per next_pid=1108 next_prio=130
 logd.reader.per-1108  [000] ...1   131.827659: __schedule: __schedule_2 prev=logd.reader.per,prev_pid=1108,next=swapper/0,next_pid=0,preempt_count=1
 logd.reader.per-1108  [000] ...1   131.827661: schedule: __schedule func 31.666731ms
 logd.reader.per-1108  [000] ....   131.827663: schedule: sched_preempt_enable_no_resched func 0.001654ms
 logd.reader.per-1108  [000] ....   131.827664: schedule: sched_preempt_enable_no_resched func preempt_count=0
 logd.reader.per-1108  [000] ....   131.827742: schedule: start disable: preempt_count()=0
 logd.reader.per-1108  [000] ...1   131.827744: schedule: preempt_disable func time=0.001808ms
 logd.reader.per-1108  [000] ...1   131.827745: __schedule: __schedule_1 prev=logd.reader.per,prev_pid=1108,preempt=0,preempt_count=1
 logd.reader.per-1108  [000] d..2   131.827751: sched_switch: prev_comm=logd.reader.per prev_pid=1108 prev_prio=130 prev_state=D ==> next_comm=logd.writer next_pid=198 next_prio=130
     logd.writer-198   [000] ...1   131.827754: __schedule: __schedule_2 prev=logd.writer,prev_pid=198,next=logd.reader.per,next_pid=1108,preempt_count=1
     logd.writer-198   [000] ...1   131.827755: schedule: __schedule func 0.106615ms
     logd.writer-198   [000] ....   131.827757: schedule: sched_preempt_enable_no_resched func 0.001577ms
     logd.writer-198   [000] ....   131.827758: schedule: sched_preempt_enable_no_resched func preempt_count=0
     logd.writer-198   [000] ....   131.827812: schedule: start disable: preempt_count()=0
     logd.writer-198   [000] ...1   131.827814: schedule: preempt_disable func time=0.001769ms
     logd.writer-198   [000] ...1   131.827815: __schedule: __schedule_1 prev=logd.writer,prev_pid=198,preempt=0,preempt_count=1
     logd.writer-198   [000] d..2   131.827818: sched_switch: prev_comm=logd.writer prev_pid=198 prev_prio=130 prev_state=D ==> next_comm=logd.reader.per next_pid=1108 next_prio=130
 logd.reader.per-1108  [000] ...1   131.827821: __schedule: __schedule_2 prev=logd.reader.per,prev_pid=1108,next=logd.writer,next_pid=198,preempt_count=1
 logd.reader.per-1108  [000] ...1   131.827822: schedule: __schedule func 0.078346ms
 logd.reader.per-1108  [000] ....   131.827824: schedule: sched_preempt_enable_no_resched func 0.001308ms
 logd.reader.per-1108  [000] ....   131.827824: schedule: sched_preempt_enable_no_resched func preempt_count=0
    ylog.apsizer-243   [001] ....   131.827829: schedule: start disable: preempt_count()=0
    ylog.apsizer-243   [001] ...1   131.827831: schedule: preempt_disable func time=0.002077ms
    ylog.apsizer-243   [001] ...1   131.827832: __schedule: __schedule_1 prev=ylog.apsizer,prev_pid=243,preempt=0,preempt_count=1
    ylog.apsizer-243   [001] d..2   131.827836: sched_switch: prev_comm=ylog.apsizer prev_pid=243 prev_prio=120 prev_state=T ==> next_comm=collect_apr next_pid=1103 next_prio=120
     collect_apr-1103  [001] ...1   131.827842: __schedule: __schedule_2 prev=collect_apr,prev_pid=1103,next=du,next_pid=2180,preempt_count=1
     collect_apr-1103  [001] ...1   131.827843: schedule: __schedule func 31.825462ms
     collect_apr-1103  [001] ....   131.827844: schedule: sched_preempt_enable_no_resched func 0.001307ms
     collect_apr-1103  [001] ....   131.827845: schedule: sched_preempt_enable_no_resched func preempt_count=0
 logd.reader.per-1108  [000] ....   131.827858: schedule: start disable: preempt_count()=0
 logd.reader.per-1108  [000] ...1   131.827859: schedule: preempt_disable func time=0.001462ms
 logd.reader.per-1108  [000] ...1   131.827860: __schedule: __schedule_1 prev=logd.reader.per,prev_pid=1108,preempt=0,preempt_count=1
 logd.reader.per-1108  [000] d..2   131.827865: sched_switch: prev_comm=logd.reader.per prev_pid=1108 prev_prio=130 prev_state=D ==> next_comm=ylog.apsizer next_pid=2181 next_prio=120
     collect_apr-1103  [001] ....   131.827891: schedule: start disable: preempt_count()=0
     collect_apr-1103  [001] ...1   131.827892: schedule: preempt_disable func time=0.000769ms
     collect_apr-1103  [001] ...1   131.827893: __schedule: __schedule_1 prev=collect_apr,prev_pid=1103,preempt=0,preempt_count=1
     collect_apr-1103  [001] d..2   131.827897: sched_switch: prev_comm=collect_apr prev_pid=1103 prev_prio=120 prev_state=D ==> next_comm=du next_pid=2180 next_prio=120
              du-2180  [001] ...1   131.827899: __schedule: __schedule_2 prev=du,prev_pid=2180,next=ylog.apsizer,next_pid=243,preempt_count=1
              du-2180  [001] ...1   131.827902: __schedule: __schedule_1 prev=du,prev_pid=2180,preempt=0,preempt_count=1
              du-2180  [001] d..2   131.827912: sched_switch: prev_comm=du prev_pid=2180 prev_prio=120 prev_state=Z ==> next_comm=swapper/1 next_pid=0 next_prio=120
          <idle>-0     [001] ...1   131.827917: __schedule: __schedule_2 prev=swapper/1,prev_pid=0,next=ylog.apsizer,next_pid=243,preempt_count=1
          <idle>-0     [001] ...1   131.827918: schedule_idle: exit_schedule_idle: preempt_count=1
          <idle>-0     [001] .n.1   131.828207: schedule_idle: enter_schedule_idle: preempt_count=1
          <idle>-0     [001] .n.1   131.828208: __schedule: __schedule_1 prev=swapper/1,prev_pid=0,preempt=0,preempt_count=1
          <idle>-0     [001] d..2   131.828210: sched_switch: prev_comm=swapper/1 prev_pid=0 prev_prio=120 prev_state=S ==> next_comm=ylog.apsizer next_pid=243 next_prio=120
    ylog.apsizer-243   [001] ...1   131.828212: __schedule: __schedule_2 prev=ylog.apsizer,prev_pid=243,next=collect_apr,next_pid=1103,preempt_count=1
    ylog.apsizer-243   [001] ...1   131.828213: schedule: __schedule func 0.382192ms
    ylog.apsizer-243   [001] ....   131.828214: schedule: sched_preempt_enable_no_resched func 0.000769ms
    ylog.apsizer-243   [001] ....   131.828215: schedule: sched_preempt_enable_no_resched func preempt_count=0
    ylog.apsizer-243   [001] ....   131.828233: schedule: start disable: preempt_count()=0
    ylog.apsizer-243   [001] ...1   131.828234: schedule: preempt_disable func time=0.000769ms
    ylog.apsizer-243   [001] ...1   131.828235: __schedule: __schedule_1 prev=ylog.apsizer,prev_pid=243,preempt=0,preempt_count=1
    ylog.apsizer-243   [001] d..2   131.828237: sched_switch: prev_comm=ylog.apsizer prev_pid=243 prev_prio=120 prev_state=D ==> next_comm=swapper/1 next_pid=0 next_prio=120
          <idle>-0     [001] ...1   131.828238: __schedule: __schedule_2 prev=swapper/1,prev_pid=0,next=ylog.apsizer,next_pid=243,preempt_count=1
          <idle>-0     [001] ...1   131.828239: schedule_idle: exit_schedule_idle: preempt_count=1
          <idle>-0     [001] .n.1   131.829917: schedule_idle: enter_schedule_idle: preempt_count=1
          <idle>-0     [001] .n.1   131.829919: __schedule: __schedule_1 prev=swapper/1,prev_pid=0,preempt=0,preempt_count=1
          <idle>-0     [001] d..2   131.829921: sched_switch: prev_comm=swapper/1 prev_pid=0 prev_prio=120 prev_state=S ==> next_comm=rcu_preempt next_pid=8 next_prio=120
     rcu_preempt-8     [001] ...1   131.829923: __schedule: __schedule_2 prev=rcu_preempt,prev_pid=8,next=du,next_pid=2180,preempt_count=1
     rcu_preempt-8     [001] ...1   131.829924: schedule: __schedule func 7.956885ms
     rcu_preempt-8     [001] ....   131.829925: schedule: sched_preempt_enable_no_resched func 0.000653ms
     rcu_preempt-8     [001] ....   131.829926: schedule: sched_preempt_enable_no_resched func preempt_count=0
     rcu_preempt-8     [001] ....   131.829935: schedule: start disable: preempt_count()=0
     rcu_preempt-8     [001] ...1   131.829935: schedule: preempt_disable func time=0.000654ms
     rcu_preempt-8     [001] ...1   131.829936: __schedule: __schedule_1 prev=rcu_preempt,prev_pid=8,preempt=0,preempt_count=1
     rcu_preempt-8     [001] d..2   131.829939: sched_switch: prev_comm=rcu_preempt prev_pid=8 prev_prio=120 prev_state=R+ ==> next_comm=rcu_sched next_pid=9 next_prio=120
       rcu_sched-9     [001] ...1   131.829941: __schedule: __schedule_2 prev=rcu_sched,prev_pid=9,next=rcu_preempt,next_pid=8,preempt_count=1
       rcu_sched-9     [001] ...1   131.829942: schedule: __schedule func 7.995269ms
       rcu_sched-9     [001] ....   131.829943: schedule: sched_preempt_enable_no_resched func 0.000615ms
       rcu_sched-9     [001] ....   131.829943: schedule: sched_preempt_enable_no_resched func preempt_count=0
       rcu_sched-9     [001] ....   131.829949: schedule: start disable: preempt_count()=0
       rcu_sched-9     [001] ...1   131.829950: schedule: preempt_disable func time=0.001693ms
       rcu_sched-9     [001] ...1   131.829951: __schedule: __schedule_1 prev=rcu_sched,prev_pid=9,preempt=0,preempt_count=1
       rcu_sched-9     [001] d..2   131.829955: sched_switch: prev_comm=rcu_sched prev_pid=9 prev_prio=120 prev_state=R+ ==> next_comm=swapper/1 next_pid=0 next_prio=120
          <idle>-0     [001] ...1   131.829957: __schedule: __schedule_2 prev=swapper/1,prev_pid=0,next=rcu_preempt,next_pid=8,preempt_count=1
          <idle>-0     [001] ...1   131.829957: schedule_idle: exit_schedule_idle: preempt_count=1
          <idle>-0     [001] .n.1   131.833910: schedule_idle: enter_schedule_idle: preempt_count=1
          <idle>-0     [001] .n.1   131.833911: __schedule: __schedule_1 prev=swapper/1,prev_pid=0,preempt=0,preempt_count=1
          <idle>-0     [001] d..2   131.833913: sched_switch: prev_comm=swapper/1 prev_pid=0 prev_prio=120 prev_state=S ==> next_comm=rcu_preempt next_pid=8 next_prio=120
     rcu_preempt-8     [001] ...1   131.833914: __schedule: __schedule_2 prev=rcu_preempt,prev_pid=8,next=rcu_sched,next_pid=9,preempt_count=1
     rcu_preempt-8     [001] ...1   131.833915: schedule: __schedule func 3.979615ms
     rcu_preempt-8     [001] ....   131.833916: schedule: sched_preempt_enable_no_resched func 0.000654ms
     rcu_preempt-8     [001] ....   131.833916: schedule: sched_preempt_enable_no_resched func preempt_count=0
     rcu_preempt-8     [001] ....   131.833923: schedule: start disable: preempt_count()=0
     rcu_preempt-8     [001] ...1   131.833924: schedule: preempt_disable func time=0.000692ms
     rcu_preempt-8     [001] ...1   131.833925: __schedule: __schedule_1 prev=rcu_preempt,prev_pid=8,preempt=0,preempt_count=1
     rcu_preempt-8     [001] d..2   131.833930: sched_switch: prev_comm=rcu_preempt prev_pid=8 prev_prio=120 prev_state=R+ ==> next_comm=swapper/1 next_pid=0 next_prio=120
          <idle>-0     [001] ...1   131.833932: __schedule: __schedule_2 prev=swapper/1,prev_pid=0,next=rcu_preempt,next_pid=8,preempt_count=1
          <idle>-0     [001] ...1   131.833932: schedule_idle: exit_schedule_idle: preempt_count=1
              du-2181  [000] dn..   131.837922: schedule: start disable: preempt_count()=0
              du-2181  [000] dn.1   131.837925: schedule: preempt_disable func time=0.005115ms
          <idle>-0     [001] .n.1   131.837926: schedule_idle: enter_schedule_idle: preempt_count=1
              du-2181  [000] dn.1   131.837927: __schedule: __schedule_1 prev=sh,prev_pid=2181,preempt=0,preempt_count=1
          <idle>-0     [001] .n.1   131.837927: __schedule: __schedule_1 prev=swapper/1,prev_pid=0,preempt=0,preempt_count=1
          <idle>-0     [001] d..2   131.837929: sched_switch: prev_comm=swapper/1 prev_pid=0 prev_prio=120 prev_state=S ==> next_comm=kworker/u4:1 next_pid=137 next_prio=120
    kworker/u4:1-137   [001] ...1   131.837932: __schedule: __schedule_2 prev=kworker/u4:1,prev_pid=137,next=rcu_preempt,next_pid=8,preempt_count=1
    kworker/u4:1-137   [001] ...1   131.837932: schedule: __schedule func 1011.974265ms
              du-2181  [000] d..2   131.837933: sched_switch: prev_comm=sh prev_pid=2181 prev_prio=120 prev_state=S ==> next_comm=kworker/0:1 next_pid=21 next_prio=120
    kworker/u4:1-137   [001] ....   131.837933: schedule: sched_preempt_enable_no_resched func 0.000693ms
    kworker/u4:1-137   [001] ....   131.837934: schedule: sched_preempt_enable_no_resched func preempt_count=0
     kworker/0:1-21    [000] ...1   131.837940: __schedule: __schedule_2 prev=kworker/0:1,prev_pid=21,next=swapper/0,next_pid=0,preempt_count=1
     kworker/0:1-21    [000] ...1   131.837941: schedule: __schedule func 767.965189ms
     kworker/0:1-21    [000] ....   131.837942: schedule: sched_preempt_enable_no_resched func 0.001154ms
     kworker/0:1-21    [000] ....   131.837943: schedule: sched_preempt_enable_no_resched func preempt_count=0
    kworker/u4:1-137   [001] ....   131.837965: schedule: start disable: preempt_count()=0
    kworker/u4:1-137   [001] ...1   131.837965: schedule: preempt_disable func time=0.000731ms
    kworker/u4:1-137   [001] ...1   131.837966: __schedule: __schedule_1 prev=kworker/u4:1,prev_pid=137,preempt=0,preempt_count=1
    kworker/u4:1-137   [001] d..2   131.837970: sched_switch: prev_comm=kworker/u4:1 prev_pid=137 prev_prio=120 prev_state=T ==> next_comm=ksoftirqd/1 next_pid=17 next_prio=120
     ksoftirqd/1-17    [001] ...1   131.837972: __schedule: __schedule_2 prev=ksoftirqd/1,prev_pid=17,next=du,next_pid=2180,preempt_count=1
     ksoftirqd/1-17    [001] ...1   131.837973: schedule: __schedule func 27.595769ms
     ksoftirqd/1-17    [001] ....   131.837974: schedule: sched_preempt_enable_no_resched func 0.000615ms
     ksoftirqd/1-17    [001] ....   131.837974: schedule: sched_preempt_enable_no_resched func preempt_count=0
     kworker/0:1-21    [000] ....   131.837983: schedule: start disable: preempt_count()=0
     kworker/0:1-21    [000] ...1   131.837984: schedule: preempt_disable func time=0.001193ms
     kworker/0:1-21    [000] ...1   131.837986: __schedule: __schedule_1 prev=kworker/0:1,prev_pid=21,preempt=0,preempt_count=1
     kworker/0:1-21    [000] d..2   131.837991: sched_switch: prev_comm=kworker/0:1 prev_pid=21 prev_prio=120 prev_state=R+ ==> next_comm=sh next_pid=2181 next_prio=120
              du-2181  [000] ...1   131.837993: __schedule: __schedule_2 prev=sh,prev_pid=2181,next=kworker/0:1,next_pid=21,preempt_count=1
              du-2181  [000] ...1   131.837995: schedule: __schedule func 0.069962ms
              du-2181  [000] ....   131.837996: schedule: sched_preempt_enable_no_resched func 0.001077ms
              du-2181  [000] ....   131.837997: schedule: sched_preempt_enable_no_resched func preempt_count=0
     ksoftirqd/1-17    [001] ....   131.838113: schedule: start disable: preempt_count()=0
     ksoftirqd/1-17    [001] ...1   131.838114: schedule: preempt_disable func time=0.000808ms
     ksoftirqd/1-17    [001] ...1   131.838115: __schedule: __schedule_1 prev=ksoftirqd/1,prev_pid=17,preempt=0,preempt_count=1
     ksoftirqd/1-17    [001] d..2   131.838117: sched_switch: prev_comm=ksoftirqd/1 prev_pid=17 prev_prio=120 prev_state=D ==> next_comm=kworker/1:2 next_pid=129 next_prio=120
     kworker/1:2-129   [001] ...1   131.838119: __schedule: __schedule_2 prev=kworker/1:2,prev_pid=129,next=rcu_preempt,next_pid=8,preempt_count=1
     kworker/1:2-129   [001] ...1   131.838119: schedule: __schedule func 104.207192ms
     kworker/1:2-129   [001] ....   131.838120: schedule: sched_preempt_enable_no_resched func 0.000615ms
     kworker/1:2-129   [001] ....   131.838121: schedule: sched_preempt_enable_no_resched func preempt_count=0
     kworker/1:2-129   [001] ....   131.838136: schedule: start disable: preempt_count()=0
     kworker/1:2-129   [001] ...1   131.838137: schedule: preempt_disable func time=0.000692ms
     kworker/1:2-129   [001] ...1   131.838137: __schedule: __schedule_1 prev=kworker/1:2,prev_pid=129,preempt=0,preempt_count=1
     kworker/1:2-129   [001] d..2   131.838139: sched_switch: prev_comm=kworker/1:2 prev_pid=129 prev_prio=120 prev_state=R+ ==> next_comm=rcu_sched next_pid=9 next_prio=120
       rcu_sched-9     [001] ...1   131.838141: __schedule: __schedule_2 prev=rcu_sched,prev_pid=9,next=swapper/1,next_pid=0,preempt_count=1
       rcu_sched-9     [001] ...1   131.838141: schedule: __schedule func 8.191307ms
       rcu_sched-9     [001] ....   131.838142: schedule: sched_preempt_enable_no_resched func 0.000616ms
       rcu_sched-9     [001] ....   131.838143: schedule: sched_preempt_enable_no_resched func preempt_count=0
       rcu_sched-9     [001] ....   131.838149: schedule: start disable: preempt_count()=0
       rcu_sched-9     [001] ...1   131.838149: schedule: preempt_disable func time=0.000653ms
       rcu_sched-9     [001] ...1   131.838150: __schedule: __schedule_1 prev=rcu_sched,prev_pid=9,preempt=0,preempt_count=1
       rcu_sched-9     [001] d..2   131.838156: sched_switch: prev_comm=rcu_sched prev_pid=9 prev_prio=120 prev_state=R+ ==> next_comm=swapper/1 next_pid=0 next_prio=120
          <idle>-0     [001] ...1   131.838157: __schedule: __schedule_2 prev=swapper/1,prev_pid=0,next=kworker/u4:1,next_pid=137,preempt_count=1
          <idle>-0     [001] ...1   131.838158: schedule_idle: exit_schedule_idle: preempt_count=1
          <idle>-0     [001] .n.1   131.840060: schedule_idle: enter_schedule_idle: preempt_count=1
          <idle>-0     [001] .n.1   131.840061: __schedule: __schedule_1 prev=swapper/1,prev_pid=0,preempt=0,preempt_count=1
          <idle>-0     [001] d..2   131.840063: sched_switch: prev_comm=swapper/1 prev_pid=0 prev_prio=120 prev_state=S ==> next_comm=ylog.mbkernel/ next_pid=272 next_prio=120
  ylog.mbkernel/-272   [001] ...1   131.840064: __schedule: __schedule_2 prev=ylog.mbkernel/,prev_pid=272,next=swapper/1,next_pid=0,preempt_count=1
  ylog.mbkernel/-272   [001] ...1   131.840065: schedule: __schedule func 2000.056877ms
  ylog.mbkernel/-272   [001] ....   131.840066: schedule: sched_preempt_enable_no_resched func 0.000962ms
  ylog.mbkernel/-272   [001] ....   131.840067: schedule: sched_preempt_enable_no_resched func preempt_count=0
  ylog.mbkernel/-272   [001] ....   131.840185: schedule: start disable: preempt_count()=0
  ylog.mbkernel/-272   [001] ...1   131.840186: schedule: preempt_disable func time=0.001192ms
  ylog.mbkernel/-272   [001] ...1   131.840187: __schedule: __schedule_1 prev=ylog.mbkernel/,prev_pid=272,preempt=0,preempt_count=1
  ylog.mbkernel/-272   [001] d..2   131.840190: sched_switch: prev_comm=ylog.mbkernel/ prev_pid=272 prev_prio=120 prev_state=D ==> next_comm=swapper/1 next_pid=0 next_prio=120
          <idle>-0     [001] ...1   131.840192: __schedule: __schedule_2 prev=swapper/1,prev_pid=0,next=ylog.mbkernel/,next_pid=272,preempt_count=1
          <idle>-0     [001] ...1   131.840193: schedule_idle: exit_schedule_idle: preempt_count=1
          <idle>-0     [001] .n.1   131.841925: schedule_idle: enter_schedule_idle: preempt_count=1
          <idle>-0     [001] .n.1   131.841926: __schedule: __schedule_1 prev=swapper/1,prev_pid=0,preempt=0,preempt_count=1
          <idle>-0     [001] d..2   131.841929: sched_switch: prev_comm=swapper/1 prev_pid=0 prev_prio=120 prev_state=S ==> next_comm=ylog.rdkernel next_pid=283 next_prio=120
   ylog.rdkernel-283   [001] ...1   131.841932: __schedule: __schedule_2 prev=ylog.rdkernel,prev_pid=283,next=swapper/1,next_pid=0,preempt_count=1
   ylog.rdkernel-283   [001] ...1   131.841932: schedule: __schedule func 123.942077ms
   ylog.rdkernel-283   [001] ....   131.841933: schedule: sched_preempt_enable_no_resched func 0.000692ms
   ylog.rdkernel-283   [001] ....   131.841934: schedule: sched_preempt_enable_no_resched func preempt_count=0
   ylog.rdkernel-283   [001] ....   131.842022: schedule: start disable: preempt_count()=0
   ylog.rdkernel-283   [001] ...1   131.842023: schedule: preempt_disable func time=0.001615ms
   ylog.rdkernel-283   [001] ...1   131.842025: __schedule: __schedule_1 prev=ylog.rdkernel,prev_pid=283,preempt=0,preempt_count=1
   ylog.rdkernel-283   [001] d..2   131.842028: sched_switch: prev_comm=ylog.rdkernel prev_pid=283 prev_prio=120 prev_state=D ==> next_comm=rcu_preempt next_pid=8 next_prio=120
     rcu_preempt-8     [001] ...1   131.842031: __schedule: __schedule_2 prev=rcu_preempt,prev_pid=8,next=swapper/1,next_pid=0,preempt_count=1
     rcu_preempt-8     [001] ...1   131.842032: schedule: __schedule func 8.108423ms
     rcu_preempt-8     [001] ....   131.842034: schedule: sched_preempt_enable_no_resched func 0.000692ms
     rcu_preempt-8     [001] ....   131.842034: schedule: sched_preempt_enable_no_resched func preempt_count=0
     rcu_preempt-8     [001] ....   131.842047: schedule: start disable: preempt_count()=0
     rcu_preempt-8     [001] ...1   131.842048: schedule: preempt_disable func time=0.002423ms
     rcu_preempt-8     [001] ...1   131.842049: __schedule: __schedule_1 prev=rcu_preempt,prev_pid=8,preempt=0,preempt_count=1
     rcu_preempt-8     [001] d..2   131.842057: sched_switch: prev_comm=rcu_preempt prev_pid=8 prev_prio=120 prev_state=R+ ==> next_comm=swapper/1 next_pid=0 next_prio=120
          <idle>-0     [001] ...1   131.842059: __schedule: __schedule_2 prev=swapper/1,prev_pid=0,next=ylog.rdkernel,next_pid=283,preempt_count=1
          <idle>-0     [001] ...1   131.842059: schedule_idle: exit_schedule_idle: preempt_count=1
          <idle>-0     [001] .n.1   131.845924: schedule_idle: enter_schedule_idle: preempt_count=1
          <idle>-0     [001] .n.1   131.845926: __schedule: __schedule_1 prev=swapper/1,prev_pid=0,preempt=0,preempt_count=1
          <idle>-0     [001] d..2   131.845928: sched_switch: prev_comm=swapper/1 prev_pid=0 prev_prio=120 prev_state=S ==> next_comm=rcu_sched next_pid=9 next_prio=120
       rcu_sched-9     [001] ...1   131.845931: __schedule: __schedule_2 prev=rcu_sched,prev_pid=9,next=swapper/1,next_pid=0,preempt_count=1
       rcu_sched-9     [001] ...1   131.845931: schedule: __schedule func 7.782039ms
       rcu_sched-9     [001] ....   131.845932: schedule: sched_preempt_enable_no_resched func 0.000654ms
       rcu_sched-9     [001] ....   131.845933: schedule: sched_preempt_enable_no_resched func preempt_count=0
