          <idle>-0     [000] .n.1    99.938803: schedule_preempt_disabled: enter schedule_preempt_disabled: preempt_count=1
          <idle>-0     [000] .n..    99.938806: schedule: start disable: preempt_count()=0
          <idle>-0     [000] .n.1    99.938808: __schedule: __schedule_1 prev=swapper/0,prev_pid=0,preempt=1,preempt_count=1
          <idle>-0     [000] d..3    99.938811: sched_switch: prev_comm=swapper/0 prev_pid=0 prev_prio=120 prev_state=R+ ==> next_comm=sugov:0 next_pid=181 next_prio=49
         sugov:0-181   [000] ...1    99.938815: __schedule: __schedule_2 prev=sugov:0,prev_pid=181,next=swapper/2,next_pid=0,preempt_count=1
         sugov:0-181   [000] ...1    99.938817: schedule: __schedule func 5.352923ms
         sugov:0-181   [000] ....    99.938818: schedule: sched_preempt_enable_no_resched func 0.001807ms
         sugov:0-181   [000] ....    99.938819: schedule: sched_preempt_enable_no_resched func preempt_count=0
         sugov:0-181   [000] ....    99.938877: schedule: start disable: preempt_count()=0
         sugov:0-181   [000] ...1    99.938880: schedule: preempt_disable func time=0.002808ms
         sugov:0-181   [000] ...1    99.938883: __schedule: __schedule_1 prev=sugov:0,prev_pid=181,preempt=0,preempt_count=1
         sugov:0-181   [000] d..3    99.938921: sched_switch: prev_comm=sugov:0 prev_pid=181 prev_prio=49 prev_state=S ==> next_comm=swapper/0 next_pid=0 next_prio=120
          <idle>-0     [000] ...1    99.938940: __schedule: __schedule_2 prev=swapper/0,prev_pid=0,next=sugov:0,next_pid=181,preempt_count=1
          <idle>-0     [000] ...1    99.938943: schedule: preempt_disable func time=0.136500ms
          <idle>-0     [000] ...1    99.938945: __schedule: __schedule_1 prev=swapper/0,prev_pid=0,preempt=0,preempt_count=1
          <idle>-0     [000] ...1    99.938962: __schedule: __schedule_2 prev=swapper/0,prev_pid=0,next=swapper/0,next_pid=0,preempt_count=1
          <idle>-0     [000] ...1    99.938964: schedule: __schedule func 0.020884ms
          <idle>-0     [000] ....    99.938977: schedule: sched_preempt_enable_no_resched func 0.013500ms
          <idle>-0     [000] ....    99.938979: schedule: sched_preempt_enable_no_resched func preempt_count=0
          <idle>-0     [000] ...1    99.938981: schedule_preempt_disabled: exit schedule_preempt_disabled: preempt_count=1
          <idle>-0     [000] .n.1    99.982824: schedule_preempt_disabled: enter schedule_preempt_disabled: preempt_count=1
          <idle>-0     [000] .n..    99.982827: schedule: start disable: preempt_count()=0
          <idle>-0     [000] .n.1    99.982843: __schedule: __schedule_1 prev=swapper/0,prev_pid=0,preempt=1,preempt_count=1
          <idle>-0     [000] d..3    99.982863: sched_switch: prev_comm=swapper/0 prev_pid=0 prev_prio=120 prev_state=R+ ==> next_comm=kworker/0:0 next_pid=4 next_prio=120
     kworker/0:0-4     [000] ...1    99.982871: __schedule: __schedule_2 prev=kworker/0:0,prev_pid=4,next=f2fs_discard-25,next_pid=280,preempt_count=1
     kworker/0:0-4     [000] ...1    99.982873: schedule: __schedule func 50.791269ms
     kworker/0:0-4     [000] ....    99.982876: schedule: sched_preempt_enable_no_resched func 0.002615ms
     kworker/0:0-4     [000] ....    99.982878: schedule: sched_preempt_enable_no_resched func preempt_count=0
     kworker/0:0-4     [000] ....    99.982913: schedule: start disable: preempt_count()=0
     kworker/0:0-4     [000] ...1    99.982916: schedule: preempt_disable func time=0.003000ms
     kworker/0:0-4     [000] ...1    99.982919: __schedule: __schedule_1 prev=kworker/0:0,prev_pid=4,preempt=0,preempt_count=1
     kworker/0:0-4     [000] d..3    99.982957: sched_switch: prev_comm=kworker/0:0 prev_pid=4 prev_prio=120 prev_state=S ==> next_comm=swapper/0 next_pid=0 next_prio=120
          <idle>-0     [000] ...1    99.982974: __schedule: __schedule_2 prev=swapper/0,prev_pid=0,next=kworker/0:0,next_pid=4,preempt_count=1
          <idle>-0     [000] ...1    99.982977: schedule: preempt_disable func time=0.149423ms
          <idle>-0     [000] ...1    99.982980: __schedule: __schedule_1 prev=swapper/0,prev_pid=0,preempt=0,preempt_count=1
          <idle>-0     [000] ...1    99.982996: __schedule: __schedule_2 prev=swapper/0,prev_pid=0,next=swapper/0,next_pid=0,preempt_count=1
          <idle>-0     [000] ...1    99.982998: schedule: __schedule func 0.021384ms
          <idle>-0     [000] ....    99.983012: schedule: sched_preempt_enable_no_resched func 0.013539ms
          <idle>-0     [000] ....    99.983014: schedule: sched_preempt_enable_no_resched func preempt_count=0
          <idle>-0     [000] ...1    99.983016: schedule_preempt_disabled: exit schedule_preempt_disabled: preempt_count=1
          <idle>-0     [000] .n.1    99.983401: schedule_preempt_disabled: enter schedule_preempt_disabled: preempt_count=1
          <idle>-0     [000] .n..    99.983404: schedule: start disable: preempt_count()=0
          <idle>-0     [000] .n.1    99.983407: __schedule: __schedule_1 prev=swapper/0,prev_pid=0,preempt=1,preempt_count=1
          <idle>-0     [000] d..3    99.983415: sched_switch: prev_comm=swapper/0 prev_pid=0 prev_prio=120 prev_state=R+ ==> next_comm=f2fs_discard-25 next_pid=280 next_prio=120
 f2fs_discard-25-280   [000] ...1    99.983421: __schedule: __schedule_2 prev=f2fs_discard-25,prev_pid=280,next=swapper/1,next_pid=0,preempt_count=1
 f2fs_discard-25-280   [000] ...1    99.983424: schedule: __schedule func 50.470076ms
 f2fs_discard-25-280   [000] ....    99.983427: schedule: sched_preempt_enable_no_resched func 0.002731ms
 f2fs_discard-25-280   [000] ....    99.983428: schedule: sched_preempt_enable_no_resched func preempt_count=0
          <idle>-0     [001] .n.1    99.983448: schedule_preempt_disabled: enter schedule_preempt_disabled: preempt_count=1
          <idle>-0     [001] .n..    99.983453: schedule: start disable: preempt_count()=0
          <idle>-0     [001] .n.1    99.983456: __schedule: __schedule_1 prev=swapper/1,prev_pid=0,preempt=1,preempt_count=1
          <idle>-0     [001] d..3    99.983466: sched_switch: prev_comm=swapper/1 prev_pid=0 prev_prio=120 prev_state=R+ ==> next_comm=kworker/u16:1 next_pid=72 next_prio=120
   kworker/u16:1-72    [001] ...1    99.983474: __schedule: __schedule_2 prev=kworker/u16:1,prev_pid=72,next=swapper/1,next_pid=0,preempt_count=1
   kworker/u16:1-72    [001] ...1    99.983477: schedule: __schedule func 51.954346ms
   kworker/u16:1-72    [001] ....    99.983480: schedule: sched_preempt_enable_no_resched func 0.003077ms
   kworker/u16:1-72    [001] ....    99.983482: schedule: sched_preempt_enable_no_resched func preempt_count=0
   kworker/u16:1-72    [001] ....    99.983506: schedule: start disable: preempt_count()=0
   kworker/u16:1-72    [001] ...1    99.983510: schedule: preempt_disable func time=0.002924ms
   kworker/u16:1-72    [001] ...1    99.983512: __schedule: __schedule_1 prev=kworker/u16:1,prev_pid=72,preempt=0,preempt_count=1
   kworker/u16:1-72    [001] d..3    99.983538: sched_switch: prev_comm=kworker/u16:1 prev_pid=72 prev_prio=120 prev_state=S ==> next_comm=swapper/1 next_pid=0 next_prio=120
          <idle>-0     [001] ...1    99.983545: __schedule: __schedule_2 prev=swapper/1,prev_pid=0,next=kworker/u16:1,next_pid=72,preempt_count=1
          <idle>-0     [001] ...1    99.983548: schedule: preempt_disable func time=0.095116ms
          <idle>-0     [001] ...1    99.983551: __schedule: __schedule_1 prev=swapper/1,prev_pid=0,preempt=0,preempt_count=1
          <idle>-0     [001] ...1    99.983568: __schedule: __schedule_2 prev=swapper/1,prev_pid=0,next=swapper/1,next_pid=0,preempt_count=1
          <idle>-0     [001] ...1    99.983570: schedule: __schedule func 0.022538ms
          <idle>-0     [001] ....    99.983576: schedule: sched_preempt_enable_no_resched func 0.005462ms
          <idle>-0     [001] ....    99.983577: schedule: sched_preempt_enable_no_resched func preempt_count=0
          <idle>-0     [001] ...1    99.983580: schedule_preempt_disabled: exit schedule_preempt_disabled: preempt_count=1
 f2fs_discard-25-280   [000] ....    99.983607: schedule: start disable: preempt_count()=0
          <idle>-0     [001] .n.1    99.983609: schedule_preempt_disabled: enter schedule_preempt_disabled: preempt_count=1
          <idle>-0     [001] .n..    99.983621: schedule: start disable: preempt_count()=0
 f2fs_discard-25-280   [000] ...1    99.983622: schedule: preempt_disable func time=0.015269ms
          <idle>-0     [001] .n.1    99.983624: __schedule: __schedule_1 prev=swapper/1,prev_pid=0,preempt=1,preempt_count=1
 f2fs_discard-25-280   [000] ...1    99.983625: __schedule: __schedule_1 prev=f2fs_discard-25,prev_pid=280,preempt=0,preempt_count=1
          <idle>-0     [001] d..3    99.983629: sched_switch: prev_comm=swapper/1 prev_pid=0 prev_prio=120 prev_state=R+ ==> next_comm=mmcqd/0 next_pid=197 next_prio=98
         mmcqd/0-197   [001] ...1    99.983635: __schedule: __schedule_2 prev=mmcqd/0,prev_pid=197,next=swapper/1,next_pid=0,preempt_count=1
         mmcqd/0-197   [001] ...1    99.983638: schedule: __schedule func 50.574846ms
         mmcqd/0-197   [001] ....    99.983640: schedule: sched_preempt_enable_no_resched func 0.002500ms
         mmcqd/0-197   [001] ....    99.983642: schedule: sched_preempt_enable_no_resched func preempt_count=0
 f2fs_discard-25-280   [000] d..3    99.983652: sched_switch: prev_comm=f2fs_discard-25 prev_pid=280 prev_prio=120 prev_state=D ==> next_comm=swapper/0 next_pid=0 next_prio=120
          <idle>-0     [000] ...1    99.983659: __schedule: __schedule_2 prev=swapper/0,prev_pid=0,next=f2fs_discard-25,next_pid=280,preempt_count=1
          <idle>-0     [000] ...1    99.983663: schedule: preempt_disable func time=0.258346ms
          <idle>-0     [000] ...1    99.983665: __schedule: __schedule_1 prev=swapper/0,prev_pid=0,preempt=0,preempt_count=1
          <idle>-0     [000] ...1    99.983681: __schedule: __schedule_2 prev=swapper/0,prev_pid=0,next=swapper/0,next_pid=0,preempt_count=1
          <idle>-0     [000] ...1    99.983684: schedule: __schedule func 0.021654ms
          <idle>-0     [000] ....    99.983687: schedule: sched_preempt_enable_no_resched func 0.003077ms
          <idle>-0     [000] ....    99.983689: schedule: sched_preempt_enable_no_resched func preempt_count=0
          <idle>-0     [000] ...1    99.983691: schedule_preempt_disabled: exit schedule_preempt_disabled: preempt_count=1
         mmcqd/0-197   [001] ....    99.983713: schedule: start disable: preempt_count()=0
         mmcqd/0-197   [001] ...1    99.983727: schedule: preempt_disable func time=0.014500ms
         mmcqd/0-197   [001] ...1    99.983730: __schedule: __schedule_1 prev=mmcqd/0,prev_pid=197,preempt=0,preempt_count=1
         mmcqd/0-197   [001] d..3    99.983758: sched_switch: prev_comm=mmcqd/0 prev_pid=197 prev_prio=98 prev_state=D ==> next_comm=swapper/1 next_pid=0 next_prio=120
          <idle>-0     [001] ...1    99.983782: __schedule: __schedule_2 prev=swapper/1,prev_pid=0,next=mmcqd/0,next_pid=197,preempt_count=1
          <idle>-0     [001] ...1    99.983785: schedule: preempt_disable func time=0.163577ms
          <idle>-0     [001] ...1    99.983788: __schedule: __schedule_1 prev=swapper/1,prev_pid=0,preempt=0,preempt_count=1
          <idle>-0     [000] .n.1    99.983805: schedule_preempt_disabled: enter schedule_preempt_disabled: preempt_count=1
          <idle>-0     [001] ...1    99.983805: __schedule: __schedule_2 prev=swapper/1,prev_pid=0,next=swapper/1,next_pid=0,preempt_count=1
          <idle>-0     [001] ...1    99.983807: schedule: __schedule func 0.022077ms
          <idle>-0     [000] .n..    99.983807: schedule: start disable: preempt_count()=0
          <idle>-0     [001] ....    99.983810: schedule: sched_preempt_enable_no_resched func 0.002923ms
          <idle>-0     [000] .n.1    99.983810: __schedule: __schedule_1 prev=swapper/0,prev_pid=0,preempt=1,preempt_count=1
          <idle>-0     [001] ....    99.983813: schedule: sched_preempt_enable_no_resched func preempt_count=0
          <idle>-0     [001] ...1    99.983815: schedule_preempt_disabled: exit schedule_preempt_disabled: preempt_count=1
          <idle>-0     [000] d..3    99.983816: sched_switch: prev_comm=swapper/0 prev_pid=0 prev_prio=120 prev_state=R+ ==> next_comm=mmcqd/0 next_pid=197 next_prio=98
         mmcqd/0-197   [000] ...1    99.983822: __schedule: __schedule_2 prev=mmcqd/0,prev_pid=197,next=swapper/1,next_pid=0,preempt_count=1
         mmcqd/0-197   [000] ...1    99.983826: schedule: __schedule func 0.097539ms
         mmcqd/0-197   [000] ....    99.983829: schedule: sched_preempt_enable_no_resched func 0.004384ms
         mmcqd/0-197   [000] ....    99.983831: schedule: sched_preempt_enable_no_resched func preempt_count=0
         mmcqd/0-197   [000] ....    99.983881: schedule: start disable: preempt_count()=0
         mmcqd/0-197   [000] ...1    99.983884: schedule: preempt_disable func time=0.002808ms
         mmcqd/0-197   [000] ...1    99.983893: __schedule: __schedule_1 prev=mmcqd/0,prev_pid=197,preempt=0,preempt_count=1
         mmcqd/0-197   [000] ...1    99.983903: __schedule: __schedule_2 prev=mmcqd/0,prev_pid=197,next=mmcqd/0,next_pid=197,preempt_count=1
         mmcqd/0-197   [000] ...1    99.983905: schedule: __schedule func 0.021192ms
         mmcqd/0-197   [000] ....    99.983908: schedule: sched_preempt_enable_no_resched func 0.003154ms
         mmcqd/0-197   [000] ....    99.983910: schedule: sched_preempt_enable_no_resched func preempt_count=0
         mmcqd/0-197   [000] ....    99.983933: schedule: start disable: preempt_count()=0
         mmcqd/0-197   [000] ...1    99.983948: schedule: preempt_disable func time=0.015270ms
         mmcqd/0-197   [000] ...1    99.983950: __schedule: __schedule_1 prev=mmcqd/0,prev_pid=197,preempt=0,preempt_count=1
         mmcqd/0-197   [000] d..3    99.983974: sched_switch: prev_comm=mmcqd/0 prev_pid=197 prev_prio=98 prev_state=D ==> next_comm=swapper/0 next_pid=0 next_prio=120
          <idle>-0     [000] ...1    99.983981: __schedule: __schedule_2 prev=swapper/0,prev_pid=0,next=mmcqd/0,next_pid=197,preempt_count=1
          <idle>-0     [000] ...1    99.983984: schedule: preempt_disable func time=0.176769ms
          <idle>-0     [000] ...1    99.983988: __schedule: __schedule_1 prev=swapper/0,prev_pid=0,preempt=0,preempt_count=1
          <idle>-0     [000] ...1    99.984003: __schedule: __schedule_2 prev=swapper/0,prev_pid=0,next=swapper/0,next_pid=0,preempt_count=1
          <idle>-0     [000] ...1    99.984005: schedule: __schedule func 0.020885ms
          <idle>-0     [000] .n..    99.984037: schedule: sched_preempt_enable_no_resched func 0.030807ms
          <idle>-0     [000] .n.1    99.984046: __schedule: __schedule_1 prev=swapper/0,prev_pid=0,preempt=1,preempt_count=1
          <idle>-0     [000] d..3    99.984050: sched_switch: prev_comm=swapper/0 prev_pid=0 prev_prio=120 prev_state=R+ ==> next_comm=mmcqd/0 next_pid=197 next_prio=98
         mmcqd/0-197   [000] ...1    99.984055: __schedule: __schedule_2 prev=mmcqd/0,prev_pid=197,next=swapper/0,next_pid=0,preempt_count=1
         mmcqd/0-197   [000] ...1    99.984058: schedule: __schedule func 0.110423ms
         mmcqd/0-197   [000] ....    99.984061: schedule: sched_preempt_enable_no_resched func 0.002500ms
         mmcqd/0-197   [000] ....    99.984062: schedule: sched_preempt_enable_no_resched func preempt_count=0
         mmcqd/0-197   [000] ....    99.984097: schedule: start disable: preempt_count()=0
         mmcqd/0-197   [000] ...1    99.984100: schedule: preempt_disable func time=0.002923ms
         mmcqd/0-197   [000] ...1    99.984102: __schedule: __schedule_1 prev=mmcqd/0,prev_pid=197,preempt=0,preempt_count=1
         mmcqd/0-197   [000] ...1    99.984123: __schedule: __schedule_2 prev=mmcqd/0,prev_pid=197,next=mmcqd/0,next_pid=197,preempt_count=1
         mmcqd/0-197   [000] ...1    99.984125: schedule: __schedule func 0.025885ms
         mmcqd/0-197   [000] ....    99.984128: schedule: sched_preempt_enable_no_resched func 0.002539ms
         mmcqd/0-197   [000] ....    99.984130: schedule: sched_preempt_enable_no_resched func preempt_count=0
          <idle>-0     [001] .n.1    99.984190: schedule_preempt_disabled: enter schedule_preempt_disabled: preempt_count=1
          <idle>-0     [001] .n..    99.984193: schedule: start disable: preempt_count()=0
          <idle>-0     [001] .n.1    99.984208: __schedule: __schedule_1 prev=swapper/1,prev_pid=0,preempt=1,preempt_count=1
          <idle>-0     [001] d..3    99.984216: sched_switch: prev_comm=swapper/1 prev_pid=0 prev_prio=120 prev_state=R+ ==> next_comm=f2fs_discard-25 next_pid=280 next_prio=120
 f2fs_discard-25-280   [001] ...1    99.984222: __schedule: __schedule_2 prev=f2fs_discard-25,prev_pid=280,next=swapper/0,next_pid=0,preempt_count=1
 f2fs_discard-25-280   [001] ...1    99.984224: schedule: __schedule func 0.602616ms
 f2fs_discard-25-280   [001] ....    99.984227: schedule: sched_preempt_enable_no_resched func 0.002615ms
 f2fs_discard-25-280   [001] ....    99.984229: schedule: sched_preempt_enable_no_resched func preempt_count=0
 f2fs_discard-25-280   [001] ....    99.984262: schedule: start disable: preempt_count()=0
 f2fs_discard-25-280   [001] ...1    99.984265: schedule: preempt_disable func time=0.002693ms
         mmcqd/0-197   [000] ....    99.984267: schedule: start disable: preempt_count()=0
 f2fs_discard-25-280   [001] ...1    99.984268: __schedule: __schedule_1 prev=f2fs_discard-25,prev_pid=280,preempt=0,preempt_count=1
         mmcqd/0-197   [000] ...1    99.984271: schedule: preempt_disable func time=0.004116ms
         mmcqd/0-197   [000] ...1    99.984275: __schedule: __schedule_1 prev=mmcqd/0,prev_pid=197,preempt=0,preempt_count=1
         mmcqd/0-197   [000] d..3    99.984287: sched_switch: prev_comm=mmcqd/0 prev_pid=197 prev_prio=98 prev_state=S ==> next_comm=kworker/0:1H next_pid=255 next_prio=100
 f2fs_discard-25-280   [001] d..3    99.984291: sched_switch: prev_comm=f2fs_discard-25 prev_pid=280 prev_prio=120 prev_state=S ==> next_comm=swapper/1 next_pid=0 next_prio=120
    kworker/0:1H-255   [000] ...1    99.984301: __schedule: __schedule_2 prev=kworker/0:1H,prev_pid=255,next=swapper/0,next_pid=0,preempt_count=1
          <idle>-0     [001] ...1    99.984301: __schedule: __schedule_2 prev=swapper/1,prev_pid=0,next=f2fs_discard-25,next_pid=280,preempt_count=1
    kworker/0:1H-255   [000] ...1    99.984304: schedule: __schedule func 51.268923ms
          <idle>-0     [001] ...1    99.984304: schedule: preempt_disable func time=0.110884ms
    kworker/0:1H-255   [000] ....    99.984306: schedule: sched_preempt_enable_no_resched func 0.002769ms
          <idle>-0     [001] ...1    99.984307: __schedule: __schedule_1 prev=swapper/1,prev_pid=0,preempt=0,preempt_count=1
    kworker/0:1H-255   [000] ....    99.984308: schedule: sched_preempt_enable_no_resched func preempt_count=0
          <idle>-0     [001] .n.1    99.984324: __schedule: __schedule_2 prev=swapper/1,prev_pid=0,next=swapper/1,next_pid=0,preempt_count=1
          <idle>-0     [001] .n.1    99.984330: schedule: __schedule func 0.023154ms
          <idle>-0     [001] .n..    99.984333: schedule: sched_preempt_enable_no_resched func 0.005308ms
    kworker/0:1H-255   [000] ....    99.984333: schedule: start disable: preempt_count()=0
          <idle>-0     [001] .n.1    99.984335: __schedule: __schedule_1 prev=swapper/1,prev_pid=0,preempt=1,preempt_count=1
    kworker/0:1H-255   [000] ...1    99.984336: schedule: preempt_disable func time=0.002692ms
          <idle>-0     [001] d..3    99.984339: sched_switch: prev_comm=swapper/1 prev_pid=0 prev_prio=120 prev_state=R+ ==> next_comm=mmcqd/0 next_pid=197 next_prio=98
    kworker/0:1H-255   [000] ...1    99.984339: __schedule: __schedule_1 prev=kworker/0:1H,prev_pid=255,preempt=0,preempt_count=1
         mmcqd/0-197   [001] ...1    99.984345: __schedule: __schedule_2 prev=mmcqd/0,prev_pid=197,next=kworker/0:1H,next_pid=255,preempt_count=1
         mmcqd/0-197   [001] ...1    99.984347: schedule: __schedule func 0.076692ms
         mmcqd/0-197   [001] ....    99.984350: schedule: sched_preempt_enable_no_resched func 0.002346ms
         mmcqd/0-197   [001] ....    99.984352: schedule: sched_preempt_enable_no_resched func preempt_count=0
         mmcqd/0-197   [001] ....    99.984362: schedule: start disable: preempt_count()=0
    kworker/0:1H-255   [000] d..3    99.984363: sched_switch: prev_comm=kworker/0:1H prev_pid=255 prev_prio=100 prev_state=S ==> next_comm=swapper/0 next_pid=0 next_prio=120
         mmcqd/0-197   [001] ...1    99.984364: schedule: preempt_disable func time=0.002385ms
         mmcqd/0-197   [001] ...1    99.984367: __schedule: __schedule_1 prev=mmcqd/0,prev_pid=197,preempt=0,preempt_count=1
          <idle>-0     [000] ...1    99.984370: __schedule: __schedule_2 prev=swapper/0,prev_pid=0,next=mmcqd/0,next_pid=197,preempt_count=1
          <idle>-0     [000] ....    99.984372: schedule: sched_preempt_enable_no_resched func preempt_count=0
          <idle>-0     [000] ...1    99.984375: schedule_preempt_disabled: exit schedule_preempt_disabled: preempt_count=1
         mmcqd/0-197   [001] d..3    99.984387: sched_switch: prev_comm=mmcqd/0 prev_pid=197 prev_prio=98 prev_state=S ==> next_comm=swapper/1 next_pid=0 next_prio=120
          <idle>-0     [001] ...1    99.984394: __schedule: __schedule_2 prev=swapper/1,prev_pid=0,next=mmcqd/0,next_pid=197,preempt_count=1
          <idle>-0     [001] ....    99.984396: schedule: sched_preempt_enable_no_resched func preempt_count=0
          <idle>-0     [001] ...1    99.984398: schedule_preempt_disabled: exit schedule_preempt_disabled: preempt_count=1
          <idle>-0     [002] .n.1    99.984642: schedule_preempt_disabled: enter schedule_preempt_disabled: preempt_count=1
          <idle>-0     [002] .n..    99.984653: schedule: start disable: preempt_count()=0
          <idle>-0     [002] .n.1    99.984657: __schedule: __schedule_1 prev=swapper/2,prev_pid=0,preempt=1,preempt_count=1
          <idle>-0     [002] d..3    99.984663: sched_switch: prev_comm=swapper/2 prev_pid=0 prev_prio=120 prev_state=R+ ==> next_comm=sugov:0 next_pid=181 next_prio=49
         sugov:0-181   [002] ...1    99.984670: __schedule: __schedule_2 prev=sugov:0,prev_pid=181,next=swapper/0,next_pid=0,preempt_count=1
         sugov:0-181   [002] ...1    99.984672: schedule: __schedule func 45.792115ms
         sugov:0-181   [002] ....    99.984675: schedule: sched_preempt_enable_no_resched func 0.002846ms
         sugov:0-181   [002] ....    99.984677: schedule: sched_preempt_enable_no_resched func preempt_count=0
          <idle>-0     [000] .n.1    99.984703: schedule_preempt_disabled: enter schedule_preempt_disabled: preempt_count=1
          <idle>-0     [000] .n..    99.984719: schedule: start disable: preempt_count()=0
          <idle>-0     [000] .n.1    99.984722: __schedule: __schedule_1 prev=swapper/0,prev_pid=0,preempt=1,preempt_count=1
          <idle>-0     [000] d..3    99.984730: sched_switch: prev_comm=swapper/0 prev_pid=0 prev_prio=120 prev_state=R+ ==> next_comm=sugov_perf:0 next_pid=182 next_prio=120
    sugov_perf:0-182   [000] ...1    99.984736: __schedule: __schedule_2 prev=sugov_perf:0,prev_pid=182,next=swapper/0,next_pid=0,preempt_count=1
    sugov_perf:0-182   [000] ...1    99.984738: schedule: __schedule func 51.304269ms
    sugov_perf:0-182   [000] ....    99.984741: schedule: sched_preempt_enable_no_resched func 0.002731ms
    sugov_perf:0-182   [000] ....    99.984743: schedule: sched_preempt_enable_no_resched func preempt_count=0
    sugov_perf:0-182   [000] ....    99.984745: schedule: start disable: preempt_count()=0
    sugov_perf:0-182   [000] ...1    99.984747: schedule: preempt_disable func time=0.002576ms
    sugov_perf:0-182   [000] ...1    99.984750: __schedule: __schedule_1 prev=sugov_perf:0,prev_pid=182,preempt=0,preempt_count=1
         sugov:0-181   [002] ....    99.984751: schedule: start disable: preempt_count()=0
         sugov:0-181   [002] ...1    99.984754: schedule: preempt_disable func time=0.003231ms
         sugov:0-181   [002] ...1    99.984758: __schedule: __schedule_1 prev=sugov:0,prev_pid=181,preempt=0,preempt_count=1
    sugov_perf:0-182   [000] d..3    99.984774: sched_switch: prev_comm=sugov_perf:0 prev_pid=182 prev_prio=120 prev_state=S ==> next_comm=swapper/0 next_pid=0 next_prio=120
          <idle>-0     [000] ...1    99.984780: __schedule: __schedule_2 prev=swapper/0,prev_pid=0,next=sugov_perf:0,next_pid=182,preempt_count=1
          <idle>-0     [000] ...1    99.984783: schedule: preempt_disable func time=0.064307ms
          <idle>-0     [000] ...1    99.984786: __schedule: __schedule_1 prev=swapper/0,prev_pid=0,preempt=0,preempt_count=1
          <idle>-0     [000] ...1    99.984803: __schedule: __schedule_2 prev=swapper/0,prev_pid=0,next=swapper/0,next_pid=0,preempt_count=1
         sugov:0-181   [002] d..3    99.984803: sched_switch: prev_comm=sugov:0 prev_pid=181 prev_prio=49 prev_state=S ==> next_comm=swapper/2 next_pid=0 next_prio=120
          <idle>-0     [000] ...1    99.984805: schedule: __schedule func 0.021693ms
          <idle>-0     [000] ....    99.984808: schedule: sched_preempt_enable_no_resched func 0.002807ms
          <idle>-0     [000] ....    99.984809: schedule: sched_preempt_enable_no_resched func preempt_count=0
          <idle>-0     [000] ...1    99.984812: schedule_preempt_disabled: exit schedule_preempt_disabled: preempt_count=1
          <idle>-0     [002] ...1    99.984821: __schedule: __schedule_2 prev=swapper/2,prev_pid=0,next=sugov:0,next_pid=181,preempt_count=1
          <idle>-0     [002] ...1    99.984824: schedule: preempt_disable func time=0.170808ms
          <idle>-0     [002] ...1    99.984827: __schedule: __schedule_1 prev=swapper/2,prev_pid=0,preempt=0,preempt_count=1
          <idle>-0     [002] ...1    99.984844: __schedule: __schedule_2 prev=swapper/2,prev_pid=0,next=swapper/2,next_pid=0,preempt_count=1
          <idle>-0     [002] ...1    99.984853: schedule: __schedule func 0.029192ms
          <idle>-0     [002] ....    99.984856: schedule: sched_preempt_enable_no_resched func 0.002846ms
          <idle>-0     [002] ....    99.984858: schedule: sched_preempt_enable_no_resched func preempt_count=0
          <idle>-0     [002] ...1    99.984860: schedule_preempt_disabled: exit schedule_preempt_disabled: preempt_count=1
          <idle>-0     [000] .n.1    99.990796: schedule_preempt_disabled: enter schedule_preempt_disabled: preempt_count=1
          <idle>-0     [000] .n..    99.990798: schedule: start disable: preempt_count()=0
          <idle>-0     [000] .n.1    99.990800: __schedule: __schedule_1 prev=swapper/0,prev_pid=0,preempt=1,preempt_count=1
          <idle>-0     [000] d..3    99.990802: sched_switch: prev_comm=swapper/0 prev_pid=0 prev_prio=120 prev_state=R+ ==> next_comm=sugov:0 next_pid=181 next_prio=49
         sugov:0-181   [000] ...1    99.990807: __schedule: __schedule_2 prev=sugov:0,prev_pid=181,next=swapper/2,next_pid=0,preempt_count=1
         sugov:0-181   [000] ...1    99.990808: schedule: __schedule func 6.054616ms
         sugov:0-181   [000] ....    99.990810: schedule: sched_preempt_enable_no_resched func 0.001807ms
         sugov:0-181   [000] ....    99.990811: schedule: sched_preempt_enable_no_resched func preempt_count=0
         sugov:0-181   [000] ....    99.990855: schedule: start disable: preempt_count()=0
         sugov:0-181   [000] ...1    99.990871: schedule: preempt_disable func time=0.014692ms
         sugov:0-181   [000] ...1    99.990873: __schedule: __schedule_1 prev=sugov:0,prev_pid=181,preempt=0,preempt_count=1
         sugov:0-181   [000] d..3    99.990909: sched_switch: prev_comm=sugov:0 prev_pid=181 prev_prio=49 prev_state=S ==> next_comm=swapper/0 next_pid=0 next_prio=120
          <idle>-0     [000] ...1    99.990916: __schedule: __schedule_2 prev=swapper/0,prev_pid=0,next=sugov:0,next_pid=181,preempt_count=1
          <idle>-0     [000] ...1    99.990919: schedule: preempt_disable func time=0.120423ms
          <idle>-0     [000] ...1    99.990922: __schedule: __schedule_1 prev=swapper/0,prev_pid=0,preempt=0,preempt_count=1
          <idle>-0     [000] ...1    99.990938: __schedule: __schedule_2 prev=swapper/0,prev_pid=0,next=swapper/0,next_pid=0,preempt_count=1
          <idle>-0     [000] ...1    99.990940: schedule: __schedule func 0.021500ms
          <idle>-0     [000] ....    99.990953: schedule: sched_preempt_enable_no_resched func 0.012846ms
          <idle>-0     [000] ....    99.990955: schedule: sched_preempt_enable_no_resched func preempt_count=0
          <idle>-0     [000] ...1    99.990959: schedule_preempt_disabled: exit schedule_preempt_disabled: preempt_count=1
          <idle>-0     [000] .n.1   100.034824: schedule_preempt_disabled: enter schedule_preempt_disabled: preempt_count=1
          <idle>-0     [000] .n..   100.034827: schedule: start disable: preempt_count()=0
          <idle>-0     [000] .n.1   100.034840: __schedule: __schedule_1 prev=swapper/0,prev_pid=0,preempt=1,preempt_count=1
          <idle>-0     [000] d..3   100.034849: sched_switch: prev_comm=swapper/0 prev_pid=0 prev_prio=120 prev_state=R+ ==> next_comm=kworker/0:0 next_pid=4 next_prio=120
     kworker/0:0-4     [000] ...1   100.034855: __schedule: __schedule_2 prev=kworker/0:0,prev_pid=4,next=swapper/0,next_pid=0,preempt_count=1
     kworker/0:0-4     [000] ...1   100.034858: schedule: __schedule func 51.942154ms
     kworker/0:0-4     [000] ....   100.034861: schedule: sched_preempt_enable_no_resched func 0.002769ms
     kworker/0:0-4     [000] ....   100.034862: schedule: sched_preempt_enable_no_resched func preempt_count=0
     kworker/0:0-4     [000] ....   100.034905: schedule: start disable: preempt_count()=0
     kworker/0:0-4     [000] ...1   100.034908: schedule: preempt_disable func time=0.002731ms
     kworker/0:0-4     [000] ...1   100.034924: __schedule: __schedule_1 prev=kworker/0:0,prev_pid=4,preempt=0,preempt_count=1
     kworker/0:0-4     [000] d..3   100.034966: sched_switch: prev_comm=kworker/0:0 prev_pid=4 prev_prio=120 prev_state=S ==> next_comm=swapper/0 next_pid=0 next_prio=120
          <idle>-0     [000] ...1   100.034985: __schedule: __schedule_2 prev=swapper/0,prev_pid=0,next=kworker/0:0,next_pid=4,preempt_count=1
          <idle>-0     [000] ...1   100.034988: schedule: preempt_disable func time=0.160539ms
          <idle>-0     [000] ...1   100.034991: __schedule: __schedule_1 prev=swapper/0,prev_pid=0,preempt=0,preempt_count=1
          <idle>-0     [000] ...1   100.035007: __schedule: __schedule_2 prev=swapper/0,prev_pid=0,next=swapper/0,next_pid=0,preempt_count=1
          <idle>-0     [000] ...1   100.035022: schedule: __schedule func 0.033769ms
          <idle>-0     [000] ....   100.035025: schedule: sched_preempt_enable_no_resched func 0.002731ms
          <idle>-0     [000] ....   100.035027: schedule: sched_preempt_enable_no_resched func preempt_count=0
          <idle>-0     [000] ...1   100.035029: schedule_preempt_disabled: exit schedule_preempt_disabled: preempt_count=1
          <idle>-0     [000] .n.1   100.035402: schedule_preempt_disabled: enter schedule_preempt_disabled: preempt_count=1
          <idle>-0     [000] .n..   100.035404: schedule: start disable: preempt_count()=0
          <idle>-0     [000] .n.1   100.035408: __schedule: __schedule_1 prev=swapper/0,prev_pid=0,preempt=1,preempt_count=1
          <idle>-0     [000] d..3   100.035415: sched_switch: prev_comm=swapper/0 prev_pid=0 prev_prio=120 prev_state=R+ ==> next_comm=f2fs_discard-25 next_pid=280 next_prio=120
 f2fs_discard-25-280   [000] ...1   100.035422: __schedule: __schedule_2 prev=f2fs_discard-25,prev_pid=280,next=swapper/1,next_pid=0,preempt_count=1
 f2fs_discard-25-280   [000] ...1   100.035425: schedule: __schedule func 51.159769ms
 f2fs_discard-25-280   [000] ....   100.035427: schedule: sched_preempt_enable_no_resched func 0.002692ms
 f2fs_discard-25-280   [000] ....   100.035429: schedule: sched_preempt_enable_no_resched func preempt_count=0
          <idle>-0     [001] .n.1   100.035448: schedule_preempt_disabled: enter schedule_preempt_disabled: preempt_count=1
          <idle>-0     [001] .n..   100.035453: schedule: start disable: preempt_count()=0
          <idle>-0     [001] .n.1   100.035457: __schedule: __schedule_1 prev=swapper/1,prev_pid=0,preempt=1,preempt_count=1
          <idle>-0     [001] d..3   100.035466: sched_switch: prev_comm=swapper/1 prev_pid=0 prev_prio=120 prev_state=R+ ==> next_comm=kworker/u16:1 next_pid=72 next_prio=120
   kworker/u16:1-72    [001] ...1   100.035474: __schedule: __schedule_2 prev=kworker/u16:1,prev_pid=72,next=swapper/1,next_pid=0,preempt_count=1
   kworker/u16:1-72    [001] ...1   100.035478: schedule: __schedule func 51.967922ms
   kworker/u16:1-72    [001] ....   100.035481: schedule: sched_preempt_enable_no_resched func 0.003116ms
   kworker/u16:1-72    [001] ....   100.035482: schedule: sched_preempt_enable_no_resched func preempt_count=0
   kworker/u16:1-72    [001] ....   100.035506: schedule: start disable: preempt_count()=0
   kworker/u16:1-72    [001] ...1   100.035509: schedule: preempt_disable func time=0.002769ms
   kworker/u16:1-72    [001] ...1   100.035514: __schedule: __schedule_1 prev=kworker/u16:1,prev_pid=72,preempt=0,preempt_count=1
   kworker/u16:1-72    [001] d..3   100.035538: sched_switch: prev_comm=kworker/u16:1 prev_pid=72 prev_prio=120 prev_state=S ==> next_comm=swapper/1 next_pid=0 next_prio=120
          <idle>-0     [001] ...1   100.035546: __schedule: __schedule_2 prev=swapper/1,prev_pid=0,next=kworker/u16:1,next_pid=72,preempt_count=1
          <idle>-0     [001] ...1   100.035549: schedule: preempt_disable func time=0.095654ms
          <idle>-0     [001] ...1   100.035552: __schedule: __schedule_1 prev=swapper/1,prev_pid=0,preempt=0,preempt_count=1
          <idle>-0     [001] ...1   100.035569: __schedule: __schedule_2 prev=swapper/1,prev_pid=0,next=swapper/1,next_pid=0,preempt_count=1
          <idle>-0     [001] ...1   100.035571: schedule: __schedule func 0.022385ms
          <idle>-0     [001] ....   100.035574: schedule: sched_preempt_enable_no_resched func 0.002846ms
          <idle>-0     [001] ....   100.035576: schedule: sched_preempt_enable_no_resched func preempt_count=0
          <idle>-0     [001] ...1   100.035578: schedule_preempt_disabled: exit schedule_preempt_disabled: preempt_count=1
 f2fs_discard-25-280   [000] ....   100.035599: schedule: start disable: preempt_count()=0
          <idle>-0     [001] .n.1   100.035601: schedule_preempt_disabled: enter schedule_preempt_disabled: preempt_count=1
 f2fs_discard-25-280   [000] ...1   100.035602: schedule: preempt_disable func time=0.004076ms
          <idle>-0     [001] .n..   100.035604: schedule: start disable: preempt_count()=0
          <idle>-0     [001] .n.1   100.035614: __schedule: __schedule_1 prev=swapper/1,prev_pid=0,preempt=1,preempt_count=1
 f2fs_discard-25-280   [000] ...1   100.035614: __schedule: __schedule_1 prev=f2fs_discard-25,prev_pid=280,preempt=0,preempt_count=1
          <idle>-0     [001] d..3   100.035618: sched_switch: prev_comm=swapper/1 prev_pid=0 prev_prio=120 prev_state=R+ ==> next_comm=mmcqd/0 next_pid=197 next_prio=98
         mmcqd/0-197   [001] ...1   100.035624: __schedule: __schedule_2 prev=mmcqd/0,prev_pid=197,next=swapper/1,next_pid=0,preempt_count=1
         mmcqd/0-197   [001] ...1   100.035627: schedule: __schedule func 51.262384ms
         mmcqd/0-197   [001] ....   100.035629: schedule: sched_preempt_enable_no_resched func 0.002423ms
         mmcqd/0-197   [001] ....   100.035631: schedule: sched_preempt_enable_no_resched func preempt_count=0
 f2fs_discard-25-280   [000] d..3   100.035642: sched_switch: prev_comm=f2fs_discard-25 prev_pid=280 prev_prio=120 prev_state=D ==> next_comm=swapper/0 next_pid=0 next_prio=120
          <idle>-0     [000] ...1   100.035649: __schedule: __schedule_2 prev=swapper/0,prev_pid=0,next=f2fs_discard-25,next_pid=280,preempt_count=1
          <idle>-0     [000] ...1   100.035653: schedule: preempt_disable func time=0.247847ms
          <idle>-0     [000] ...1   100.035656: __schedule: __schedule_1 prev=swapper/0,prev_pid=0,preempt=0,preempt_count=1
          <idle>-0     [000] ...1   100.035672: __schedule: __schedule_2 prev=swapper/0,prev_pid=0,next=swapper/0,next_pid=0,preempt_count=1
          <idle>-0     [000] ...1   100.035675: schedule: __schedule func 0.021923ms
          <idle>-0     [000] ....   100.035678: schedule: sched_preempt_enable_no_resched func 0.002923ms
          <idle>-0     [000] ....   100.035679: schedule: sched_preempt_enable_no_resched func preempt_count=0
          <idle>-0     [000] ...1   100.035681: schedule_preempt_disabled: exit schedule_preempt_disabled: preempt_count=1
         mmcqd/0-197   [001] ....   100.035699: schedule: start disable: preempt_count()=0
         mmcqd/0-197   [001] ...1   100.035715: schedule: preempt_disable func time=0.015692ms
         mmcqd/0-197   [001] ...1   100.035718: __schedule: __schedule_1 prev=mmcqd/0,prev_pid=197,preempt=0,preempt_count=1
         mmcqd/0-197   [001] d..3   100.035745: sched_switch: prev_comm=mmcqd/0 prev_pid=197 prev_prio=98 prev_state=D ==> next_comm=swapper/1 next_pid=0 next_prio=120
          <idle>-0     [001] ...1   100.035752: __schedule: __schedule_2 prev=swapper/1,prev_pid=0,next=mmcqd/0,next_pid=197,preempt_count=1
          <idle>-0     [001] ...1   100.035755: schedule: preempt_disable func time=0.151385ms
          <idle>-0     [001] ...1   100.035758: __schedule: __schedule_1 prev=swapper/1,prev_pid=0,preempt=0,preempt_count=1
          <idle>-0     [000] .n.1   100.035774: schedule_preempt_disabled: enter schedule_preempt_disabled: preempt_count=1
          <idle>-0     [001] ...1   100.035774: __schedule: __schedule_2 prev=swapper/1,prev_pid=0,next=swapper/1,next_pid=0,preempt_count=1
          <idle>-0     [001] ...1   100.035777: schedule: __schedule func 0.021307ms
          <idle>-0     [000] .n..   100.035777: schedule: start disable: preempt_count()=0
          <idle>-0     [001] ....   100.035790: schedule: sched_preempt_enable_no_resched func 0.013654ms
          <idle>-0     [000] .n.1   100.035790: __schedule: __schedule_1 prev=swapper/0,prev_pid=0,preempt=1,preempt_count=1
          <idle>-0     [001] ....   100.035792: schedule: sched_preempt_enable_no_resched func preempt_count=0
          <idle>-0     [001] ...1   100.035794: schedule_preempt_disabled: exit schedule_preempt_disabled: preempt_count=1
          <idle>-0     [000] d..3   100.035795: sched_switch: prev_comm=swapper/0 prev_pid=0 prev_prio=120 prev_state=R+ ==> next_comm=mmcqd/0 next_pid=197 next_prio=98
         mmcqd/0-197   [000] ...1   100.035802: __schedule: __schedule_2 prev=mmcqd/0,prev_pid=197,next=swapper/1,next_pid=0,preempt_count=1
         mmcqd/0-197   [000] ...1   100.035804: schedule: __schedule func 0.089116ms
         mmcqd/0-197   [000] ....   100.035806: schedule: sched_preempt_enable_no_resched func 0.002577ms
         mmcqd/0-197   [000] ....   100.035808: schedule: sched_preempt_enable_no_resched func preempt_count=0
         mmcqd/0-197   [000] ....   100.035846: schedule: start disable: preempt_count()=0
         mmcqd/0-197   [000] ...1   100.035861: schedule: preempt_disable func time=0.015577ms
         mmcqd/0-197   [000] ...1   100.035864: __schedule: __schedule_1 prev=mmcqd/0,prev_pid=197,preempt=0,preempt_count=1
         mmcqd/0-197   [000] ...1   100.035874: __schedule: __schedule_2 prev=mmcqd/0,prev_pid=197,next=mmcqd/0,next_pid=197,preempt_count=1
         mmcqd/0-197   [000] ...1   100.035877: schedule: __schedule func 0.015577ms
         mmcqd/0-197   [000] ....   100.035879: schedule: sched_preempt_enable_no_resched func 0.002654ms
         mmcqd/0-197   [000] ....   100.035881: schedule: sched_preempt_enable_no_resched func preempt_count=0
         mmcqd/0-197   [000] ....   100.035903: schedule: start disable: preempt_count()=0
         mmcqd/0-197   [000] ...1   100.035918: schedule: preempt_disable func time=0.015269ms
         mmcqd/0-197   [000] ...1   100.035921: __schedule: __schedule_1 prev=mmcqd/0,prev_pid=197,preempt=0,preempt_count=1
         mmcqd/0-197   [000] d..3   100.035945: sched_switch: prev_comm=mmcqd/0 prev_pid=197 prev_prio=98 prev_state=D ==> next_comm=swapper/0 next_pid=0 next_prio=120
          <idle>-0     [000] ...1   100.035964: __schedule: __schedule_2 prev=swapper/0,prev_pid=0,next=mmcqd/0,next_pid=197,preempt_count=1
          <idle>-0     [000] ...1   100.035967: schedule: preempt_disable func time=0.189500ms
          <idle>-0     [000] ...1   100.035970: __schedule: __schedule_1 prev=swapper/0,prev_pid=0,preempt=0,preempt_count=1
          <idle>-0     [000] .n.1   100.036007: __schedule: __schedule_2 prev=swapper/0,prev_pid=0,next=swapper/0,next_pid=0,preempt_count=1
          <idle>-0     [000] .n.1   100.036022: schedule: __schedule func 0.054693ms
          <idle>-0     [000] .n..   100.036024: schedule: sched_preempt_enable_no_resched func 0.002807ms
          <idle>-0     [000] .n.1   100.036027: __schedule: __schedule_1 prev=swapper/0,prev_pid=0,preempt=1,preempt_count=1
          <idle>-0     [000] d..3   100.036031: sched_switch: prev_comm=swapper/0 prev_pid=0 prev_prio=120 prev_state=R+ ==> next_comm=mmcqd/0 next_pid=197 next_prio=98
         mmcqd/0-197   [000] ...1   100.036036: __schedule: __schedule_2 prev=mmcqd/0,prev_pid=197,next=swapper/0,next_pid=0,preempt_count=1
         mmcqd/0-197   [000] ...1   100.036039: schedule: __schedule func 0.120308ms
         mmcqd/0-197   [000] ....   100.036041: schedule: sched_preempt_enable_no_resched func 0.002423ms
         mmcqd/0-197   [000] ....   100.036043: schedule: sched_preempt_enable_no_resched func preempt_count=0
         mmcqd/0-197   [000] ....   100.036076: schedule: start disable: preempt_count()=0
         mmcqd/0-197   [000] ...1   100.036079: schedule: preempt_disable func time=0.002692ms
         mmcqd/0-197   [000] ...1   100.036082: __schedule: __schedule_1 prev=mmcqd/0,prev_pid=197,preempt=0,preempt_count=1
         mmcqd/0-197   [000] ...1   100.036091: __schedule: __schedule_2 prev=mmcqd/0,prev_pid=197,next=mmcqd/0,next_pid=197,preempt_count=1
         mmcqd/0-197   [000] ...1   100.036093: schedule: __schedule func 0.013885ms
         mmcqd/0-197   [000] ....   100.036096: schedule: sched_preempt_enable_no_resched func 0.002615ms
         mmcqd/0-197   [000] ....   100.036097: schedule: sched_preempt_enable_no_resched func preempt_count=0
          <idle>-0     [001] .n.1   100.036169: schedule_preempt_disabled: enter schedule_preempt_disabled: preempt_count=1
          <idle>-0     [001] .n..   100.036172: schedule: start disable: preempt_count()=0
          <idle>-0     [001] .n.1   100.036175: __schedule: __schedule_1 prev=swapper/1,prev_pid=0,preempt=1,preempt_count=1
          <idle>-0     [001] d..3   100.036182: sched_switch: prev_comm=swapper/1 prev_pid=0 prev_prio=120 prev_state=R+ ==> next_comm=f2fs_discard-25 next_pid=280 next_prio=120
 f2fs_discard-25-280   [001] ...1   100.036189: __schedule: __schedule_2 prev=f2fs_discard-25,prev_pid=280,next=swapper/0,next_pid=0,preempt_count=1
 f2fs_discard-25-280   [001] ...1   100.036191: schedule: __schedule func 0.588962ms
 f2fs_discard-25-280   [001] ....   100.036193: schedule: sched_preempt_enable_no_resched func 0.002500ms
 f2fs_discard-25-280   [001] ....   100.036195: schedule: sched_preempt_enable_no_resched func preempt_count=0
         mmcqd/0-197   [000] ....   100.036224: schedule: start disable: preempt_count()=0
         mmcqd/0-197   [000] ...1   100.036228: schedule: preempt_disable func time=0.004077ms
 f2fs_discard-25-280   [001] ....   100.036229: schedule: start disable: preempt_count()=0
         mmcqd/0-197   [000] ...1   100.036231: __schedule: __schedule_1 prev=mmcqd/0,prev_pid=197,preempt=0,preempt_count=1
 f2fs_discard-25-280   [001] ...1   100.036232: schedule: preempt_disable func time=0.002577ms
 f2fs_discard-25-280   [001] ...1   100.036235: __schedule: __schedule_1 prev=f2fs_discard-25,prev_pid=280,preempt=0,preempt_count=1
         mmcqd/0-197   [000] d..3   100.036243: sched_switch: prev_comm=mmcqd/0 prev_pid=197 prev_prio=98 prev_state=S ==> next_comm=kworker/0:1H next_pid=255 next_prio=100
    kworker/0:1H-255   [000] ...1   100.036257: __schedule: __schedule_2 prev=kworker/0:1H,prev_pid=255,next=swapper/0,next_pid=0,preempt_count=1
    kworker/0:1H-255   [000] ...1   100.036259: schedule: __schedule func 51.922654ms
    kworker/0:1H-255   [000] ....   100.036262: schedule: sched_preempt_enable_no_resched func 0.002769ms
    kworker/0:1H-255   [000] ....   100.036263: schedule: sched_preempt_enable_no_resched func preempt_count=0
 f2fs_discard-25-280   [001] d..3   100.036268: sched_switch: prev_comm=f2fs_discard-25 prev_pid=280 prev_prio=120 prev_state=S ==> next_comm=swapper/1 next_pid=0 next_prio=120
          <idle>-0     [001] .n.1   100.036285: __schedule: __schedule_2 prev=swapper/1,prev_pid=0,next=f2fs_discard-25,next_pid=280,preempt_count=1
          <idle>-0     [001] .n.1   100.036288: __schedule: __schedule_1 prev=swapper/1,prev_pid=0,preempt=1,preempt_count=1
    kworker/0:1H-255   [000] ....   100.036290: schedule: start disable: preempt_count()=0
          <idle>-0     [001] d..3   100.036292: sched_switch: prev_comm=swapper/1 prev_pid=0 prev_prio=120 prev_state=R+ ==> next_comm=mmcqd/0 next_pid=197 next_prio=98
    kworker/0:1H-255   [000] ...1   100.036293: schedule: preempt_disable func time=0.004692ms
    kworker/0:1H-255   [000] ...1   100.036296: __schedule: __schedule_1 prev=kworker/0:1H,prev_pid=255,preempt=0,preempt_count=1
         mmcqd/0-197   [001] ...1   100.036299: __schedule: __schedule_2 prev=mmcqd/0,prev_pid=197,next=kworker/0:1H,next_pid=255,preempt_count=1
         mmcqd/0-197   [001] ...1   100.036301: schedule: __schedule func 0.073346ms
         mmcqd/0-197   [001] ....   100.036304: schedule: sched_preempt_enable_no_resched func 0.002846ms
         mmcqd/0-197   [001] ....   100.036305: schedule: sched_preempt_enable_no_resched func preempt_count=0
         mmcqd/0-197   [001] ....   100.036315: schedule: start disable: preempt_count()=0
         mmcqd/0-197   [001] ...1   100.036318: schedule: preempt_disable func time=0.002462ms
    kworker/0:1H-255   [000] d..3   100.036320: sched_switch: prev_comm=kworker/0:1H prev_pid=255 prev_prio=100 prev_state=S ==> next_comm=swapper/0 next_pid=0 next_prio=120
         mmcqd/0-197   [001] ...1   100.036333: __schedule: __schedule_1 prev=mmcqd/0,prev_pid=197,preempt=0,preempt_count=1
          <idle>-0     [000] ...1   100.036337: __schedule: __schedule_2 prev=swapper/0,prev_pid=0,next=mmcqd/0,next_pid=197,preempt_count=1
          <idle>-0     [000] ....   100.036340: schedule: sched_preempt_enable_no_resched func preempt_count=0
          <idle>-0     [000] ...1   100.036342: schedule_preempt_disabled: exit schedule_preempt_disabled: preempt_count=1
         mmcqd/0-197   [001] d..3   100.036354: sched_switch: prev_comm=mmcqd/0 prev_pid=197 prev_prio=98 prev_state=S ==> next_comm=swapper/1 next_pid=0 next_prio=120
          <idle>-0     [001] ...1   100.036361: __schedule: __schedule_2 prev=swapper/1,prev_pid=0,next=mmcqd/0,next_pid=197,preempt_count=1
          <idle>-0     [001] ...1   100.036364: schedule: preempt_disable func time=0.191461ms
          <idle>-0     [001] ...1   100.036366: __schedule: __schedule_1 prev=swapper/1,prev_pid=0,preempt=0,preempt_count=1
          <idle>-0     [001] ...1   100.036381: __schedule: __schedule_2 prev=swapper/1,prev_pid=0,next=swapper/1,next_pid=0,preempt_count=1
          <idle>-0     [001] ...1   100.036384: schedule: __schedule func 0.020039ms
          <idle>-0     [001] ....   100.036386: schedule: sched_preempt_enable_no_resched func 0.002653ms
          <idle>-0     [001] ....   100.036396: schedule: sched_preempt_enable_no_resched func preempt_count=0
          <idle>-0     [001] ...1   100.036398: schedule_preempt_disabled: exit schedule_preempt_disabled: preempt_count=1
          <idle>-0     [002] .n.1   100.036610: schedule_preempt_disabled: enter schedule_preempt_disabled: preempt_count=1
          <idle>-0     [002] .n..   100.036613: schedule: start disable: preempt_count()=0
          <idle>-0     [002] .n.1   100.036628: __schedule: __schedule_1 prev=swapper/2,prev_pid=0,preempt=1,preempt_count=1
          <idle>-0     [002] d..3   100.036634: sched_switch: prev_comm=swapper/2 prev_pid=0 prev_prio=120 prev_state=R+ ==> next_comm=sugov:0 next_pid=181 next_prio=49
         sugov:0-181   [002] ...1   100.036641: __schedule: __schedule_2 prev=sugov:0,prev_pid=181,next=swapper/0,next_pid=0,preempt_count=1
         sugov:0-181   [002] ...1   100.036644: schedule: __schedule func 45.772846ms
         sugov:0-181   [002] ....   100.036646: schedule: sched_preempt_enable_no_resched func 0.002884ms
         sugov:0-181   [002] ....   100.036648: schedule: sched_preempt_enable_no_resched func preempt_count=0
          <idle>-0     [000] .n.1   100.036671: schedule_preempt_disabled: enter schedule_preempt_disabled: preempt_count=1
          <idle>-0     [000] .n..   100.036674: schedule: start disable: preempt_count()=0
          <idle>-0     [000] .n.1   100.036690: __schedule: __schedule_1 prev=swapper/0,prev_pid=0,preempt=1,preempt_count=1
          <idle>-0     [000] d..3   100.036697: sched_switch: prev_comm=swapper/0 prev_pid=0 prev_prio=120 prev_state=R+ ==> next_comm=sugov_perf:0 next_pid=182 next_prio=120
    sugov_perf:0-182   [000] ...1   100.036704: __schedule: __schedule_2 prev=sugov_perf:0,prev_pid=182,next=swapper/0,next_pid=0,preempt_count=1
