          <idle>-0     [000] ...1   100.198949: __schedule: __schedule_2 prev=swapper/0,prev_pid=0,next=sugov:0,next_pid=181,preempt_count=1
          <idle>-0     [000] ...1   100.198952: schedule: preempt_disable func time=0.152269ms
          <idle>-0     [000] ...1   100.198955: __schedule: __schedule_1 prev=swapper/0,prev_pid=0,preempt=0,preempt_count=1
          <idle>-0     [000] ...1   100.198971: __schedule: __schedule_2 prev=swapper/0,prev_pid=0,next=swapper/0,next_pid=0,preempt_count=1
          <idle>-0     [000] ...1   100.198973: schedule: __schedule func 0.020962ms
          <idle>-0     [000] ....   100.198987: schedule: sched_preempt_enable_no_resched func 0.013653ms
          <idle>-0     [000] ....   100.198989: schedule: sched_preempt_enable_no_resched func preempt_count=0
          <idle>-0     [000] ...1   100.198991: schedule_preempt_disabled: exit schedule_preempt_disabled: preempt_count=1
          <idle>-0     [005] .n.1   100.211385: schedule_preempt_disabled: enter schedule_preempt_disabled: preempt_count=1
          <idle>-0     [005] .n..   100.211391: schedule: start disable: preempt_count()=0
          <idle>-0     [005] .n.1   100.211395: __schedule: __schedule_1 prev=swapper/5,prev_pid=0,preempt=1,preempt_count=1
          <idle>-0     [005] d..3   100.211403: sched_switch: prev_comm=swapper/5 prev_pid=0 prev_prio=120 prev_state=R+ ==> next_comm=watchdog/5 next_pid=32 next_prio=0
      watchdog/5-32    [005] ...1   100.211413: __schedule: __schedule_2 prev=watchdog/5,prev_pid=32,next=swapper/5,next_pid=0,preempt_count=1
      watchdog/5-32    [005] ...1   100.211416: schedule: __schedule func 3999.998100ms
      watchdog/5-32    [005] ....   100.211419: schedule: sched_preempt_enable_no_resched func 0.003000ms
      watchdog/5-32    [005] ....   100.211421: schedule: sched_preempt_enable_no_resched func preempt_count=0
      watchdog/5-32    [005] ....   100.211429: schedule: start disable: preempt_count()=0
      watchdog/5-32    [005] ...1   100.211432: schedule: preempt_disable func time=0.002808ms
      watchdog/5-32    [005] ...1   100.211435: __schedule: __schedule_1 prev=watchdog/5,prev_pid=32,preempt=0,preempt_count=1
      watchdog/5-32    [005] d..3   100.211484: sched_switch: prev_comm=watchdog/5 prev_pid=32 prev_prio=0 prev_state=S ==> next_comm=swapper/5 next_pid=0 next_prio=120
          <idle>-0     [005] ...1   100.211490: __schedule: __schedule_2 prev=swapper/5,prev_pid=0,next=watchdog/5,next_pid=32,preempt_count=1
          <idle>-0     [005] ...1   100.211493: schedule: preempt_disable func time=0.102577ms
          <idle>-0     [005] ...1   100.211496: __schedule: __schedule_1 prev=swapper/5,prev_pid=0,preempt=0,preempt_count=1
          <idle>-0     [005] ...1   100.211512: __schedule: __schedule_2 prev=swapper/5,prev_pid=0,next=swapper/5,next_pid=0,preempt_count=1
          <idle>-0     [005] ...1   100.211527: schedule: __schedule func 0.033500ms
          <idle>-0     [005] ....   100.211529: schedule: sched_preempt_enable_no_resched func 0.002692ms
          <idle>-0     [005] ....   100.211531: schedule: sched_preempt_enable_no_resched func preempt_count=0
          <idle>-0     [005] ...1   100.211533: schedule_preempt_disabled: exit schedule_preempt_disabled: preempt_count=1
          <idle>-0     [006] .n.1   100.227394: schedule_preempt_disabled: enter schedule_preempt_disabled: preempt_count=1
          <idle>-0     [006] .n..   100.227399: schedule: start disable: preempt_count()=0
          <idle>-0     [006] .n.1   100.227404: __schedule: __schedule_1 prev=swapper/6,prev_pid=0,preempt=1,preempt_count=1
          <idle>-0     [006] d..3   100.227410: sched_switch: prev_comm=swapper/6 prev_pid=0 prev_prio=120 prev_state=R+ ==> next_comm=watchdog/6 next_pid=37 next_prio=0
      watchdog/6-37    [006] ...1   100.227419: __schedule: __schedule_2 prev=watchdog/6,prev_pid=37,next=swapper/6,next_pid=0,preempt_count=1
      watchdog/6-37    [006] ...1   100.227423: schedule: __schedule func 3999.986523ms
      watchdog/6-37    [006] ....   100.227425: schedule: sched_preempt_enable_no_resched func 0.002846ms
      watchdog/6-37    [006] ....   100.227427: schedule: sched_preempt_enable_no_resched func preempt_count=0
      watchdog/6-37    [006] ....   100.227434: schedule: start disable: preempt_count()=0
      watchdog/6-37    [006] ...1   100.227437: schedule: preempt_disable func time=0.002385ms
      watchdog/6-37    [006] ...1   100.227440: __schedule: __schedule_1 prev=watchdog/6,prev_pid=37,preempt=0,preempt_count=1
      watchdog/6-37    [006] d..3   100.227490: sched_switch: prev_comm=watchdog/6 prev_pid=37 prev_prio=0 prev_state=S ==> next_comm=swapper/6 next_pid=0 next_prio=120
          <idle>-0     [006] ...1   100.227497: __schedule: __schedule_2 prev=swapper/6,prev_pid=0,next=watchdog/6,next_pid=37,preempt_count=1
          <idle>-0     [006] ...1   100.227500: schedule: preempt_disable func time=0.100269ms
          <idle>-0     [006] ...1   100.227503: __schedule: __schedule_1 prev=swapper/6,prev_pid=0,preempt=0,preempt_count=1
          <idle>-0     [006] ...1   100.227524: __schedule: __schedule_2 prev=swapper/6,prev_pid=0,next=swapper/6,next_pid=0,preempt_count=1
          <idle>-0     [006] ...1   100.227527: schedule: __schedule func 0.027077ms
          <idle>-0     [006] ....   100.227529: schedule: sched_preempt_enable_no_resched func 0.002731ms
          <idle>-0     [006] ....   100.227531: schedule: sched_preempt_enable_no_resched func preempt_count=0
          <idle>-0     [006] ...1   100.227533: schedule_preempt_disabled: exit schedule_preempt_disabled: preempt_count=1
          <idle>-0     [000] .n.1   100.242820: schedule_preempt_disabled: enter schedule_preempt_disabled: preempt_count=1
          <idle>-0     [000] .n..   100.242830: schedule: start disable: preempt_count()=0
          <idle>-0     [000] .n.1   100.242833: __schedule: __schedule_1 prev=swapper/0,prev_pid=0,preempt=1,preempt_count=1
          <idle>-0     [000] d..3   100.242842: sched_switch: prev_comm=swapper/0 prev_pid=0 prev_prio=120 prev_state=R+ ==> next_comm=kworker/0:0 next_pid=4 next_prio=120
     kworker/0:0-4     [000] ...1   100.242849: __schedule: __schedule_2 prev=kworker/0:0,prev_pid=4,next=swapper/0,next_pid=0,preempt_count=1
     kworker/0:0-4     [000] ...1   100.242851: schedule: __schedule func 51.162999ms
     kworker/0:0-4     [000] ....   100.242854: schedule: sched_preempt_enable_no_resched func 0.002731ms
     kworker/0:0-4     [000] ....   100.242856: schedule: sched_preempt_enable_no_resched func preempt_count=0
     kworker/0:0-4     [000] ....   100.242899: schedule: start disable: preempt_count()=0
     kworker/0:0-4     [000] ...1   100.242902: schedule: preempt_disable func time=0.002846ms
     kworker/0:0-4     [000] ...1   100.242917: __schedule: __schedule_1 prev=kworker/0:0,prev_pid=4,preempt=0,preempt_count=1
     kworker/0:0-4     [000] d..3   100.242947: sched_switch: prev_comm=kworker/0:0 prev_pid=4 prev_prio=120 prev_state=S ==> next_comm=swapper/0 next_pid=0 next_prio=120
          <idle>-0     [000] ...1   100.242966: __schedule: __schedule_2 prev=swapper/0,prev_pid=0,next=kworker/0:0,next_pid=4,preempt_count=1
          <idle>-0     [000] ...1   100.242970: schedule: preempt_disable func time=0.139154ms
          <idle>-0     [000] ...1   100.242973: __schedule: __schedule_1 prev=swapper/0,prev_pid=0,preempt=0,preempt_count=1
          <idle>-0     [000] ...1   100.242999: __schedule: __schedule_2 prev=swapper/0,prev_pid=0,next=swapper/0,next_pid=0,preempt_count=1
          <idle>-0     [000] ...1   100.243001: schedule: __schedule func 0.031731ms
          <idle>-0     [000] ....   100.243004: schedule: sched_preempt_enable_no_resched func 0.002807ms
          <idle>-0     [000] ....   100.243006: schedule: sched_preempt_enable_no_resched func preempt_count=0
          <idle>-0     [000] ...1   100.243008: schedule_preempt_disabled: exit schedule_preempt_disabled: preempt_count=1
          <idle>-0     [000] .n.1   100.243421: schedule_preempt_disabled: enter schedule_preempt_disabled: preempt_count=1
          <idle>-0     [000] .n..   100.243424: schedule: start disable: preempt_count()=0
          <idle>-0     [000] .n.1   100.243427: __schedule: __schedule_1 prev=swapper/0,prev_pid=0,preempt=1,preempt_count=1
          <idle>-0     [000] d..3   100.243435: sched_switch: prev_comm=swapper/0 prev_pid=0 prev_prio=120 prev_state=R+ ==> next_comm=f2fs_discard-25 next_pid=280 next_prio=120
 f2fs_discard-25-280   [000] ...1   100.243442: __schedule: __schedule_2 prev=f2fs_discard-25,prev_pid=280,next=swapper/1,next_pid=0,preempt_count=1
 f2fs_discard-25-280   [000] ...1   100.243444: schedule: __schedule func 50.508154ms
 f2fs_discard-25-280   [000] ....   100.243447: schedule: sched_preempt_enable_no_resched func 0.002500ms
 f2fs_discard-25-280   [000] ....   100.243450: schedule: sched_preempt_enable_no_resched func preempt_count=0
          <idle>-0     [001] .n.1   100.243467: schedule_preempt_disabled: enter schedule_preempt_disabled: preempt_count=1
          <idle>-0     [001] .n..   100.243472: schedule: start disable: preempt_count()=0
          <idle>-0     [001] .n.1   100.243475: __schedule: __schedule_1 prev=swapper/1,prev_pid=0,preempt=1,preempt_count=1
          <idle>-0     [001] d..3   100.243485: sched_switch: prev_comm=swapper/1 prev_pid=0 prev_prio=120 prev_state=R+ ==> next_comm=kworker/u16:1 next_pid=72 next_prio=120
   kworker/u16:1-72    [001] ...1   100.243493: __schedule: __schedule_2 prev=kworker/u16:1,prev_pid=72,next=swapper/1,next_pid=0,preempt_count=1
   kworker/u16:1-72    [001] ...1   100.243496: schedule: __schedule func 51.343000ms
   kworker/u16:1-72    [001] ....   100.243500: schedule: sched_preempt_enable_no_resched func 0.003577ms
   kworker/u16:1-72    [001] ....   100.243501: schedule: sched_preempt_enable_no_resched func preempt_count=0
   kworker/u16:1-72    [001] ....   100.243524: schedule: start disable: preempt_count()=0
   kworker/u16:1-72    [001] ...1   100.243526: schedule: preempt_disable func time=0.002731ms
   kworker/u16:1-72    [001] ...1   100.243530: __schedule: __schedule_1 prev=kworker/u16:1,prev_pid=72,preempt=0,preempt_count=1
   kworker/u16:1-72    [001] d..3   100.243555: sched_switch: prev_comm=kworker/u16:1 prev_pid=72 prev_prio=120 prev_state=S ==> next_comm=swapper/1 next_pid=0 next_prio=120
          <idle>-0     [001] ...1   100.243562: __schedule: __schedule_2 prev=swapper/1,prev_pid=0,next=kworker/u16:1,next_pid=72,preempt_count=1
          <idle>-0     [001] ...1   100.243565: schedule: preempt_disable func time=0.092961ms
          <idle>-0     [001] ...1   100.243568: __schedule: __schedule_1 prev=swapper/1,prev_pid=0,preempt=0,preempt_count=1
          <idle>-0     [001] ...1   100.243585: __schedule: __schedule_2 prev=swapper/1,prev_pid=0,next=swapper/1,next_pid=0,preempt_count=1
          <idle>-0     [001] ...1   100.243600: schedule: __schedule func 0.034962ms
          <idle>-0     [001] ....   100.243602: schedule: sched_preempt_enable_no_resched func 0.002769ms
          <idle>-0     [001] ....   100.243604: schedule: sched_preempt_enable_no_resched func preempt_count=0
          <idle>-0     [001] ...1   100.243606: schedule_preempt_disabled: exit schedule_preempt_disabled: preempt_count=1
 f2fs_discard-25-280   [000] ....   100.243631: schedule: start disable: preempt_count()=0
          <idle>-0     [001] .n.1   100.243633: schedule_preempt_disabled: enter schedule_preempt_disabled: preempt_count=1
 f2fs_discard-25-280   [000] ...1   100.243635: schedule: preempt_disable func time=0.003923ms
          <idle>-0     [001] .n..   100.243635: schedule: start disable: preempt_count()=0
          <idle>-0     [001] .n.1   100.243647: __schedule: __schedule_1 prev=swapper/1,prev_pid=0,preempt=1,preempt_count=1
 f2fs_discard-25-280   [000] ...1   100.243648: __schedule: __schedule_1 prev=f2fs_discard-25,prev_pid=280,preempt=0,preempt_count=1
          <idle>-0     [001] d..3   100.243651: sched_switch: prev_comm=swapper/1 prev_pid=0 prev_prio=120 prev_state=R+ ==> next_comm=mmcqd/0 next_pid=197 next_prio=98
         mmcqd/0-197   [001] ...1   100.243657: __schedule: __schedule_2 prev=mmcqd/0,prev_pid=197,next=swapper/1,next_pid=0,preempt_count=1
         mmcqd/0-197   [001] ...1   100.243659: schedule: __schedule func 50.594385ms
         mmcqd/0-197   [001] ....   100.243662: schedule: sched_preempt_enable_no_resched func 0.002461ms
         mmcqd/0-197   [001] ....   100.243663: schedule: sched_preempt_enable_no_resched func preempt_count=0
 f2fs_discard-25-280   [000] d..3   100.243674: sched_switch: prev_comm=f2fs_discard-25 prev_pid=280 prev_prio=120 prev_state=D ==> next_comm=swapper/0 next_pid=0 next_prio=120
          <idle>-0     [000] ...1   100.243681: __schedule: __schedule_2 prev=swapper/0,prev_pid=0,next=f2fs_discard-25,next_pid=280,preempt_count=1
          <idle>-0     [000] ...1   100.243684: schedule: preempt_disable func time=0.259923ms
          <idle>-0     [000] ...1   100.243687: __schedule: __schedule_1 prev=swapper/0,prev_pid=0,preempt=0,preempt_count=1
          <idle>-0     [000] ...1   100.243704: __schedule: __schedule_2 prev=swapper/0,prev_pid=0,next=swapper/0,next_pid=0,preempt_count=1
          <idle>-0     [000] ...1   100.243706: schedule: __schedule func 0.021770ms
          <idle>-0     [000] ....   100.243709: schedule: sched_preempt_enable_no_resched func 0.003461ms
          <idle>-0     [000] ....   100.243711: schedule: sched_preempt_enable_no_resched func preempt_count=0
          <idle>-0     [000] ...1   100.243713: schedule_preempt_disabled: exit schedule_preempt_disabled: preempt_count=1
         mmcqd/0-197   [001] ....   100.243735: schedule: start disable: preempt_count()=0
         mmcqd/0-197   [001] ...1   100.243738: schedule: preempt_disable func time=0.003346ms
         mmcqd/0-197   [001] ...1   100.243742: __schedule: __schedule_1 prev=mmcqd/0,prev_pid=197,preempt=0,preempt_count=1
         mmcqd/0-197   [001] d..3   100.243769: sched_switch: prev_comm=mmcqd/0 prev_pid=197 prev_prio=98 prev_state=D ==> next_comm=swapper/1 next_pid=0 next_prio=120
          <idle>-0     [001] ...1   100.243776: __schedule: __schedule_2 prev=swapper/1,prev_pid=0,next=mmcqd/0,next_pid=197,preempt_count=1
          <idle>-0     [001] ...1   100.243779: schedule: preempt_disable func time=0.143769ms
          <idle>-0     [001] ...1   100.243782: __schedule: __schedule_1 prev=swapper/1,prev_pid=0,preempt=0,preempt_count=1
          <idle>-0     [001] ...1   100.243799: __schedule: __schedule_2 prev=swapper/1,prev_pid=0,next=swapper/1,next_pid=0,preempt_count=1
          <idle>-0     [000] .n.1   100.243800: schedule_preempt_disabled: enter schedule_preempt_disabled: preempt_count=1
          <idle>-0     [001] ...1   100.243801: schedule: __schedule func 0.021615ms
          <idle>-0     [000] .n..   100.243803: schedule: start disable: preempt_count()=0
          <idle>-0     [001] ....   100.243804: schedule: sched_preempt_enable_no_resched func 0.002731ms
          <idle>-0     [001] ....   100.243805: schedule: sched_preempt_enable_no_resched func preempt_count=0
          <idle>-0     [000] .n.1   100.243806: __schedule: __schedule_1 prev=swapper/0,prev_pid=0,preempt=1,preempt_count=1
          <idle>-0     [001] ...1   100.243808: schedule_preempt_disabled: exit schedule_preempt_disabled: preempt_count=1
          <idle>-0     [000] d..3   100.243810: sched_switch: prev_comm=swapper/0 prev_pid=0 prev_prio=120 prev_state=R+ ==> next_comm=mmcqd/0 next_pid=197 next_prio=98
          <idle>-0     [007] .n.1   100.243812: schedule_preempt_disabled: enter schedule_preempt_disabled: preempt_count=1
         mmcqd/0-197   [000] ...1   100.243817: __schedule: __schedule_2 prev=mmcqd/0,prev_pid=197,next=swapper/1,next_pid=0,preempt_count=1
          <idle>-0     [007] .n..   100.243817: schedule: start disable: preempt_count()=0
         mmcqd/0-197   [000] ...1   100.243820: schedule: __schedule func 0.081731ms
          <idle>-0     [007] .n.1   100.243822: __schedule: __schedule_1 prev=swapper/7,prev_pid=0,preempt=1,preempt_count=1
         mmcqd/0-197   [000] ....   100.243823: schedule: sched_preempt_enable_no_resched func 0.002769ms
         mmcqd/0-197   [000] ....   100.243824: schedule: sched_preempt_enable_no_resched func preempt_count=0
          <idle>-0     [007] d..3   100.243829: sched_switch: prev_comm=swapper/7 prev_pid=0 prev_prio=120 prev_state=R+ ==> next_comm=watchdog/7 next_pid=42 next_prio=0
      watchdog/7-42    [007] ...1   100.243839: __schedule: __schedule_2 prev=watchdog/7,prev_pid=42,next=swapper/7,next_pid=0,preempt_count=1
      watchdog/7-42    [007] ...1   100.243843: schedule: __schedule func 4000.423485ms
      watchdog/7-42    [007] ....   100.243845: schedule: sched_preempt_enable_no_resched func 0.002884ms
      watchdog/7-42    [007] ....   100.243847: schedule: sched_preempt_enable_no_resched func preempt_count=0
      watchdog/7-42    [007] ....   100.243854: schedule: start disable: preempt_count()=0
      watchdog/7-42    [007] ...1   100.243857: schedule: preempt_disable func time=0.002385ms
      watchdog/7-42    [007] ...1   100.243860: __schedule: __schedule_1 prev=watchdog/7,prev_pid=42,preempt=0,preempt_count=1
         mmcqd/0-197   [000] ....   100.243863: schedule: start disable: preempt_count()=0
         mmcqd/0-197   [000] ...1   100.243866: schedule: preempt_disable func time=0.002885ms
         mmcqd/0-197   [000] ...1   100.243869: __schedule: __schedule_1 prev=mmcqd/0,prev_pid=197,preempt=0,preempt_count=1
         mmcqd/0-197   [000] ...1   100.243880: __schedule: __schedule_2 prev=mmcqd/0,prev_pid=197,next=mmcqd/0,next_pid=197,preempt_count=1
         mmcqd/0-197   [000] ...1   100.243882: schedule: __schedule func 0.016192ms
         mmcqd/0-197   [000] ....   100.243885: schedule: sched_preempt_enable_no_resched func 0.002616ms
         mmcqd/0-197   [000] ....   100.243887: schedule: sched_preempt_enable_no_resched func preempt_count=0
      watchdog/7-42    [007] d..3   100.243896: sched_switch: prev_comm=watchdog/7 prev_pid=42 prev_prio=0 prev_state=S ==> next_comm=swapper/7 next_pid=0 next_prio=120
          <idle>-0     [007] ...1   100.243902: __schedule: __schedule_2 prev=swapper/7,prev_pid=0,next=watchdog/7,next_pid=42,preempt_count=1
          <idle>-0     [007] ...1   100.243905: schedule: preempt_disable func time=0.087307ms
          <idle>-0     [007] ...1   100.243908: __schedule: __schedule_1 prev=swapper/7,prev_pid=0,preempt=0,preempt_count=1
         mmcqd/0-197   [000] ....   100.243910: schedule: start disable: preempt_count()=0
         mmcqd/0-197   [000] ...1   100.243913: schedule: preempt_disable func time=0.002769ms
         mmcqd/0-197   [000] ...1   100.243928: __schedule: __schedule_1 prev=mmcqd/0,prev_pid=197,preempt=0,preempt_count=1
          <idle>-0     [007] ...1   100.243929: __schedule: __schedule_2 prev=swapper/7,prev_pid=0,next=swapper/7,next_pid=0,preempt_count=1
          <idle>-0     [007] ...1   100.243931: schedule: __schedule func 0.026693ms
          <idle>-0     [007] ....   100.243934: schedule: sched_preempt_enable_no_resched func 0.002692ms
          <idle>-0     [007] ....   100.243936: schedule: sched_preempt_enable_no_resched func preempt_count=0
          <idle>-0     [007] ...1   100.243938: schedule_preempt_disabled: exit schedule_preempt_disabled: preempt_count=1
         mmcqd/0-197   [000] d..3   100.243953: sched_switch: prev_comm=mmcqd/0 prev_pid=197 prev_prio=98 prev_state=D ==> next_comm=swapper/0 next_pid=0 next_prio=120
          <idle>-0     [000] ...1   100.243959: __schedule: __schedule_2 prev=swapper/0,prev_pid=0,next=mmcqd/0,next_pid=197,preempt_count=1
          <idle>-0     [000] ...1   100.243962: schedule: preempt_disable func time=0.159192ms
          <idle>-0     [000] ...1   100.243965: __schedule: __schedule_1 prev=swapper/0,prev_pid=0,preempt=0,preempt_count=1
          <idle>-0     [000] ...1   100.243981: __schedule: __schedule_2 prev=swapper/0,prev_pid=0,next=swapper/0,next_pid=0,preempt_count=1
          <idle>-0     [000] ...1   100.243984: schedule: __schedule func 0.021962ms
          <idle>-0     [000] ....   100.243987: schedule: sched_preempt_enable_no_resched func 0.003231ms
          <idle>-0     [000] .n..   100.244023: schedule: sched_preempt_enable_no_resched func preempt_count=0
          <idle>-0     [000] .n.1   100.244027: __schedule: __schedule_1 prev=swapper/0,prev_pid=0,preempt=1,preempt_count=1
          <idle>-0     [000] d..3   100.244031: sched_switch: prev_comm=swapper/0 prev_pid=0 prev_prio=120 prev_state=R+ ==> next_comm=mmcqd/0 next_pid=197 next_prio=98
         mmcqd/0-197   [000] ...1   100.244036: __schedule: __schedule_2 prev=mmcqd/0,prev_pid=197,next=swapper/0,next_pid=0,preempt_count=1
         mmcqd/0-197   [000] ...1   100.244039: schedule: __schedule func 0.126462ms
         mmcqd/0-197   [000] ....   100.244041: schedule: sched_preempt_enable_no_resched func 0.002385ms
         mmcqd/0-197   [000] ....   100.244043: schedule: sched_preempt_enable_no_resched func preempt_count=0
         mmcqd/0-197   [000] ....   100.244077: schedule: start disable: preempt_count()=0
         mmcqd/0-197   [000] ...1   100.244080: schedule: preempt_disable func time=0.002731ms
         mmcqd/0-197   [000] ...1   100.244095: __schedule: __schedule_1 prev=mmcqd/0,prev_pid=197,preempt=0,preempt_count=1
         mmcqd/0-197   [000] ...1   100.244105: __schedule: __schedule_2 prev=mmcqd/0,prev_pid=197,next=mmcqd/0,next_pid=197,preempt_count=1
         mmcqd/0-197   [000] ...1   100.244107: schedule: __schedule func 0.026500ms
         mmcqd/0-197   [000] ....   100.244122: schedule: sched_preempt_enable_no_resched func 0.015308ms
         mmcqd/0-197   [000] ....   100.244124: schedule: sched_preempt_enable_no_resched func preempt_count=0
          <idle>-0     [001] .n.1   100.244186: schedule_preempt_disabled: enter schedule_preempt_disabled: preempt_count=1
          <idle>-0     [001] .n..   100.244189: schedule: start disable: preempt_count()=0
          <idle>-0     [001] .n.1   100.244192: __schedule: __schedule_1 prev=swapper/1,prev_pid=0,preempt=1,preempt_count=1
          <idle>-0     [001] d..3   100.244200: sched_switch: prev_comm=swapper/1 prev_pid=0 prev_prio=120 prev_state=R+ ==> next_comm=f2fs_discard-25 next_pid=280 next_prio=120
 f2fs_discard-25-280   [001] ...1   100.244207: __schedule: __schedule_2 prev=f2fs_discard-25,prev_pid=280,next=swapper/0,next_pid=0,preempt_count=1
 f2fs_discard-25-280   [001] ...1   100.244209: schedule: __schedule func 0.574231ms
 f2fs_discard-25-280   [001] ....   100.244211: schedule: sched_preempt_enable_no_resched func 0.002500ms
 f2fs_discard-25-280   [001] ....   100.244213: schedule: sched_preempt_enable_no_resched func preempt_count=0
 f2fs_discard-25-280   [001] ....   100.244248: schedule: start disable: preempt_count()=0
 f2fs_discard-25-280   [001] ...1   100.244251: schedule: preempt_disable func time=0.002654ms
 f2fs_discard-25-280   [001] ...1   100.244254: __schedule: __schedule_1 prev=f2fs_discard-25,prev_pid=280,preempt=0,preempt_count=1
         mmcqd/0-197   [000] ....   100.244264: schedule: start disable: preempt_count()=0
         mmcqd/0-197   [000] ...1   100.244269: schedule: preempt_disable func time=0.004654ms
         mmcqd/0-197   [000] ...1   100.244272: __schedule: __schedule_1 prev=mmcqd/0,prev_pid=197,preempt=0,preempt_count=1
 f2fs_discard-25-280   [001] d..3   100.244280: sched_switch: prev_comm=f2fs_discard-25 prev_pid=280 prev_prio=120 prev_state=S ==> next_comm=swapper/1 next_pid=0 next_prio=120
         mmcqd/0-197   [000] d..3   100.244284: sched_switch: prev_comm=mmcqd/0 prev_pid=197 prev_prio=98 prev_state=S ==> next_comm=kworker/0:1H next_pid=255 next_prio=100
          <idle>-0     [001] ...1   100.244287: __schedule: __schedule_2 prev=swapper/1,prev_pid=0,next=f2fs_discard-25,next_pid=280,preempt_count=1
          <idle>-0     [001] ...1   100.244290: schedule: preempt_disable func time=0.100039ms
    kworker/0:1H-255   [000] ...1   100.244292: __schedule: __schedule_2 prev=kworker/0:1H,prev_pid=255,next=swapper/0,next_pid=0,preempt_count=1
          <idle>-0     [001] ...1   100.244292: __schedule: __schedule_1 prev=swapper/1,prev_pid=0,preempt=0,preempt_count=1
    kworker/0:1H-255   [000] ...1   100.244294: schedule: __schedule func 51.262307ms
    kworker/0:1H-255   [000] ....   100.244297: schedule: sched_preempt_enable_no_resched func 0.002770ms
    kworker/0:1H-255   [000] ....   100.244299: schedule: sched_preempt_enable_no_resched func preempt_count=0
          <idle>-0     [001] ...1   100.244308: __schedule: __schedule_2 prev=swapper/1,prev_pid=0,next=swapper/1,next_pid=0,preempt_count=1
          <idle>-0     [001] ...1   100.244310: schedule: __schedule func 0.020885ms
          <idle>-0     [001] .n..   100.244313: schedule: sched_preempt_enable_no_resched func 0.002769ms
          <idle>-0     [001] .n.1   100.244319: __schedule: __schedule_1 prev=swapper/1,prev_pid=0,preempt=1,preempt_count=1
    kworker/0:1H-255   [000] ....   100.244322: schedule: start disable: preempt_count()=0
          <idle>-0     [001] d..3   100.244323: sched_switch: prev_comm=swapper/1 prev_pid=0 prev_prio=120 prev_state=R+ ==> next_comm=mmcqd/0 next_pid=197 next_prio=98
    kworker/0:1H-255   [000] ...1   100.244326: schedule: preempt_disable func time=0.003039ms
    kworker/0:1H-255   [000] ...1   100.244328: __schedule: __schedule_1 prev=kworker/0:1H,prev_pid=255,preempt=0,preempt_count=1
         mmcqd/0-197   [001] ...1   100.244329: __schedule: __schedule_2 prev=mmcqd/0,prev_pid=197,next=kworker/0:1H,next_pid=255,preempt_count=1
         mmcqd/0-197   [001] ...1   100.244331: schedule: __schedule func 0.063231ms
         mmcqd/0-197   [001] ....   100.244334: schedule: sched_preempt_enable_no_resched func 0.002654ms
         mmcqd/0-197   [001] ....   100.244336: schedule: sched_preempt_enable_no_resched func preempt_count=0
         mmcqd/0-197   [001] ....   100.244345: schedule: start disable: preempt_count()=0
         mmcqd/0-197   [001] ...1   100.244348: schedule: preempt_disable func time=0.002884ms
         mmcqd/0-197   [001] ...1   100.244351: __schedule: __schedule_1 prev=mmcqd/0,prev_pid=197,preempt=0,preempt_count=1
    kworker/0:1H-255   [000] d..3   100.244351: sched_switch: prev_comm=kworker/0:1H prev_pid=255 prev_prio=100 prev_state=S ==> next_comm=swapper/0 next_pid=0 next_prio=120
          <idle>-0     [000] ...1   100.244358: __schedule: __schedule_2 prev=swapper/0,prev_pid=0,next=mmcqd/0,next_pid=197,preempt_count=1
          <idle>-0     [000] ...1   100.244362: schedule_preempt_disabled: exit schedule_preempt_disabled: preempt_count=1
         mmcqd/0-197   [001] d..3   100.244371: sched_switch: prev_comm=mmcqd/0 prev_pid=197 prev_prio=98 prev_state=S ==> next_comm=swapper/1 next_pid=0 next_prio=120
          <idle>-0     [001] ...1   100.244377: __schedule: __schedule_2 prev=swapper/1,prev_pid=0,next=mmcqd/0,next_pid=197,preempt_count=1
          <idle>-0     [001] ....   100.244379: schedule: sched_preempt_enable_no_resched func preempt_count=0
          <idle>-0     [001] ...1   100.244382: schedule_preempt_disabled: exit schedule_preempt_disabled: preempt_count=1
          <idle>-0     [002] .n.1   100.244653: schedule_preempt_disabled: enter schedule_preempt_disabled: preempt_count=1
          <idle>-0     [002] .n..   100.244669: schedule: start disable: preempt_count()=0
          <idle>-0     [002] .n.1   100.244673: __schedule: __schedule_1 prev=swapper/2,prev_pid=0,preempt=1,preempt_count=1
          <idle>-0     [002] d..3   100.244679: sched_switch: prev_comm=swapper/2 prev_pid=0 prev_prio=120 prev_state=R+ ==> next_comm=sugov:0 next_pid=181 next_prio=49
         sugov:0-181   [002] ...1   100.244685: __schedule: __schedule_2 prev=sugov:0,prev_pid=181,next=swapper/0,next_pid=0,preempt_count=1
         sugov:0-181   [002] ...1   100.244688: schedule: __schedule func 45.790846ms
         sugov:0-181   [002] ....   100.244691: schedule: sched_preempt_enable_no_resched func 0.002770ms
         sugov:0-181   [002] ....   100.244693: schedule: sched_preempt_enable_no_resched func preempt_count=0
          <idle>-0     [000] .n.1   100.244697: schedule_preempt_disabled: enter schedule_preempt_disabled: preempt_count=1
          <idle>-0     [000] .n..   100.244700: schedule: start disable: preempt_count()=0
          <idle>-0     [000] .n.1   100.244704: __schedule: __schedule_1 prev=swapper/0,prev_pid=0,preempt=1,preempt_count=1
          <idle>-0     [000] d..3   100.244711: sched_switch: prev_comm=swapper/0 prev_pid=0 prev_prio=120 prev_state=R+ ==> next_comm=sugov_perf:0 next_pid=182 next_prio=120
    sugov_perf:0-182   [000] ...1   100.244719: __schedule: __schedule_2 prev=sugov_perf:0,prev_pid=182,next=swapper/0,next_pid=0,preempt_count=1
    sugov_perf:0-182   [000] ...1   100.244721: schedule: __schedule func 51.301077ms
    sugov_perf:0-182   [000] ....   100.244724: schedule: sched_preempt_enable_no_resched func 0.002730ms
    sugov_perf:0-182   [000] ....   100.244726: schedule: sched_preempt_enable_no_resched func preempt_count=0
    sugov_perf:0-182   [000] ....   100.244728: schedule: start disable: preempt_count()=0
    sugov_perf:0-182   [000] ...1   100.244731: schedule: preempt_disable func time=0.002231ms
    sugov_perf:0-182   [000] ...1   100.244734: __schedule: __schedule_1 prev=sugov_perf:0,prev_pid=182,preempt=0,preempt_count=1
    sugov_perf:0-182   [000] d..3   100.244754: sched_switch: prev_comm=sugov_perf:0 prev_pid=182 prev_prio=120 prev_state=S ==> next_comm=swapper/0 next_pid=0 next_prio=120
         sugov:0-181   [002] ....   100.244762: schedule: start disable: preempt_count()=0
         sugov:0-181   [002] ...1   100.244765: schedule: preempt_disable func time=0.002808ms
         sugov:0-181   [002] ...1   100.244770: __schedule: __schedule_1 prev=sugov:0,prev_pid=181,preempt=0,preempt_count=1
          <idle>-0     [000] ...1   100.244773: __schedule: __schedule_2 prev=swapper/0,prev_pid=0,next=sugov_perf:0,next_pid=182,preempt_count=1
          <idle>-0     [000] ...1   100.244776: schedule: preempt_disable func time=0.075924ms
          <idle>-0     [000] ...1   100.244779: __schedule: __schedule_1 prev=swapper/0,prev_pid=0,preempt=0,preempt_count=1
          <idle>-0     [000] ...1   100.244797: __schedule: __schedule_2 prev=swapper/0,prev_pid=0,next=swapper/0,next_pid=0,preempt_count=1
          <idle>-0     [000] ...1   100.244811: schedule: __schedule func 0.034923ms
         sugov:0-181   [002] d..3   100.244812: sched_switch: prev_comm=sugov:0 prev_pid=181 prev_prio=49 prev_state=S ==> next_comm=swapper/2 next_pid=0 next_prio=120
          <idle>-0     [000] ....   100.244814: schedule: sched_preempt_enable_no_resched func 0.002692ms
          <idle>-0     [000] ....   100.244816: schedule: sched_preempt_enable_no_resched func preempt_count=0
          <idle>-0     [000] ...1   100.244818: schedule_preempt_disabled: exit schedule_preempt_disabled: preempt_count=1
          <idle>-0     [002] ...1   100.244818: __schedule: __schedule_2 prev=swapper/2,prev_pid=0,next=sugov:0,next_pid=181,preempt_count=1
          <idle>-0     [002] ...1   100.244822: schedule: preempt_disable func time=0.152346ms
          <idle>-0     [002] ...1   100.244825: __schedule: __schedule_1 prev=swapper/2,prev_pid=0,preempt=0,preempt_count=1
          <idle>-0     [002] ...1   100.244842: __schedule: __schedule_2 prev=swapper/2,prev_pid=0,next=swapper/2,next_pid=0,preempt_count=1
          <idle>-0     [002] ...1   100.244844: schedule: __schedule func 0.022616ms
          <idle>-0     [002] ....   100.244857: schedule: sched_preempt_enable_no_resched func 0.013115ms
          <idle>-0     [002] ....   100.244859: schedule: sched_preempt_enable_no_resched func preempt_count=0
          <idle>-0     [002] ...1   100.244861: schedule_preempt_disabled: exit schedule_preempt_disabled: preempt_count=1
          <idle>-0     [000] .n.1   100.250799: schedule_preempt_disabled: enter schedule_preempt_disabled: preempt_count=1
          <idle>-0     [000] .n..   100.250803: schedule: start disable: preempt_count()=0
          <idle>-0     [000] .n.1   100.250805: __schedule: __schedule_1 prev=swapper/0,prev_pid=0,preempt=1,preempt_count=1
          <idle>-0     [000] d..3   100.250808: sched_switch: prev_comm=swapper/0 prev_pid=0 prev_prio=120 prev_state=R+ ==> next_comm=sugov:0 next_pid=181 next_prio=49
         sugov:0-181   [000] ...1   100.250812: __schedule: __schedule_2 prev=sugov:0,prev_pid=181,next=swapper/2,next_pid=0,preempt_count=1
         sugov:0-181   [000] ...1   100.250814: schedule: __schedule func 6.049038ms
         sugov:0-181   [000] ....   100.250816: schedule: sched_preempt_enable_no_resched func 0.001808ms
         sugov:0-181   [000] ....   100.250817: schedule: sched_preempt_enable_no_resched func preempt_count=0
         sugov:0-181   [000] ....   100.250875: schedule: start disable: preempt_count()=0
         sugov:0-181   [000] ...1   100.250878: schedule: preempt_disable func time=0.002692ms
         sugov:0-181   [000] ...1   100.250893: __schedule: __schedule_1 prev=sugov:0,prev_pid=181,preempt=0,preempt_count=1
         sugov:0-181   [000] d..3   100.250925: sched_switch: prev_comm=sugov:0 prev_pid=181 prev_prio=49 prev_state=S ==> next_comm=swapper/0 next_pid=0 next_prio=120
          <idle>-0     [000] ...1   100.250944: __schedule: __schedule_2 prev=swapper/0,prev_pid=0,next=sugov:0,next_pid=181,preempt_count=1
          <idle>-0     [000] ...1   100.250947: schedule: preempt_disable func time=0.144923ms
          <idle>-0     [000] ...1   100.250950: __schedule: __schedule_1 prev=swapper/0,prev_pid=0,preempt=0,preempt_count=1
          <idle>-0     [000] ...1   100.250966: __schedule: __schedule_2 prev=swapper/0,prev_pid=0,next=swapper/0,next_pid=0,preempt_count=1
          <idle>-0     [000] ...1   100.250968: schedule: __schedule func 0.021385ms
          <idle>-0     [000] ....   100.250982: schedule: sched_preempt_enable_no_resched func 0.013192ms
          <idle>-0     [000] ....   100.250983: schedule: sched_preempt_enable_no_resched func preempt_count=0
          <idle>-0     [000] ...1   100.250986: schedule_preempt_disabled: exit schedule_preempt_disabled: preempt_count=1
          <idle>-0     [000] .n.1   100.294836: schedule_preempt_disabled: enter schedule_preempt_disabled: preempt_count=1
          <idle>-0     [000] .n..   100.294839: schedule: start disable: preempt_count()=0
          <idle>-0     [000] .n.1   100.294842: __schedule: __schedule_1 prev=swapper/0,prev_pid=0,preempt=1,preempt_count=1
          <idle>-0     [000] d..3   100.294860: sched_switch: prev_comm=swapper/0 prev_pid=0 prev_prio=120 prev_state=R+ ==> next_comm=kworker/0:0 next_pid=4 next_prio=120
     kworker/0:0-4     [000] ...1   100.294867: __schedule: __schedule_2 prev=kworker/0:0,prev_pid=4,next=swapper/0,next_pid=0,preempt_count=1
     kworker/0:0-4     [000] ...1   100.294871: schedule: __schedule func 51.968346ms
     kworker/0:0-4     [000] ....   100.294873: schedule: sched_preempt_enable_no_resched func 0.002731ms
     kworker/0:0-4     [000] ....   100.294875: schedule: sched_preempt_enable_no_resched func preempt_count=0
     kworker/0:0-4     [000] ....   100.294908: schedule: start disable: preempt_count()=0
     kworker/0:0-4     [000] ...1   100.294923: schedule: preempt_disable func time=0.015423ms
     kworker/0:0-4     [000] ...1   100.294926: __schedule: __schedule_1 prev=kworker/0:0,prev_pid=4,preempt=0,preempt_count=1
     kworker/0:0-4     [000] d..3   100.294958: sched_switch: prev_comm=kworker/0:0 prev_pid=4 prev_prio=120 prev_state=S ==> next_comm=swapper/0 next_pid=0 next_prio=120
          <idle>-0     [000] ...1   100.294977: __schedule: __schedule_2 prev=swapper/0,prev_pid=0,next=kworker/0:0,next_pid=4,preempt_count=1
          <idle>-0     [000] ...1   100.294980: schedule: preempt_disable func time=0.141153ms
          <idle>-0     [000] ...1   100.294983: __schedule: __schedule_1 prev=swapper/0,prev_pid=0,preempt=0,preempt_count=1
          <idle>-0     [000] ...1   100.295000: __schedule: __schedule_2 prev=swapper/0,prev_pid=0,next=swapper/0,next_pid=0,preempt_count=1
          <idle>-0     [000] ...1   100.295002: schedule: __schedule func 0.021885ms
          <idle>-0     [000] ....   100.295005: schedule: sched_preempt_enable_no_resched func 0.002731ms
          <idle>-0     [000] ....   100.295015: schedule: sched_preempt_enable_no_resched func preempt_count=0
          <idle>-0     [000] ...1   100.295017: schedule_preempt_disabled: exit schedule_preempt_disabled: preempt_count=1
          <idle>-0     [000] .n.1   100.295423: schedule_preempt_disabled: enter schedule_preempt_disabled: preempt_count=1
          <idle>-0     [000] .n..   100.295427: schedule: start disable: preempt_count()=0
          <idle>-0     [000] .n.1   100.295430: __schedule: __schedule_1 prev=swapper/0,prev_pid=0,preempt=1,preempt_count=1
          <idle>-0     [000] d..3   100.295438: sched_switch: prev_comm=swapper/0 prev_pid=0 prev_prio=120 prev_state=R+ ==> next_comm=f2fs_discard-25 next_pid=280 next_prio=120
 f2fs_discard-25-280   [000] ...1   100.295445: __schedule: __schedule_2 prev=f2fs_discard-25,prev_pid=280,next=swapper/1,next_pid=0,preempt_count=1
 f2fs_discard-25-280   [000] ...1   100.295448: schedule: __schedule func 51.196615ms
 f2fs_discard-25-280   [000] ....   100.295450: schedule: sched_preempt_enable_no_resched func 0.002654ms
 f2fs_discard-25-280   [000] ....   100.295452: schedule: sched_preempt_enable_no_resched func preempt_count=0
          <idle>-0     [001] .n.1   100.295471: schedule_preempt_disabled: enter schedule_preempt_disabled: preempt_count=1
          <idle>-0     [001] .n..   100.295475: schedule: start disable: preempt_count()=0
          <idle>-0     [001] .n.1   100.295479: __schedule: __schedule_1 prev=swapper/1,prev_pid=0,preempt=1,preempt_count=1
          <idle>-0     [001] d..3   100.295488: sched_switch: prev_comm=swapper/1 prev_pid=0 prev_prio=120 prev_state=R+ ==> next_comm=kworker/u16:1 next_pid=72 next_prio=120
   kworker/u16:1-72    [001] ...1   100.295496: __schedule: __schedule_2 prev=kworker/u16:1,prev_pid=72,next=swapper/1,next_pid=0,preempt_count=1
   kworker/u16:1-72    [001] ...1   100.295499: schedule: __schedule func 51.972269ms
   kworker/u16:1-72    [001] ....   100.295503: schedule: sched_preempt_enable_no_resched func 0.003769ms
   kworker/u16:1-72    [001] ....   100.295504: schedule: sched_preempt_enable_no_resched func preempt_count=0
   kworker/u16:1-72    [001] ....   100.295527: schedule: start disable: preempt_count()=0
   kworker/u16:1-72    [001] ...1   100.295530: schedule: preempt_disable func time=0.003193ms
   kworker/u16:1-72    [001] ...1   100.295533: __schedule: __schedule_1 prev=kworker/u16:1,prev_pid=72,preempt=0,preempt_count=1
   kworker/u16:1-72    [001] d..3   100.295557: sched_switch: prev_comm=kworker/u16:1 prev_pid=72 prev_prio=120 prev_state=S ==> next_comm=swapper/1 next_pid=0 next_prio=120
          <idle>-0     [001] ...1   100.295564: __schedule: __schedule_2 prev=swapper/1,prev_pid=0,next=kworker/u16:1,next_pid=72,preempt_count=1
          <idle>-0     [001] ...1   100.295567: schedule: preempt_disable func time=0.092000ms
          <idle>-0     [001] ...1   100.295570: __schedule: __schedule_1 prev=swapper/1,prev_pid=0,preempt=0,preempt_count=1
          <idle>-0     [001] ...1   100.295586: __schedule: __schedule_2 prev=swapper/1,prev_pid=0,next=swapper/1,next_pid=0,preempt_count=1
          <idle>-0     [001] ...1   100.295589: schedule: __schedule func 0.022193ms
          <idle>-0     [001] ....   100.295592: schedule: sched_preempt_enable_no_resched func 0.002731ms
          <idle>-0     [001] ....   100.295594: schedule: sched_preempt_enable_no_resched func preempt_count=0
          <idle>-0     [001] ...1   100.295596: schedule_preempt_disabled: exit schedule_preempt_disabled: preempt_count=1
 f2fs_discard-25-280   [000] ....   100.295634: schedule: start disable: preempt_count()=0
 f2fs_discard-25-280   [000] ...1   100.295638: schedule: preempt_disable func time=0.003615ms
          <idle>-0     [001] .n.1   100.295641: schedule_preempt_disabled: enter schedule_preempt_disabled: preempt_count=1
          <idle>-0     [001] .n..   100.295650: schedule: start disable: preempt_count()=0
 f2fs_discard-25-280   [000] ...1   100.295651: __schedule: __schedule_1 prev=f2fs_discard-25,prev_pid=280,preempt=0,preempt_count=1
          <idle>-0     [001] .n.1   100.295653: __schedule: __schedule_1 prev=swapper/1,prev_pid=0,preempt=1,preempt_count=1
          <idle>-0     [001] d..3   100.295657: sched_switch: prev_comm=swapper/1 prev_pid=0 prev_prio=120 prev_state=R+ ==> next_comm=mmcqd/0 next_pid=197 next_prio=98
         mmcqd/0-197   [001] ...1   100.295663: __schedule: __schedule_2 prev=mmcqd/0,prev_pid=197,next=swapper/1,next_pid=0,preempt_count=1
         mmcqd/0-197   [001] ...1   100.295665: schedule: __schedule func 51.316616ms
         mmcqd/0-197   [001] ....   100.295668: schedule: sched_preempt_enable_no_resched func 0.002577ms
         mmcqd/0-197   [001] ....   100.295669: schedule: sched_preempt_enable_no_resched func preempt_count=0
 f2fs_discard-25-280   [000] d..3   100.295677: sched_switch: prev_comm=f2fs_discard-25 prev_pid=280 prev_prio=120 prev_state=D ==> next_comm=swapper/0 next_pid=0 next_prio=120
          <idle>-0     [000] ...1   100.295684: __schedule: __schedule_2 prev=swapper/0,prev_pid=0,next=f2fs_discard-25,next_pid=280,preempt_count=1
          <idle>-0     [000] ...1   100.295687: schedule: preempt_disable func time=0.259693ms
          <idle>-0     [000] ...1   100.295690: __schedule: __schedule_1 prev=swapper/0,prev_pid=0,preempt=0,preempt_count=1
          <idle>-0     [000] ...1   100.295706: __schedule: __schedule_2 prev=swapper/0,prev_pid=0,next=swapper/0,next_pid=0,preempt_count=1
          <idle>-0     [000] ...1   100.295709: schedule: __schedule func 0.021730ms
          <idle>-0     [000] ....   100.295712: schedule: sched_preempt_enable_no_resched func 0.002847ms
          <idle>-0     [000] ....   100.295713: schedule: sched_preempt_enable_no_resched func preempt_count=0
          <idle>-0     [000] ...1   100.295716: schedule_preempt_disabled: exit schedule_preempt_disabled: preempt_count=1
         mmcqd/0-197   [001] ....   100.295751: schedule: start disable: preempt_count()=0
         mmcqd/0-197   [001] ...1   100.295754: schedule: preempt_disable func time=0.003000ms
         mmcqd/0-197   [001] ...1   100.295757: __schedule: __schedule_1 prev=mmcqd/0,prev_pid=197,preempt=0,preempt_count=1
         mmcqd/0-197   [001] d..3   100.295785: sched_switch: prev_comm=mmcqd/0 prev_pid=197 prev_prio=98 prev_state=D ==> next_comm=swapper/1 next_pid=0 next_prio=120
          <idle>-0     [001] ...1   100.295797: __schedule: __schedule_2 prev=swapper/1,prev_pid=0,next=mmcqd/0,next_pid=197,preempt_count=1
          <idle>-0     [001] ...1   100.295800: schedule: preempt_disable func time=0.149692ms
          <idle>-0     [001] ...1   100.295803: __schedule: __schedule_1 prev=swapper/1,prev_pid=0,preempt=0,preempt_count=1
          <idle>-0     [001] ...1   100.295819: __schedule: __schedule_2 prev=swapper/1,prev_pid=0,next=swapper/1,next_pid=0,preempt_count=1
          <idle>-0     [000] .n.1   100.295820: schedule_preempt_disabled: enter schedule_preempt_disabled: preempt_count=1
          <idle>-0     [001] ...1   100.295828: schedule: __schedule func 0.028423ms
          <idle>-0     [000] .n..   100.295829: schedule: start disable: preempt_count()=0
          <idle>-0     [001] ....   100.295831: schedule: sched_preempt_enable_no_resched func 0.002731ms
          <idle>-0     [000] .n.1   100.295832: __schedule: __schedule_1 prev=swapper/0,prev_pid=0,preempt=1,preempt_count=1
          <idle>-0     [001] ....   100.295833: schedule: sched_preempt_enable_no_resched func preempt_count=0
          <idle>-0     [001] ...1   100.295835: schedule_preempt_disabled: exit schedule_preempt_disabled: preempt_count=1
          <idle>-0     [000] d..3   100.295836: sched_switch: prev_comm=swapper/0 prev_pid=0 prev_prio=120 prev_state=R+ ==> next_comm=mmcqd/0 next_pid=197 next_prio=98
         mmcqd/0-197   [000] ...1   100.295843: __schedule: __schedule_2 prev=mmcqd/0,prev_pid=197,next=swapper/1,next_pid=0,preempt_count=1
         mmcqd/0-197   [000] ...1   100.295845: schedule: __schedule func 0.091885ms
         mmcqd/0-197   [000] ....   100.295848: schedule: sched_preempt_enable_no_resched func 0.002923ms
         mmcqd/0-197   [000] ....   100.295850: schedule: sched_preempt_enable_no_resched func preempt_count=0
         mmcqd/0-197   [000] ....   100.295888: schedule: start disable: preempt_count()=0
         mmcqd/0-197   [000] ...1   100.295891: schedule: preempt_disable func time=0.002807ms
         mmcqd/0-197   [000] ...1   100.295900: __schedule: __schedule_1 prev=mmcqd/0,prev_pid=197,preempt=0,preempt_count=1
         mmcqd/0-197   [000] ...1   100.295910: __schedule: __schedule_2 prev=mmcqd/0,prev_pid=197,next=mmcqd/0,next_pid=197,preempt_count=1
         mmcqd/0-197   [000] ...1   100.295913: schedule: __schedule func 0.022154ms
         mmcqd/0-197   [000] ....   100.295916: schedule: sched_preempt_enable_no_resched func 0.002577ms
         mmcqd/0-197   [000] ....   100.295918: schedule: sched_preempt_enable_no_resched func preempt_count=0
         mmcqd/0-197   [000] ....   100.295940: schedule: start disable: preempt_count()=0
         mmcqd/0-197   [000] ...1   100.295942: schedule: preempt_disable func time=0.002769ms
         mmcqd/0-197   [000] ...1   100.295958: __schedule: __schedule_1 prev=mmcqd/0,prev_pid=197,preempt=0,preempt_count=1
         mmcqd/0-197   [000] d..3   100.295982: sched_switch: prev_comm=mmcqd/0 prev_pid=197 prev_prio=98 prev_state=D ==> next_comm=swapper/0 next_pid=0 next_prio=120
          <idle>-0     [000] ...1   100.295988: __schedule: __schedule_2 prev=swapper/0,prev_pid=0,next=mmcqd/0,next_pid=197,preempt_count=1
          <idle>-0     [000] ...1   100.295991: schedule: preempt_disable func time=0.162153ms
          <idle>-0     [000] ...1   100.295994: __schedule: __schedule_1 prev=swapper/0,prev_pid=0,preempt=0,preempt_count=1
          <idle>-0     [000] ...1   100.296010: __schedule: __schedule_2 prev=swapper/0,prev_pid=0,next=swapper/0,next_pid=0,preempt_count=1
          <idle>-0     [000] ...1   100.296021: schedule: __schedule func 0.029308ms
          <idle>-0     [000] ....   100.296023: schedule: sched_preempt_enable_no_resched func 0.002769ms
          <idle>-0     [000] ....   100.296025: schedule: sched_preempt_enable_no_resched func preempt_count=0
          <idle>-0     [000] ...1   100.296028: schedule_preempt_disabled: exit schedule_preempt_disabled: preempt_count=1
          <idle>-0     [000] .n.1   100.296081: schedule_preempt_disabled: enter schedule_preempt_disabled: preempt_count=1
          <idle>-0     [000] .n..   100.296097: schedule: start disable: preempt_count()=0
          <idle>-0     [000] .n.1   100.296101: __schedule: __schedule_1 prev=swapper/0,prev_pid=0,preempt=1,preempt_count=1
          <idle>-0     [000] d..3   100.296105: sched_switch: prev_comm=swapper/0 prev_pid=0 prev_prio=120 prev_state=R+ ==> next_comm=mmcqd/0 next_pid=197 next_prio=98
         mmcqd/0-197   [000] ...1   100.296111: __schedule: __schedule_2 prev=mmcqd/0,prev_pid=197,next=swapper/0,next_pid=0,preempt_count=1
         mmcqd/0-197   [000] ...1   100.296114: schedule: __schedule func 0.171616ms
         mmcqd/0-197   [000] ....   100.296117: schedule: sched_preempt_enable_no_resched func 0.002654ms
         mmcqd/0-197   [000] ....   100.296118: schedule: sched_preempt_enable_no_resched func preempt_count=0
         mmcqd/0-197   [000] ....   100.296153: schedule: start disable: preempt_count()=0
         mmcqd/0-197   [000] ...1   100.296156: schedule: preempt_disable func time=0.002731ms
         mmcqd/0-197   [000] ...1   100.296158: __schedule: __schedule_1 prev=mmcqd/0,prev_pid=197,preempt=0,preempt_count=1
         mmcqd/0-197   [000] ...1   100.296168: __schedule: __schedule_2 prev=mmcqd/0,prev_pid=197,next=mmcqd/0,next_pid=197,preempt_count=1
         mmcqd/0-197   [000] ...1   100.296170: schedule: __schedule func 0.014346ms
         mmcqd/0-197   [000] ....   100.296173: schedule: sched_preempt_enable_no_resched func 0.002577ms
         mmcqd/0-197   [000] ....   100.296174: schedule: sched_preempt_enable_no_resched func preempt_count=0
          <idle>-0     [001] .n.1   100.296220: schedule_preempt_disabled: enter schedule_preempt_disabled: preempt_count=1
          <idle>-0     [001] .n..   100.296223: schedule: start disable: preempt_count()=0
          <idle>-0     [001] .n.1   100.296238: __schedule: __schedule_1 prev=swapper/1,prev_pid=0,preempt=1,preempt_count=1
          <idle>-0     [001] d..3   100.296246: sched_switch: prev_comm=swapper/1 prev_pid=0 prev_prio=120 prev_state=R+ ==> next_comm=f2fs_discard-25 next_pid=280 next_prio=120
 f2fs_discard-25-280   [001] ...1   100.296252: __schedule: __schedule_2 prev=f2fs_discard-25,prev_pid=280,next=swapper/0,next_pid=0,preempt_count=1
 f2fs_discard-25-280   [001] ...1   100.296255: schedule: __schedule func 0.617577ms
 f2fs_discard-25-280   [001] ....   100.296257: schedule: sched_preempt_enable_no_resched func 0.002538ms
 f2fs_discard-25-280   [001] ....   100.296259: schedule: sched_preempt_enable_no_resched func preempt_count=0
         mmcqd/0-197   [000] ....   100.296289: schedule: start disable: preempt_count()=0
