     rcu_preempt-8     [001] ....   131.921901: schedule: start disable: preempt_count()=0
     rcu_preempt-8     [001] ...1   131.921902: schedule: preempt_disable func time=0.000654ms
     rcu_preempt-8     [001] ...1   131.921903: __schedule: __schedule_1 prev=rcu_preempt,prev_pid=8,preempt=0,preempt_count=1
     rcu_preempt-8     [001] d..2   131.921904: sched_switch: prev_comm=rcu_preempt prev_pid=8 prev_prio=120 prev_state=R+ ==> next_comm=swapper/1 next_pid=0 next_prio=120
          <idle>-0     [001] ...1   131.921905: __schedule: __schedule_2 prev=swapper/1,prev_pid=0,next=rcu_preempt,next_pid=8,preempt_count=1
          <idle>-0     [001] ...1   131.921906: schedule_idle: exit_schedule_idle: preempt_count=1
          <idle>-0     [001] .n.1   131.945891: schedule_idle: enter_schedule_idle: preempt_count=1
          <idle>-0     [001] .n.1   131.945891: __schedule: __schedule_1 prev=swapper/1,prev_pid=0,preempt=0,preempt_count=1
          <idle>-0     [001] d..2   131.945893: sched_switch: prev_comm=swapper/1 prev_pid=0 prev_prio=120 prev_state=S ==> next_comm=kworker/u4:1 next_pid=137 next_prio=120
    kworker/u4:1-137   [001] ...1   131.945895: __schedule: __schedule_2 prev=kworker/u4:1,prev_pid=137,next=ksoftirqd/1,next_pid=17,preempt_count=1
    kworker/u4:1-137   [001] ...1   131.945896: schedule: __schedule func 107.930192ms
    kworker/u4:1-137   [001] ....   131.945896: schedule: sched_preempt_enable_no_resched func 0.000615ms
    kworker/u4:1-137   [001] ....   131.945897: schedule: sched_preempt_enable_no_resched func preempt_count=0
    kworker/u4:1-137   [001] ....   131.945928: schedule: start disable: preempt_count()=0
    kworker/u4:1-137   [001] ...1   131.945928: schedule: preempt_disable func time=0.000654ms
    kworker/u4:1-137   [001] ...1   131.945929: __schedule: __schedule_1 prev=kworker/u4:1,prev_pid=137,preempt=0,preempt_count=1
    kworker/u4:1-137   [001] d..2   131.945931: sched_switch: prev_comm=kworker/u4:1 prev_pid=137 prev_prio=120 prev_state=T ==> next_comm=swapper/1 next_pid=0 next_prio=120
          <idle>-0     [001] ...1   131.945933: __schedule: __schedule_2 prev=swapper/1,prev_pid=0,next=kworker/u4:1,next_pid=137,preempt_count=1
          <idle>-0     [001] ...1   131.945933: schedule_idle: exit_schedule_idle: preempt_count=1
          <idle>-0     [001] .n.1   131.947925: schedule_idle: enter_schedule_idle: preempt_count=1
          <idle>-0     [001] .n.1   131.947926: __schedule: __schedule_1 prev=swapper/1,prev_pid=0,preempt=0,preempt_count=1
          <idle>-0     [001] d..2   131.947931: sched_switch: prev_comm=swapper/1 prev_pid=0 prev_prio=120 prev_state=S ==> next_comm=YlogSender next_pid=196 next_prio=120
      YlogSender-196   [001] ...1   131.947935: __schedule: __schedule_2 prev=YlogSender,prev_pid=196,next=swapper/1,next_pid=0,preempt_count=1
      YlogSender-196   [001] ...1   131.947935: schedule: __schedule func 100.065961ms
      YlogSender-196   [001] ....   131.947936: schedule: sched_preempt_enable_no_resched func 0.000770ms
      YlogSender-196   [001] ....   131.947937: schedule: sched_preempt_enable_no_resched func preempt_count=0
      YlogSender-196   [001] ....   131.948095: schedule: start disable: preempt_count()=0
      YlogSender-196   [001] ...1   131.948096: schedule: preempt_disable func time=0.001038ms
      YlogSender-196   [001] ...1   131.948097: __schedule: __schedule_1 prev=YlogSender,prev_pid=196,preempt=0,preempt_count=1
      YlogSender-196   [001] d..2   131.948100: sched_switch: prev_comm=YlogSender prev_pid=196 prev_prio=120 prev_state=D ==> next_comm=ylog.rdandroid next_pid=284 next_prio=120
  ylog.rdandroid-284   [001] ...1   131.948103: __schedule: __schedule_2 prev=ylog.rdandroid,prev_pid=284,next=swapper/1,next_pid=0,preempt_count=1
  ylog.rdandroid-284   [001] ...1   131.948104: schedule: __schedule func 200.288614ms
  ylog.rdandroid-284   [001] ....   131.948105: schedule: sched_preempt_enable_no_resched func 0.000808ms
  ylog.rdandroid-284   [001] ....   131.948106: schedule: sched_preempt_enable_no_resched func preempt_count=0
  ylog.rdandroid-284   [001] ....   131.948279: schedule: start disable: preempt_count()=0
  ylog.rdandroid-284   [001] ...1   131.948280: schedule: preempt_disable func time=0.001000ms
  ylog.rdandroid-284   [001] ...1   131.948281: __schedule: __schedule_1 prev=ylog.rdandroid,prev_pid=284,preempt=0,preempt_count=1
  ylog.rdandroid-284   [001] d..2   131.948286: sched_switch: prev_comm=ylog.rdandroid prev_pid=284 prev_prio=120 prev_state=D ==> next_comm=swapper/1 next_pid=0 next_prio=120
          <idle>-0     [001] ...1   131.948288: __schedule: __schedule_2 prev=swapper/1,prev_pid=0,next=YlogSender,next_pid=196,preempt_count=1
          <idle>-0     [001] ...1   131.948289: schedule_idle: exit_schedule_idle: preempt_count=1
          <idle>-0     [001] .n.1   131.949888: schedule_idle: enter_schedule_idle: preempt_count=1
          <idle>-0     [001] .n.1   131.949889: __schedule: __schedule_1 prev=swapper/1,prev_pid=0,preempt=0,preempt_count=1
          <idle>-0     [001] d..2   131.949891: sched_switch: prev_comm=swapper/1 prev_pid=0 prev_prio=120 prev_state=S ==> next_comm=ylog.rdkernel next_pid=283 next_prio=120
   ylog.rdkernel-283   [001] ...1   131.949893: __schedule: __schedule_2 prev=ylog.rdkernel,prev_pid=283,next=rcu_preempt,next_pid=8,preempt_count=1
   ylog.rdkernel-283   [001] ...1   131.949894: schedule: __schedule func 107.870807ms
   ylog.rdkernel-283   [001] ....   131.949895: schedule: sched_preempt_enable_no_resched func 0.000731ms
   ylog.rdkernel-283   [001] ....   131.949896: schedule: sched_preempt_enable_no_resched func preempt_count=0
   ylog.rdkernel-283   [001] ....   131.950004: schedule: start disable: preempt_count()=0
   ylog.rdkernel-283   [001] ...1   131.950005: schedule: preempt_disable func time=0.000962ms
   ylog.rdkernel-283   [001] ...1   131.950006: __schedule: __schedule_1 prev=ylog.rdkernel,prev_pid=283,preempt=0,preempt_count=1
   ylog.rdkernel-283   [001] d..2   131.950008: sched_switch: prev_comm=ylog.rdkernel prev_pid=283 prev_prio=120 prev_state=D ==> next_comm=swapper/1 next_pid=0 next_prio=120
          <idle>-0     [001] ...1   131.950009: __schedule: __schedule_2 prev=swapper/1,prev_pid=0,next=ylog.rdkernel,next_pid=283,preempt_count=1
          <idle>-0     [001] ...1   131.950010: schedule_idle: exit_schedule_idle: preempt_count=1
          <idle>-0     [001] .n.1   131.969350: schedule_idle: enter_schedule_idle: preempt_count=1
          <idle>-0     [001] .n.1   131.969351: __schedule: __schedule_1 prev=swapper/1,prev_pid=0,preempt=0,preempt_count=1
          <idle>-0     [001] d..2   131.969352: sched_switch: prev_comm=swapper/1 prev_pid=0 prev_prio=120 prev_state=S ==> next_comm=ylog.pipe next_pid=242 next_prio=120
       ylog.pipe-242   [001] ...1   131.969354: __schedule: __schedule_2 prev=ylog.pipe,prev_pid=242,next=swapper/1,next_pid=0,preempt_count=1
       ylog.pipe-242   [001] ...1   131.969355: schedule: __schedule func 250.066538ms
       ylog.pipe-242   [001] ....   131.969356: schedule: sched_preempt_enable_no_resched func 0.000692ms
       ylog.pipe-242   [001] ....   131.969356: schedule: sched_preempt_enable_no_resched func preempt_count=0
       ylog.pipe-242   [001] ....   131.969393: schedule: start disable: preempt_count()=0
       ylog.pipe-242   [001] ...1   131.969394: schedule: preempt_disable func time=0.001115ms
       ylog.pipe-242   [001] ...1   131.969395: __schedule: __schedule_1 prev=ylog.pipe,prev_pid=242,preempt=0,preempt_count=1
       ylog.pipe-242   [001] d..2   131.969397: sched_switch: prev_comm=ylog.pipe prev_pid=242 prev_prio=120 prev_state=D ==> next_comm=swapper/1 next_pid=0 next_prio=120
          <idle>-0     [001] ...1   131.969399: __schedule: __schedule_2 prev=swapper/1,prev_pid=0,next=ylog.pipe,next_pid=242,preempt_count=1
          <idle>-0     [001] ...1   131.969399: schedule_idle: exit_schedule_idle: preempt_count=1
          <idle>-0     [000] .n.1   132.009176: schedule_idle: enter_schedule_idle: preempt_count=1
          <idle>-0     [000] .n.1   132.009178: __schedule: __schedule_1 prev=swapper/0,prev_pid=0,preempt=0,preempt_count=1
          <idle>-0     [000] d..2   132.009182: sched_switch: prev_comm=swapper/0 prev_pid=0 prev_prio=120 prev_state=S ==> next_comm=watchdog next_pid=1298 next_prio=120
        watchdog-1298  [000] ...1   132.009187: __schedule: __schedule_2 prev=watchdog,prev_pid=1298,next=logd.writer,next_pid=198,preempt_count=1
        watchdog-1298  [000] ...1   132.009189: schedule: __schedule func 2000.077492ms
        watchdog-1298  [000] ....   132.009191: schedule: sched_preempt_enable_no_resched func 0.001538ms
        watchdog-1298  [000] ....   132.009192: schedule: sched_preempt_enable_no_resched func preempt_count=0
        watchdog-1298  [000] ....   132.009287: schedule: start disable: preempt_count()=0
        watchdog-1298  [000] ...1   132.009289: schedule: preempt_disable func time=0.002000ms
        watchdog-1298  [000] ...1   132.009290: __schedule: __schedule_1 prev=watchdog,prev_pid=1298,preempt=0,preempt_count=1
        watchdog-1298  [000] d..2   132.009295: sched_switch: prev_comm=watchdog prev_pid=1298 prev_prio=120 prev_state=D ==> next_comm=logd.writer next_pid=198 next_prio=130
     logd.writer-198   [000] ...1   132.009300: __schedule: __schedule_2 prev=logd.writer,prev_pid=198,next=logd.reader.per,next_pid=1108,preempt_count=1
     logd.writer-198   [000] ...1   132.009302: schedule: __schedule func 120.821000ms
     logd.writer-198   [000] ....   132.009303: schedule: sched_preempt_enable_no_resched func 0.001461ms
     logd.writer-198   [000] ....   132.009304: schedule: sched_preempt_enable_no_resched func preempt_count=0
     logd.writer-198   [000] ....   132.009430: schedule: start disable: preempt_count()=0
     logd.writer-198   [000] ...1   132.009431: schedule: preempt_disable func time=0.001808ms
     logd.writer-198   [000] ...1   132.009432: __schedule: __schedule_1 prev=logd.writer,prev_pid=198,preempt=0,preempt_count=1
     logd.writer-198   [000] d..2   132.009437: sched_switch: prev_comm=logd.writer prev_pid=198 prev_prio=130 prev_state=D ==> next_comm=logd.reader.per next_pid=1108 next_prio=130
 logd.reader.per-1108  [000] ...1   132.009441: __schedule: __schedule_2 prev=logd.reader.per,prev_pid=1108,next=swapper/0,next_pid=0,preempt_count=1
 logd.reader.per-1108  [000] ...1   132.009442: schedule: __schedule func 120.882807ms
 logd.reader.per-1108  [000] ....   132.009444: schedule: sched_preempt_enable_no_resched func 0.001654ms
 logd.reader.per-1108  [000] ....   132.009445: schedule: sched_preempt_enable_no_resched func preempt_count=0
          <idle>-0     [001] .n.1   132.009774: schedule_idle: enter_schedule_idle: preempt_count=1
          <idle>-0     [001] .n.1   132.009777: __schedule: __schedule_1 prev=swapper/1,prev_pid=0,preempt=0,preempt_count=1
          <idle>-0     [001] d..2   132.009778: sched_switch: prev_comm=swapper/1 prev_pid=0 prev_prio=120 prev_state=S ==> next_comm=collect_apr next_pid=1103 next_prio=120
     collect_apr-1103  [001] ...1   132.009780: __schedule: __schedule_2 prev=collect_apr,prev_pid=1103,next=swapper/1,next_pid=0,preempt_count=1
     collect_apr-1103  [001] ...1   132.009781: schedule: __schedule func 121.210115ms
     collect_apr-1103  [001] ....   132.009782: schedule: sched_preempt_enable_no_resched func 0.000808ms
     collect_apr-1103  [001] ....   132.009783: schedule: sched_preempt_enable_no_resched func preempt_count=0
 logd.reader.per-1108  [000] ....   132.009811: schedule: start disable: preempt_count()=0
 logd.reader.per-1108  [000] ...1   132.009813: schedule: preempt_disable func time=0.002077ms
 logd.reader.per-1108  [000] ...1   132.009815: __schedule: __schedule_1 prev=logd.reader.per,prev_pid=1108,preempt=0,preempt_count=1
     collect_apr-1103  [001] ....   132.009820: schedule: start disable: preempt_count()=0
     collect_apr-1103  [001] ...1   132.009821: schedule: preempt_disable func time=0.001077ms
     collect_apr-1103  [001] ...1   132.009822: __schedule: __schedule_1 prev=collect_apr,prev_pid=1103,preempt=0,preempt_count=1
 logd.reader.per-1108  [000] d..2   132.009823: sched_switch: prev_comm=logd.reader.per prev_pid=1108 prev_prio=130 prev_state=D ==> next_comm=swapper/0 next_pid=0 next_prio=120
     collect_apr-1103  [001] d..2   132.009824: sched_switch: prev_comm=collect_apr prev_pid=1103 prev_prio=120 prev_state=D ==> next_comm=swapper/1 next_pid=0 next_prio=120
          <idle>-0     [001] ...1   132.009826: __schedule: __schedule_2 prev=swapper/1,prev_pid=0,next=collect_apr,next_pid=1103,preempt_count=1
          <idle>-0     [000] ...1   132.009827: __schedule: __schedule_2 prev=swapper/0,prev_pid=0,next=watchdog,next_pid=1298,preempt_count=1
          <idle>-0     [001] ...1   132.009827: schedule_idle: exit_schedule_idle: preempt_count=1
          <idle>-0     [000] ...1   132.009827: schedule_idle: exit_schedule_idle: preempt_count=1
          <idle>-0     [001] .n.1   132.009909: schedule_idle: enter_schedule_idle: preempt_count=1
          <idle>-0     [001] .n.1   132.009910: __schedule: __schedule_1 prev=swapper/1,prev_pid=0,preempt=0,preempt_count=1
          <idle>-0     [001] d..2   132.009911: sched_switch: prev_comm=swapper/1 prev_pid=0 prev_prio=120 prev_state=S ==> next_comm=rcu_preempt next_pid=8 next_prio=120
     rcu_preempt-8     [001] ...1   132.009917: __schedule: __schedule_2 prev=rcu_preempt,prev_pid=8,next=swapper/1,next_pid=0,preempt_count=1
     rcu_preempt-8     [001] ...1   132.009918: schedule: __schedule func 88.016038ms
     rcu_preempt-8     [001] ....   132.009919: schedule: sched_preempt_enable_no_resched func 0.000654ms
     rcu_preempt-8     [001] ....   132.009919: schedule: sched_preempt_enable_no_resched func preempt_count=0
     rcu_preempt-8     [001] ....   132.009927: schedule: start disable: preempt_count()=0
     rcu_preempt-8     [001] ...1   132.009928: schedule: preempt_disable func time=0.000692ms
     rcu_preempt-8     [001] ...1   132.009929: __schedule: __schedule_1 prev=rcu_preempt,prev_pid=8,preempt=0,preempt_count=1
     rcu_preempt-8     [001] d..2   132.009931: sched_switch: prev_comm=rcu_preempt prev_pid=8 prev_prio=120 prev_state=R+ ==> next_comm=swapper/1 next_pid=0 next_prio=120
          <idle>-0     [001] ...1   132.009932: __schedule: __schedule_2 prev=swapper/1,prev_pid=0,next=rcu_preempt,next_pid=8,preempt_count=1
          <idle>-0     [001] ...1   132.009932: schedule_idle: exit_schedule_idle: preempt_count=1
          <idle>-0     [000] .n.1   132.014756: schedule_idle: enter_schedule_idle: preempt_count=1
          <idle>-0     [000] .n.1   132.014758: __schedule: __schedule_1 prev=swapper/0,prev_pid=0,preempt=0,preempt_count=1
          <idle>-0     [000] d..2   132.014762: sched_switch: prev_comm=swapper/0 prev_pid=0 prev_prio=120 prev_state=S ==> next_comm=slogmodem next_pid=394 next_prio=120
       slogmodem-394   [000] ...1   132.014767: __schedule: __schedule_2 prev=slogmodem,prev_pid=394,next=swapper/0,next_pid=0,preempt_count=1
       slogmodem-394   [000] ...1   132.014769: schedule: __schedule func 300.300115ms
       slogmodem-394   [000] ....   132.014770: schedule: sched_preempt_enable_no_resched func 0.001538ms
       slogmodem-394   [000] ....   132.014771: schedule: sched_preempt_enable_no_resched func preempt_count=0
       slogmodem-394   [000] ....   132.014969: schedule: start disable: preempt_count()=0
       slogmodem-394   [000] ...1   132.014970: schedule: preempt_disable func time=0.001808ms
       slogmodem-394   [000] ...1   132.014972: __schedule: __schedule_1 prev=slogmodem,prev_pid=394,preempt=0,preempt_count=1
       slogmodem-394   [000] d..2   132.014978: sched_switch: prev_comm=slogmodem prev_pid=394 prev_prio=120 prev_state=D ==> next_comm=swapper/0 next_pid=0 next_prio=120
          <idle>-0     [000] ...1   132.014980: __schedule: __schedule_2 prev=swapper/0,prev_pid=0,next=slogmodem,next_pid=394,preempt_count=1
          <idle>-0     [000] ...1   132.014982: schedule_idle: exit_schedule_idle: preempt_count=1
          <idle>-0     [001] .n.1   132.017901: schedule_idle: enter_schedule_idle: preempt_count=1
          <idle>-0     [001] .n.1   132.017902: __schedule: __schedule_1 prev=swapper/1,prev_pid=0,preempt=0,preempt_count=1
          <idle>-0     [001] d..2   132.017904: sched_switch: prev_comm=swapper/1 prev_pid=0 prev_prio=120 prev_state=S ==> next_comm=kworker/1:2 next_pid=129 next_prio=120
     kworker/1:2-129   [001] ...1   132.017907: __schedule: __schedule_2 prev=kworker/1:2,prev_pid=129,next=ksoftirqd/1,next_pid=17,preempt_count=1
     kworker/1:2-129   [001] ...1   132.017908: schedule: __schedule func 155.943538ms
     kworker/1:2-129   [001] ....   132.017908: schedule: sched_preempt_enable_no_resched func 0.000654ms
     kworker/1:2-129   [001] ....   132.017909: schedule: sched_preempt_enable_no_resched func preempt_count=0
     kworker/1:2-129   [001] ....   132.017923: schedule: start disable: preempt_count()=0
     kworker/1:2-129   [001] ...1   132.017924: schedule: preempt_disable func time=0.001153ms
     kworker/1:2-129   [001] ...1   132.017925: __schedule: __schedule_1 prev=kworker/1:2,prev_pid=129,preempt=0,preempt_count=1
     kworker/1:2-129   [001] d..2   132.017928: sched_switch: prev_comm=kworker/1:2 prev_pid=129 prev_prio=120 prev_state=R+ ==> next_comm=ylog.rdkernel next_pid=283 next_prio=120
   ylog.rdkernel-283   [001] ...1   132.017930: __schedule: __schedule_2 prev=ylog.rdkernel,prev_pid=283,next=swapper/1,next_pid=0,preempt_count=1
   ylog.rdkernel-283   [001] ...1   132.017931: schedule: __schedule func 67.926615ms
   ylog.rdkernel-283   [001] ....   132.017932: schedule: sched_preempt_enable_no_resched func 0.000692ms
   ylog.rdkernel-283   [001] ....   132.017933: schedule: sched_preempt_enable_no_resched func preempt_count=0
          <idle>-0     [000] .n.1   132.017997: schedule_idle: enter_schedule_idle: preempt_count=1
          <idle>-0     [000] .n.1   132.017999: __schedule: __schedule_1 prev=swapper/0,prev_pid=0,preempt=0,preempt_count=1
          <idle>-0     [000] d..2   132.018001: sched_switch: prev_comm=swapper/0 prev_pid=0 prev_prio=120 prev_state=S ==> next_comm=slogmodem next_pid=394 next_prio=120
   ylog.rdkernel-283   [001] ....   132.018002: schedule: start disable: preempt_count()=0
   ylog.rdkernel-283   [001] ...1   132.018003: schedule: preempt_disable func time=0.001000ms
       slogmodem-394   [000] ...1   132.018004: __schedule: __schedule_2 prev=slogmodem,prev_pid=394,next=swapper/0,next_pid=0,preempt_count=1
   ylog.rdkernel-283   [001] ...1   132.018004: __schedule: __schedule_1 prev=ylog.rdkernel,prev_pid=283,preempt=0,preempt_count=1
       slogmodem-394   [000] ...1   132.018005: schedule: __schedule func 3.034730ms
       slogmodem-394   [000] ....   132.018006: schedule: sched_preempt_enable_no_resched func 0.001385ms
   ylog.rdkernel-283   [001] d..2   132.018007: sched_switch: prev_comm=ylog.rdkernel prev_pid=283 prev_prio=120 prev_state=D ==> next_comm=rcu_preempt next_pid=8 next_prio=120
       slogmodem-394   [000] ....   132.018007: schedule: sched_preempt_enable_no_resched func preempt_count=0
     rcu_preempt-8     [001] ...1   132.018009: __schedule: __schedule_2 prev=rcu_preempt,prev_pid=8,next=swapper/1,next_pid=0,preempt_count=1
     rcu_preempt-8     [001] ...1   132.018010: schedule: __schedule func 8.081731ms
     rcu_preempt-8     [001] ....   132.018010: schedule: sched_preempt_enable_no_resched func 0.000692ms
     rcu_preempt-8     [001] ....   132.018011: schedule: sched_preempt_enable_no_resched func preempt_count=0
     rcu_preempt-8     [001] ....   132.018018: schedule: start disable: preempt_count()=0
     rcu_preempt-8     [001] ...1   132.018019: schedule: preempt_disable func time=0.000692ms
     rcu_preempt-8     [001] ...1   132.018020: __schedule: __schedule_1 prev=rcu_preempt,prev_pid=8,preempt=0,preempt_count=1
     rcu_preempt-8     [001] d..2   132.018024: sched_switch: prev_comm=rcu_preempt prev_pid=8 prev_prio=120 prev_state=R+ ==> next_comm=swapper/1 next_pid=0 next_prio=120
          <idle>-0     [001] ...1   132.018025: __schedule: __schedule_2 prev=swapper/1,prev_pid=0,next=kworker/1:2,next_pid=129,preempt_count=1
          <idle>-0     [001] ...1   132.018026: schedule_idle: exit_schedule_idle: preempt_count=1
       slogmodem-394   [000] ....   132.018950: schedule: start disable: preempt_count()=0
       slogmodem-394   [000] ...1   132.018951: schedule: preempt_disable func time=0.001923ms
       slogmodem-394   [000] ...1   132.018953: __schedule: __schedule_1 prev=slogmodem,prev_pid=394,preempt=0,preempt_count=1
       slogmodem-394   [000] d..2   132.018958: sched_switch: prev_comm=slogmodem prev_pid=394 prev_prio=120 prev_state=D ==> next_comm=logd.writer next_pid=198 next_prio=130
     logd.writer-198   [000] ...1   132.018962: __schedule: __schedule_2 prev=logd.writer,prev_pid=198,next=logd.reader.per,next_pid=1108,preempt_count=1
     logd.writer-198   [000] ...1   132.018963: schedule: __schedule func 9.531961ms
     logd.writer-198   [000] ....   132.018964: schedule: sched_preempt_enable_no_resched func 0.001116ms
     logd.writer-198   [000] ....   132.018965: schedule: sched_preempt_enable_no_resched func preempt_count=0
     logd.writer-198   [000] ....   132.019059: schedule: start disable: preempt_count()=0
     logd.writer-198   [000] ...1   132.019062: schedule: preempt_disable func time=0.001731ms
     logd.writer-198   [000] ...1   132.019064: __schedule: __schedule_1 prev=logd.writer,prev_pid=198,preempt=0,preempt_count=1
     logd.writer-198   [000] d..2   132.019067: sched_switch: prev_comm=logd.writer prev_pid=198 prev_prio=130 prev_state=D ==> next_comm=logd.reader.per next_pid=1108 next_prio=130
 logd.reader.per-1108  [000] ...1   132.019070: __schedule: __schedule_2 prev=logd.reader.per,prev_pid=1108,next=swapper/0,next_pid=0,preempt_count=1
 logd.reader.per-1108  [000] ...1   132.019071: schedule: __schedule func 9.258576ms
 logd.reader.per-1108  [000] ....   132.019073: schedule: sched_preempt_enable_no_resched func 0.001577ms
 logd.reader.per-1108  [000] ....   132.019074: schedule: sched_preempt_enable_no_resched func preempt_count=0
          <idle>-0     [001] .n.1   132.019121: schedule_idle: enter_schedule_idle: preempt_count=1
 logd.reader.per-1108  [000] ....   132.019121: schedule: start disable: preempt_count()=0
          <idle>-0     [001] .n.1   132.019122: __schedule: __schedule_1 prev=swapper/1,prev_pid=0,preempt=0,preempt_count=1
          <idle>-0     [001] d..2   132.019123: sched_switch: prev_comm=swapper/1 prev_pid=0 prev_prio=120 prev_state=S ==> next_comm=collect_apr next_pid=1103 next_prio=120
 logd.reader.per-1108  [000] ...1   132.019123: schedule: preempt_disable func time=0.001616ms
 logd.reader.per-1108  [000] ...1   132.019124: __schedule: __schedule_1 prev=logd.reader.per,prev_pid=1108,preempt=0,preempt_count=1
     collect_apr-1103  [001] ...1   132.019125: __schedule: __schedule_2 prev=collect_apr,prev_pid=1103,next=swapper/1,next_pid=0,preempt_count=1
     collect_apr-1103  [001] ...1   132.019126: schedule: __schedule func 9.305115ms
     collect_apr-1103  [001] ....   132.019127: schedule: sched_preempt_enable_no_resched func 0.000770ms
     collect_apr-1103  [001] ....   132.019127: schedule: sched_preempt_enable_no_resched func preempt_count=0
 logd.reader.per-1108  [000] d..2   132.019130: sched_switch: prev_comm=logd.reader.per prev_pid=1108 prev_prio=130 prev_state=D ==> next_comm=swapper/0 next_pid=0 next_prio=120
          <idle>-0     [000] ...1   132.019133: __schedule: __schedule_2 prev=swapper/0,prev_pid=0,next=slogmodem,next_pid=394,preempt_count=1
          <idle>-0     [000] ...1   132.019134: schedule_idle: exit_schedule_idle: preempt_count=1
     collect_apr-1103  [001] ....   132.019141: schedule: start disable: preempt_count()=0
     collect_apr-1103  [001] ...1   132.019142: schedule: preempt_disable func time=0.000731ms
     collect_apr-1103  [001] ...1   132.019143: __schedule: __schedule_1 prev=collect_apr,prev_pid=1103,preempt=0,preempt_count=1
     collect_apr-1103  [001] d..2   132.019145: sched_switch: prev_comm=collect_apr prev_pid=1103 prev_prio=120 prev_state=D ==> next_comm=swapper/1 next_pid=0 next_prio=120
          <idle>-0     [001] ...1   132.019147: __schedule: __schedule_2 prev=swapper/1,prev_pid=0,next=collect_apr,next_pid=1103,preempt_count=1
          <idle>-0     [001] ...1   132.019147: schedule_idle: exit_schedule_idle: preempt_count=1
          <idle>-0     [001] .n.1   132.021895: schedule_idle: enter_schedule_idle: preempt_count=1
          <idle>-0     [001] .n.1   132.021897: __schedule: __schedule_1 prev=swapper/1,prev_pid=0,preempt=0,preempt_count=1
          <idle>-0     [001] d..2   132.021898: sched_switch: prev_comm=swapper/1 prev_pid=0 prev_prio=120 prev_state=S ==> next_comm=ylog.rdkernel next_pid=283 next_prio=120
   ylog.rdkernel-283   [001] ...1   132.021900: __schedule: __schedule_2 prev=ylog.rdkernel,prev_pid=283,next=rcu_preempt,next_pid=8,preempt_count=1
   ylog.rdkernel-283   [001] ...1   132.021901: schedule: __schedule func 3.897154ms
   ylog.rdkernel-283   [001] ....   132.021901: schedule: sched_preempt_enable_no_resched func 0.000769ms
   ylog.rdkernel-283   [001] ....   132.021902: schedule: sched_preempt_enable_no_resched func preempt_count=0
   ylog.rdkernel-283   [001] ....   132.021933: schedule: start disable: preempt_count()=0
   ylog.rdkernel-283   [001] ...1   132.021934: schedule: preempt_disable func time=0.001346ms
   ylog.rdkernel-283   [001] ...1   132.021937: __schedule: __schedule_1 prev=ylog.rdkernel,prev_pid=283,preempt=0,preempt_count=1
   ylog.rdkernel-283   [001] d..2   132.021940: sched_switch: prev_comm=ylog.rdkernel prev_pid=283 prev_prio=120 prev_state=D ==> next_comm=swapper/1 next_pid=0 next_prio=120
          <idle>-0     [001] ...1   132.021941: __schedule: __schedule_2 prev=swapper/1,prev_pid=0,next=ylog.rdkernel,next_pid=283,preempt_count=1
          <idle>-0     [001] ...1   132.021942: schedule_idle: exit_schedule_idle: preempt_count=1
          <idle>-0     [001] .n.1   132.025891: schedule_idle: enter_schedule_idle: preempt_count=1
          <idle>-0     [001] .n.1   132.025892: __schedule: __schedule_1 prev=swapper/1,prev_pid=0,preempt=0,preempt_count=1
          <idle>-0     [001] d..2   132.025893: sched_switch: prev_comm=swapper/1 prev_pid=0 prev_prio=120 prev_state=S ==> next_comm=rcu_preempt next_pid=8 next_prio=120
     rcu_preempt-8     [001] ...1   132.025895: __schedule: __schedule_2 prev=rcu_preempt,prev_pid=8,next=swapper/1,next_pid=0,preempt_count=1
     rcu_preempt-8     [001] ...1   132.025896: schedule: __schedule func 7.877347ms
     rcu_preempt-8     [001] ....   132.025897: schedule: sched_preempt_enable_no_resched func 0.000653ms
     rcu_preempt-8     [001] ....   132.025898: schedule: sched_preempt_enable_no_resched func preempt_count=0
     rcu_preempt-8     [001] ....   132.025905: schedule: start disable: preempt_count()=0
     rcu_preempt-8     [001] ...1   132.025905: schedule: preempt_disable func time=0.000654ms
     rcu_preempt-8     [001] ...1   132.025906: __schedule: __schedule_1 prev=rcu_preempt,prev_pid=8,preempt=0,preempt_count=1
     rcu_preempt-8     [001] d..2   132.025909: sched_switch: prev_comm=rcu_preempt prev_pid=8 prev_prio=120 prev_state=R+ ==> next_comm=swapper/1 next_pid=0 next_prio=120
          <idle>-0     [001] ...1   132.025912: __schedule: __schedule_2 prev=swapper/1,prev_pid=0,next=rcu_preempt,next_pid=8,preempt_count=1
          <idle>-0     [001] ...1   132.025912: schedule_idle: exit_schedule_idle: preempt_count=1
          <idle>-0     [001] .n.1   132.033889: schedule_idle: enter_schedule_idle: preempt_count=1
          <idle>-0     [001] .n.1   132.033890: __schedule: __schedule_1 prev=swapper/1,prev_pid=0,preempt=0,preempt_count=1
          <idle>-0     [001] d..2   132.033891: sched_switch: prev_comm=swapper/1 prev_pid=0 prev_prio=120 prev_state=S ==> next_comm=rcu_preempt next_pid=8 next_prio=120
     rcu_preempt-8     [001] ...1   132.033898: __schedule: __schedule_2 prev=rcu_preempt,prev_pid=8,next=swapper/1,next_pid=0,preempt_count=1
     rcu_preempt-8     [001] ...1   132.033899: schedule: __schedule func 7.993231ms
     rcu_preempt-8     [001] ....   132.033899: schedule: sched_preempt_enable_no_resched func 0.000654ms
     rcu_preempt-8     [001] ....   132.033900: schedule: sched_preempt_enable_no_resched func preempt_count=0
     rcu_preempt-8     [001] ....   132.033909: schedule: start disable: preempt_count()=0
     rcu_preempt-8     [001] ...1   132.033910: schedule: preempt_disable func time=0.000616ms
     rcu_preempt-8     [001] ...1   132.033911: __schedule: __schedule_1 prev=rcu_preempt,prev_pid=8,preempt=0,preempt_count=1
     rcu_preempt-8     [001] d..2   132.033912: sched_switch: prev_comm=rcu_preempt prev_pid=8 prev_prio=120 prev_state=R+ ==> next_comm=swapper/1 next_pid=0 next_prio=120
          <idle>-0     [001] ...1   132.033913: __schedule: __schedule_2 prev=swapper/1,prev_pid=0,next=rcu_preempt,next_pid=8,preempt_count=1
          <idle>-0     [001] ...1   132.033914: schedule_idle: exit_schedule_idle: preempt_count=1
          <idle>-0     [001] .n.1   132.041350: schedule_idle: enter_schedule_idle: preempt_count=1
          <idle>-0     [001] .n.1   132.041351: __schedule: __schedule_1 prev=swapper/1,prev_pid=0,preempt=0,preempt_count=1
          <idle>-0     [001] d..2   132.041357: sched_switch: prev_comm=swapper/1 prev_pid=0 prev_prio=120 prev_state=S ==> next_comm=ylog.mbtraces/ next_pid=277 next_prio=120
  ylog.mbtraces/-277   [001] ...1   132.041359: __schedule: __schedule_2 prev=ylog.mbtraces/,prev_pid=277,next=swapper/1,next_pid=0,preempt_count=1
  ylog.mbtraces/-277   [001] ...1   132.041359: schedule: __schedule func 1000.067266ms
  ylog.mbtraces/-277   [001] ....   132.041360: schedule: sched_preempt_enable_no_resched func 0.000692ms
  ylog.mbtraces/-277   [001] ....   132.041361: schedule: sched_preempt_enable_no_resched func preempt_count=0
  ylog.mbtraces/-277   [001] ....   132.041377: schedule: start disable: preempt_count()=0
  ylog.mbtraces/-277   [001] ...1   132.041377: schedule: preempt_disable func time=0.000693ms
  ylog.mbtraces/-277   [001] ...1   132.041378: __schedule: __schedule_1 prev=ylog.mbtraces/,prev_pid=277,preempt=0,preempt_count=1
  ylog.mbtraces/-277   [001] d..2   132.041381: sched_switch: prev_comm=ylog.mbtraces/ prev_pid=277 prev_prio=120 prev_state=D ==> next_comm=swapper/1 next_pid=0 next_prio=120
          <idle>-0     [001] ...1   132.041383: __schedule: __schedule_2 prev=swapper/1,prev_pid=0,next=ylog.mbtraces/,next_pid=277,preempt_count=1
          <idle>-0     [001] ...1   132.041383: schedule_idle: exit_schedule_idle: preempt_count=1
          <idle>-0     [001] .n.1   132.041888: schedule_idle: enter_schedule_idle: preempt_count=1
          <idle>-0     [001] .n.1   132.041889: __schedule: __schedule_1 prev=swapper/1,prev_pid=0,preempt=0,preempt_count=1
          <idle>-0     [001] d..2   132.041890: sched_switch: prev_comm=swapper/1 prev_pid=0 prev_prio=120 prev_state=S ==> next_comm=rcu_preempt next_pid=8 next_prio=120
     rcu_preempt-8     [001] ...1   132.041891: __schedule: __schedule_2 prev=rcu_preempt,prev_pid=8,next=swapper/1,next_pid=0,preempt_count=1
     rcu_preempt-8     [001] ...1   132.041891: schedule: __schedule func 7.981269ms
     rcu_preempt-8     [001] ....   132.041892: schedule: sched_preempt_enable_no_resched func 0.001000ms
     rcu_preempt-8     [001] ....   132.041893: schedule: sched_preempt_enable_no_resched func preempt_count=0
          <idle>-0     [000] .n.1   132.041899: schedule_idle: enter_schedule_idle: preempt_count=1
     rcu_preempt-8     [001] ....   132.041899: schedule: start disable: preempt_count()=0
     rcu_preempt-8     [001] ...1   132.041899: schedule: preempt_disable func time=0.000654ms
     rcu_preempt-8     [001] ...1   132.041900: __schedule: __schedule_1 prev=rcu_preempt,prev_pid=8,preempt=0,preempt_count=1
          <idle>-0     [000] .n.1   132.041901: __schedule: __schedule_1 prev=swapper/0,prev_pid=0,preempt=0,preempt_count=1
     rcu_preempt-8     [001] d..2   132.041901: sched_switch: prev_comm=rcu_preempt prev_pid=8 prev_prio=120 prev_state=R+ ==> next_comm=swapper/1 next_pid=0 next_prio=120
          <idle>-0     [001] ...1   132.041903: __schedule: __schedule_2 prev=swapper/1,prev_pid=0,next=rcu_preempt,next_pid=8,preempt_count=1
          <idle>-0     [001] ...1   132.041903: schedule_idle: exit_schedule_idle: preempt_count=1
          <idle>-0     [000] d..2   132.041905: sched_switch: prev_comm=swapper/0 prev_pid=0 prev_prio=120 prev_state=S ==> next_comm=watchdog/0 next_pid=12 next_prio=0
      watchdog/0-12    [000] ...1   132.041909: __schedule: __schedule_2 prev=watchdog/0,prev_pid=12,next=swapper/0,next_pid=0,preempt_count=1
      watchdog/0-12    [000] ...1   132.041911: schedule: __schedule func 3999.990023ms
      watchdog/0-12    [000] ....   132.041913: schedule: sched_preempt_enable_no_resched func 0.001769ms
      watchdog/0-12    [000] ....   132.041914: schedule: sched_preempt_enable_no_resched func preempt_count=0
      watchdog/0-12    [000] ....   132.041919: schedule: start disable: preempt_count()=0
      watchdog/0-12    [000] ...1   132.041920: schedule: preempt_disable func time=0.001500ms
      watchdog/0-12    [000] ...1   132.041921: __schedule: __schedule_1 prev=watchdog/0,prev_pid=12,preempt=0,preempt_count=1
      watchdog/0-12    [000] d..2   132.041935: sched_switch: prev_comm=watchdog/0 prev_pid=12 prev_prio=0 prev_state=D ==> next_comm=swapper/0 next_pid=0 next_prio=120
          <idle>-0     [000] ...1   132.041937: __schedule: __schedule_2 prev=swapper/0,prev_pid=0,next=watchdog/0,next_pid=12,preempt_count=1
          <idle>-0     [000] ...1   132.041938: schedule_idle: exit_schedule_idle: preempt_count=1
          <idle>-0     [000] .n.1   132.043318: schedule_idle: enter_schedule_idle: preempt_count=1
          <idle>-0     [000] .n.1   132.043319: __schedule: __schedule_1 prev=swapper/0,prev_pid=0,preempt=0,preempt_count=1
          <idle>-0     [000] d..2   132.043326: sched_switch: prev_comm=swapper/0 prev_pid=0 prev_prio=120 prev_state=S ==> next_comm=ylog.mbftrace/ next_pid=278 next_prio=120
  ylog.mbftrace/-278   [000] ...1   132.043332: __schedule: __schedule_2 prev=ylog.mbftrace/,prev_pid=278,next=swapper/0,next_pid=0,preempt_count=1
  ylog.mbftrace/-278   [000] ...1   132.043333: schedule: __schedule func 1000.075727ms
  ylog.mbftrace/-278   [000] ....   132.043334: schedule: sched_preempt_enable_no_resched func 0.001154ms
  ylog.mbftrace/-278   [000] ....   132.043335: schedule: sched_preempt_enable_no_resched func preempt_count=0
  ylog.mbftrace/-278   [000] ....   132.043353: schedule: start disable: preempt_count()=0
  ylog.mbftrace/-278   [000] ...1   132.043354: schedule: preempt_disable func time=0.001154ms
  ylog.mbftrace/-278   [000] ...1   132.043356: __schedule: __schedule_1 prev=ylog.mbftrace/,prev_pid=278,preempt=0,preempt_count=1
  ylog.mbftrace/-278   [000] d..2   132.043361: sched_switch: prev_comm=ylog.mbftrace/ prev_pid=278 prev_prio=120 prev_state=D ==> next_comm=swapper/0 next_pid=0 next_prio=120
          <idle>-0     [000] ...1   132.043364: __schedule: __schedule_2 prev=swapper/0,prev_pid=0,next=ylog.mbftrace/,next_pid=278,preempt_count=1
          <idle>-0     [000] ...1   132.043365: schedule_idle: exit_schedule_idle: preempt_count=1
          <idle>-0     [001] .n.1   132.048157: schedule_idle: enter_schedule_idle: preempt_count=1
          <idle>-0     [001] .n.1   132.048158: __schedule: __schedule_1 prev=swapper/1,prev_pid=0,preempt=0,preempt_count=1
          <idle>-0     [001] d..2   132.048160: sched_switch: prev_comm=swapper/1 prev_pid=0 prev_prio=120 prev_state=S ==> next_comm=YlogSender next_pid=196 next_prio=120
      YlogSender-196   [001] ...1   132.048163: __schedule: __schedule_2 prev=YlogSender,prev_pid=196,next=ylog.rdandroid,next_pid=284,preempt_count=1
      YlogSender-196   [001] ...1   132.048164: schedule: __schedule func 100.067269ms
      YlogSender-196   [001] ....   132.048164: schedule: sched_preempt_enable_no_resched func 0.000769ms
      YlogSender-196   [001] ....   132.048165: schedule: sched_preempt_enable_no_resched func preempt_count=0
      YlogSender-196   [001] ....   132.048247: schedule: start disable: preempt_count()=0
      YlogSender-196   [001] ...1   132.048248: schedule: preempt_disable func time=0.000923ms
      YlogSender-196   [001] ...1   132.048249: __schedule: __schedule_1 prev=YlogSender,prev_pid=196,preempt=0,preempt_count=1
      YlogSender-196   [001] d..2   132.048251: sched_switch: prev_comm=YlogSender prev_pid=196 prev_prio=120 prev_state=D ==> next_comm=ylog.rdandroid next_pid=284 next_prio=120
  ylog.rdandroid-284   [001] ...1   132.048253: __schedule: __schedule_2 prev=ylog.rdandroid,prev_pid=284,next=swapper/1,next_pid=0,preempt_count=1
  ylog.rdandroid-284   [001] ...1   132.048255: schedule: __schedule func 99.974846ms
  ylog.rdandroid-284   [001] ....   132.048256: schedule: sched_preempt_enable_no_resched func 0.000807ms
  ylog.rdandroid-284   [001] ....   132.048256: schedule: sched_preempt_enable_no_resched func preempt_count=0
  ylog.rdandroid-284   [001] ....   132.048336: schedule: start disable: preempt_count()=0
  ylog.rdandroid-284   [001] ...1   132.048337: schedule: preempt_disable func time=0.000846ms
  ylog.rdandroid-284   [001] ...1   132.048338: __schedule: __schedule_1 prev=ylog.rdandroid,prev_pid=284,preempt=0,preempt_count=1
  ylog.rdandroid-284   [001] d..2   132.048345: sched_switch: prev_comm=ylog.rdandroid prev_pid=284 prev_prio=120 prev_state=D ==> next_comm=swapper/1 next_pid=0 next_prio=120
          <idle>-0     [001] ...1   132.048346: __schedule: __schedule_2 prev=swapper/1,prev_pid=0,next=YlogSender,next_pid=196,preempt_count=1
          <idle>-0     [001] ...1   132.048347: schedule_idle: exit_schedule_idle: preempt_count=1
          <idle>-0     [001] .n.1   132.053890: schedule_idle: enter_schedule_idle: preempt_count=1
          <idle>-0     [001] .n.1   132.053891: __schedule: __schedule_1 prev=swapper/1,prev_pid=0,preempt=0,preempt_count=1
          <idle>-0     [001] d..2   132.053893: sched_switch: prev_comm=swapper/1 prev_pid=0 prev_prio=120 prev_state=S ==> next_comm=kworker/u4:1 next_pid=137 next_prio=120
    kworker/u4:1-137   [001] ...1   132.053895: __schedule: __schedule_2 prev=kworker/u4:1,prev_pid=137,next=swapper/1,next_pid=0,preempt_count=1
    kworker/u4:1-137   [001] ...1   132.053896: schedule: __schedule func 107.967845ms
    kworker/u4:1-137   [001] ....   132.053897: schedule: sched_preempt_enable_no_resched func 0.000693ms
    kworker/u4:1-137   [001] ....   132.053898: schedule: sched_preempt_enable_no_resched func preempt_count=0
    kworker/u4:1-137   [001] ....   132.053919: schedule: start disable: preempt_count()=0
    kworker/u4:1-137   [001] ...1   132.053920: schedule: preempt_disable func time=0.000693ms
    kworker/u4:1-137   [001] ...1   132.053921: __schedule: __schedule_1 prev=kworker/u4:1,prev_pid=137,preempt=0,preempt_count=1
    kworker/u4:1-137   [001] d..2   132.053923: sched_switch: prev_comm=kworker/u4:1 prev_pid=137 prev_prio=120 prev_state=T ==> next_comm=swapper/1 next_pid=0 next_prio=120
          <idle>-0     [001] ...1   132.053925: __schedule: __schedule_2 prev=swapper/1,prev_pid=0,next=kworker/u4:1,next_pid=137,preempt_count=1
          <idle>-0     [001] ...1   132.053926: schedule_idle: exit_schedule_idle: preempt_count=1
          <idle>-0     [001] .n.1   132.057887: schedule_idle: enter_schedule_idle: preempt_count=1
          <idle>-0     [001] .n.1   132.057889: __schedule: __schedule_1 prev=swapper/1,prev_pid=0,preempt=0,preempt_count=1
          <idle>-0     [001] d..2   132.057890: sched_switch: prev_comm=swapper/1 prev_pid=0 prev_prio=120 prev_state=S ==> next_comm=ylog.rdkernel next_pid=283 next_prio=120
   ylog.rdkernel-283   [001] ...1   132.057891: __schedule: __schedule_2 prev=ylog.rdkernel,prev_pid=283,next=swapper/1,next_pid=0,preempt_count=1
   ylog.rdkernel-283   [001] ...1   132.057892: schedule: __schedule func 35.958077ms
   ylog.rdkernel-283   [001] ....   132.057893: schedule: sched_preempt_enable_no_resched func 0.000654ms
   ylog.rdkernel-283   [001] ....   132.057893: schedule: sched_preempt_enable_no_resched func preempt_count=0
   ylog.rdkernel-283   [001] ....   132.057930: schedule: start disable: preempt_count()=0
   ylog.rdkernel-283   [001] ...1   132.057931: schedule: preempt_disable func time=0.000884ms
   ylog.rdkernel-283   [001] ...1   132.057932: __schedule: __schedule_1 prev=ylog.rdkernel,prev_pid=283,preempt=0,preempt_count=1
   ylog.rdkernel-283   [001] d..2   132.057934: sched_switch: prev_comm=ylog.rdkernel prev_pid=283 prev_prio=120 prev_state=D ==> next_comm=swapper/1 next_pid=0 next_prio=120
          <idle>-0     [001] ...1   132.057935: __schedule: __schedule_2 prev=swapper/1,prev_pid=0,next=ylog.rdkernel,next_pid=283,preempt_count=1
          <idle>-0     [001] ...1   132.057936: schedule_idle: exit_schedule_idle: preempt_count=1
          <idle>-0     [000] .n.1   132.092995: schedule_idle: enter_schedule_idle: preempt_count=1
          <idle>-0     [000] .n.1   132.092997: __schedule: __schedule_1 prev=swapper/0,prev_pid=0,preempt=0,preempt_count=1
          <idle>-0     [000] d..2   132.093003: sched_switch: prev_comm=swapper/0 prev_pid=0 prev_prio=120 prev_state=S ==> next_comm=srtd next_pid=396 next_prio=120
            srtd-396   [000] ...1   132.093008: __schedule: __schedule_2 prev=srtd,prev_pid=396,next=swapper/0,next_pid=0,preempt_count=1
            srtd-396   [000] ...1   132.093009: schedule: __schedule func 1000.077880ms
            srtd-396   [000] ....   132.093011: schedule: sched_preempt_enable_no_resched func 0.001500ms
            srtd-396   [000] ....   132.093012: schedule: sched_preempt_enable_no_resched func preempt_count=0
            srtd-396   [000] ....   132.093025: schedule: start disable: preempt_count()=0
            srtd-396   [000] ...1   132.093027: schedule: preempt_disable func time=0.001077ms
            srtd-396   [000] ...1   132.093028: __schedule: __schedule_1 prev=srtd,prev_pid=396,preempt=0,preempt_count=1
            srtd-396   [000] d..2   132.093034: sched_switch: prev_comm=srtd prev_pid=396 prev_prio=120 prev_state=D ==> next_comm=swapper/0 next_pid=0 next_prio=120
          <idle>-0     [000] ...1   132.093036: __schedule: __schedule_2 prev=swapper/0,prev_pid=0,next=srtd,next_pid=396,preempt_count=1
          <idle>-0     [000] ...1   132.093037: schedule_idle: exit_schedule_idle: preempt_count=1
          <idle>-0     [000] .n.1   132.093900: schedule_idle: enter_schedule_idle: preempt_count=1
          <idle>-0     [000] .n.1   132.093902: __schedule: __schedule_1 prev=swapper/0,prev_pid=0,preempt=0,preempt_count=1
          <idle>-0     [000] d..2   132.093905: sched_switch: prev_comm=swapper/0 prev_pid=0 prev_prio=120 prev_state=S ==> next_comm=pvr_cacheop next_pid=204 next_prio=100
     pvr_cacheop-204   [000] ...1   132.093909: __schedule: __schedule_2 prev=pvr_cacheop,prev_pid=204,next=swapper/0,next_pid=0,preempt_count=1
     pvr_cacheop-204   [000] ...1   132.093911: schedule: __schedule func 511.970613ms
     pvr_cacheop-204   [000] ....   132.093912: schedule: sched_preempt_enable_no_resched func 0.001193ms
     pvr_cacheop-204   [000] ....   132.093914: schedule: sched_preempt_enable_no_resched func preempt_count=0
     pvr_cacheop-204   [000] ....   132.093928: schedule: start disable: preempt_count()=0
     pvr_cacheop-204   [000] ...1   132.093929: schedule: preempt_disable func time=0.001039ms
     pvr_cacheop-204   [000] ...1   132.093930: __schedule: __schedule_1 prev=pvr_cacheop,prev_pid=204,preempt=0,preempt_count=1
     pvr_cacheop-204   [000] d..2   132.093934: sched_switch: prev_comm=pvr_cacheop prev_pid=204 prev_prio=100 prev_state=D ==> next_comm=swapper/0 next_pid=0 next_prio=120
          <idle>-0     [000] ...1   132.093936: __schedule: __schedule_2 prev=swapper/0,prev_pid=0,next=pvr_cacheop,next_pid=204,preempt_count=1
          <idle>-0     [000] ...1   132.093937: schedule_idle: exit_schedule_idle: preempt_count=1
          <idle>-0     [001] .n.1   132.097888: schedule_idle: enter_schedule_idle: preempt_count=1
          <idle>-0     [001] .n.1   132.097889: __schedule: __schedule_1 prev=swapper/1,prev_pid=0,preempt=0,preempt_count=1
          <idle>-0     [001] d..2   132.097892: sched_switch: prev_comm=swapper/1 prev_pid=0 prev_prio=120 prev_state=S ==> next_comm=watchdog/1 next_pid=15 next_prio=0
      watchdog/1-15    [001] ...1   132.097894: __schedule: __schedule_2 prev=watchdog/1,prev_pid=15,next=ylog.rdkernel,next_pid=283,preempt_count=1
      watchdog/1-15    [001] ...1   132.097894: schedule: __schedule func 3999.992677ms
      watchdog/1-15    [001] ....   132.097895: schedule: sched_preempt_enable_no_resched func 0.000616ms
      watchdog/1-15    [001] ....   132.097896: schedule: sched_preempt_enable_no_resched func preempt_count=0
      watchdog/1-15    [001] ....   132.097898: schedule: start disable: preempt_count()=0
      watchdog/1-15    [001] ...1   132.097899: schedule: preempt_disable func time=0.000615ms
      watchdog/1-15    [001] ...1   132.097900: __schedule: __schedule_1 prev=watchdog/1,prev_pid=15,preempt=0,preempt_count=1
      watchdog/1-15    [001] d..2   132.097903: sched_switch: prev_comm=watchdog/1 prev_pid=15 prev_prio=0 prev_state=D ==> next_comm=swapper/1 next_pid=0 next_prio=120
          <idle>-0     [001] ...1   132.097904: __schedule: __schedule_2 prev=swapper/1,prev_pid=0,next=watchdog/1,next_pid=15,preempt_count=1
          <idle>-0     [001] ...1   132.097905: schedule_idle: exit_schedule_idle: preempt_count=1
          <idle>-0     [001] .n.1   132.148303: schedule_idle: enter_schedule_idle: preempt_count=1
          <idle>-0     [001] .n.1   132.148304: __schedule: __schedule_1 prev=swapper/1,prev_pid=0,preempt=0,preempt_count=1
          <idle>-0     [001] d..2   132.148306: sched_switch: prev_comm=swapper/1 prev_pid=0 prev_prio=120 prev_state=S ==> next_comm=YlogSender next_pid=196 next_prio=120
      YlogSender-196   [001] ...1   132.148308: __schedule: __schedule_2 prev=YlogSender,prev_pid=196,next=ylog.rdandroid,next_pid=284,preempt_count=1
      YlogSender-196   [001] ...1   132.148309: schedule: __schedule func 100.061192ms
      YlogSender-196   [001] ....   132.148310: schedule: sched_preempt_enable_no_resched func 0.000770ms
      YlogSender-196   [001] ....   132.148310: schedule: sched_preempt_enable_no_resched func preempt_count=0
      YlogSender-196   [001] ....   132.148348: schedule: start disable: preempt_count()=0
      YlogSender-196   [001] ...1   132.148349: schedule: preempt_disable func time=0.000885ms
      YlogSender-196   [001] ...1   132.148350: __schedule: __schedule_1 prev=YlogSender,prev_pid=196,preempt=0,preempt_count=1
      YlogSender-196   [001] d..2   132.148352: sched_switch: prev_comm=YlogSender prev_pid=196 prev_prio=120 prev_state=D ==> next_comm=ylog.rdandroid next_pid=284 next_prio=120
  ylog.rdandroid-284   [001] ...1   132.148355: __schedule: __schedule_2 prev=ylog.rdandroid,prev_pid=284,next=swapper/1,next_pid=0,preempt_count=1
  ylog.rdandroid-284   [001] ...1   132.148356: schedule: __schedule func 100.019538ms
  ylog.rdandroid-284   [001] ....   132.148357: schedule: sched_preempt_enable_no_resched func 0.000769ms
  ylog.rdandroid-284   [001] ....   132.148358: schedule: sched_preempt_enable_no_resched func preempt_count=0
  ylog.rdandroid-284   [001] ....   132.148396: schedule: start disable: preempt_count()=0
  ylog.rdandroid-284   [001] ...1   132.148400: schedule: preempt_disable func time=0.003807ms
  ylog.rdandroid-284   [001] ...1   132.148401: __schedule: __schedule_1 prev=ylog.rdandroid,prev_pid=284,preempt=0,preempt_count=1
  ylog.rdandroid-284   [001] d..2   132.148406: sched_switch: prev_comm=ylog.rdandroid prev_pid=284 prev_prio=120 prev_state=D ==> next_comm=swapper/1 next_pid=0 next_prio=120
          <idle>-0     [001] ...1   132.148408: __schedule: __schedule_2 prev=swapper/1,prev_pid=0,next=YlogSender,next_pid=196,preempt_count=1
          <idle>-0     [001] ...1   132.148409: schedule_idle: exit_schedule_idle: preempt_count=1
          <idle>-0     [001] .n.1   132.161893: schedule_idle: enter_schedule_idle: preempt_count=1
          <idle>-0     [001] .n.1   132.161894: __schedule: __schedule_1 prev=swapper/1,prev_pid=0,preempt=0,preempt_count=1
          <idle>-0     [001] d..2   132.161896: sched_switch: prev_comm=swapper/1 prev_pid=0 prev_prio=120 prev_state=S ==> next_comm=kworker/1:2 next_pid=129 next_prio=120
     kworker/1:2-129   [001] ...1   132.161897: __schedule: __schedule_2 prev=kworker/1:2,prev_pid=129,next=ylog.rdkernel,next_pid=283,preempt_count=1
     kworker/1:2-129   [001] ...1   132.161898: schedule: __schedule func 143.974231ms
     kworker/1:2-129   [001] ....   132.161899: schedule: sched_preempt_enable_no_resched func 0.000653ms
     kworker/1:2-129   [001] ....   132.161899: schedule: sched_preempt_enable_no_resched func preempt_count=0
     kworker/1:2-129   [001] ....   132.161911: schedule: start disable: preempt_count()=0
     kworker/1:2-129   [001] ...1   132.161912: schedule: preempt_disable func time=0.000615ms
     kworker/1:2-129   [001] ...1   132.161912: __schedule: __schedule_1 prev=kworker/1:2,prev_pid=129,preempt=0,preempt_count=1
