 ylog.rdsgm.cpu_-292   [000] ...1   131.605535: schedule: preempt_disable func time=0.001077ms
 ylog.rdsgm.cpu_-292   [000] ...1   131.605536: __schedule: __schedule_1 prev=ylog.rdsgm.cpu_,prev_pid=292,preempt=0,preempt_count=1
 ylog.rdsgm.cpu_-292   [000] d..2   131.605538: sched_switch: prev_comm=ylog.rdsgm.cpu_ prev_pid=292 prev_prio=120 prev_state=D ==> next_comm=swapper/0 next_pid=0 next_prio=120
          <idle>-0     [000] ...1   131.605541: __schedule: __schedule_2 prev=swapper/0,prev_pid=0,next=ylog.rdsgm.cpu_,next_pid=292,preempt_count=1
          <idle>-0     [000] ...1   131.605542: schedule_idle: exit_schedule_idle: preempt_count=1
          <idle>-0     [000] .n.1   131.605548: schedule_idle: enter_schedule_idle: preempt_count=1
          <idle>-0     [000] .n.1   131.605549: __schedule: __schedule_1 prev=swapper/0,prev_pid=0,preempt=0,preempt_count=1
          <idle>-0     [000] d..2   131.605554: sched_switch: prev_comm=swapper/0 prev_pid=0 prev_prio=120 prev_state=S ==> next_comm=ylog.rdsgm.cpu_ next_pid=292 next_prio=120
 ylog.rdsgm.cpu_-292   [000] ...1   131.605556: __schedule: __schedule_2 prev=ylog.rdsgm.cpu_,prev_pid=292,next=swapper/0,next_pid=0,preempt_count=1
 ylog.rdsgm.cpu_-292   [000] ...1   131.605557: schedule: __schedule func 0.022384ms
 ylog.rdsgm.cpu_-292   [000] ....   131.605562: schedule: sched_preempt_enable_no_resched func 0.001116ms
 ylog.rdsgm.cpu_-292   [000] ....   131.605563: schedule: sched_preempt_enable_no_resched func preempt_count=0
 ylog.rdsgm.cpu_-292   [000] ....   131.605569: schedule: start disable: preempt_count()=0
 ylog.rdsgm.cpu_-292   [000] ...1   131.605570: schedule: preempt_disable func time=0.001116ms
 ylog.rdsgm.cpu_-292   [000] ...1   131.605571: __schedule: __schedule_1 prev=ylog.rdsgm.cpu_,prev_pid=292,preempt=0,preempt_count=1
 ylog.rdsgm.cpu_-292   [000] d..2   131.605573: sched_switch: prev_comm=ylog.rdsgm.cpu_ prev_pid=292 prev_prio=120 prev_state=D ==> next_comm=swapper/0 next_pid=0 next_prio=120
          <idle>-0     [000] ...1   131.605576: __schedule: __schedule_2 prev=swapper/0,prev_pid=0,next=ylog.rdsgm.cpu_,next_pid=292,preempt_count=1
          <idle>-0     [000] ...1   131.605577: schedule_idle: exit_schedule_idle: preempt_count=1
          <idle>-0     [000] .n.1   131.605587: schedule_idle: enter_schedule_idle: preempt_count=1
          <idle>-0     [000] .n.1   131.605588: __schedule: __schedule_1 prev=swapper/0,prev_pid=0,preempt=0,preempt_count=1
          <idle>-0     [000] d..2   131.605590: sched_switch: prev_comm=swapper/0 prev_pid=0 prev_prio=120 prev_state=S ==> next_comm=ylog.rdsgm.cpu_ next_pid=292 next_prio=120
 ylog.rdsgm.cpu_-292   [000] ...1   131.605592: __schedule: __schedule_2 prev=ylog.rdsgm.cpu_,prev_pid=292,next=swapper/0,next_pid=0,preempt_count=1
 ylog.rdsgm.cpu_-292   [000] ...1   131.605593: schedule: __schedule func 0.023000ms
 ylog.rdsgm.cpu_-292   [000] ....   131.605594: schedule: sched_preempt_enable_no_resched func 0.001115ms
 ylog.rdsgm.cpu_-292   [000] ....   131.605595: schedule: sched_preempt_enable_no_resched func preempt_count=0
 ylog.rdsgm.cpu_-292   [000] ....   131.605600: schedule: start disable: preempt_count()=0
 ylog.rdsgm.cpu_-292   [000] ...1   131.605601: schedule: preempt_disable func time=0.001077ms
 ylog.rdsgm.cpu_-292   [000] ...1   131.605603: __schedule: __schedule_1 prev=ylog.rdsgm.cpu_,prev_pid=292,preempt=0,preempt_count=1
 ylog.rdsgm.cpu_-292   [000] d..2   131.605605: sched_switch: prev_comm=ylog.rdsgm.cpu_ prev_pid=292 prev_prio=120 prev_state=D ==> next_comm=swapper/0 next_pid=0 next_prio=120
          <idle>-0     [000] ...1   131.605607: __schedule: __schedule_2 prev=swapper/0,prev_pid=0,next=ylog.rdsgm.cpu_,next_pid=292,preempt_count=1
          <idle>-0     [000] ...1   131.605608: schedule_idle: exit_schedule_idle: preempt_count=1
          <idle>-0     [000] .n.1   131.605619: schedule_idle: enter_schedule_idle: preempt_count=1
          <idle>-0     [000] .n.1   131.605620: __schedule: __schedule_1 prev=swapper/0,prev_pid=0,preempt=0,preempt_count=1
          <idle>-0     [000] d..2   131.605623: sched_switch: prev_comm=swapper/0 prev_pid=0 prev_prio=120 prev_state=S ==> next_comm=ylog.rdsgm.cpu_ next_pid=292 next_prio=120
 ylog.rdsgm.cpu_-292   [000] ...1   131.605625: __schedule: __schedule_2 prev=ylog.rdsgm.cpu_,prev_pid=292,next=swapper/0,next_pid=0,preempt_count=1
 ylog.rdsgm.cpu_-292   [000] ...1   131.605626: schedule: __schedule func 0.024846ms
 ylog.rdsgm.cpu_-292   [000] ....   131.605627: schedule: sched_preempt_enable_no_resched func 0.001077ms
 ylog.rdsgm.cpu_-292   [000] ....   131.605628: schedule: sched_preempt_enable_no_resched func preempt_count=0
 ylog.rdsgm.cpu_-292   [000] ....   131.605634: schedule: start disable: preempt_count()=0
 ylog.rdsgm.cpu_-292   [000] ...1   131.605635: schedule: preempt_disable func time=0.001154ms
 ylog.rdsgm.cpu_-292   [000] ...1   131.605636: __schedule: __schedule_1 prev=ylog.rdsgm.cpu_,prev_pid=292,preempt=0,preempt_count=1
 ylog.rdsgm.cpu_-292   [000] d..2   131.605638: sched_switch: prev_comm=ylog.rdsgm.cpu_ prev_pid=292 prev_prio=120 prev_state=D ==> next_comm=swapper/0 next_pid=0 next_prio=120
          <idle>-0     [000] ...1   131.605641: __schedule: __schedule_2 prev=swapper/0,prev_pid=0,next=ylog.rdsgm.cpu_,next_pid=292,preempt_count=1
          <idle>-0     [000] ...1   131.605641: schedule_idle: exit_schedule_idle: preempt_count=1
          <idle>-0     [000] .n.1   131.605651: schedule_idle: enter_schedule_idle: preempt_count=1
          <idle>-0     [000] .n.1   131.605652: __schedule: __schedule_1 prev=swapper/0,prev_pid=0,preempt=0,preempt_count=1
          <idle>-0     [000] d..2   131.605654: sched_switch: prev_comm=swapper/0 prev_pid=0 prev_prio=120 prev_state=S ==> next_comm=ylog.rdsgm.cpu_ next_pid=292 next_prio=120
 ylog.rdsgm.cpu_-292   [000] ...1   131.605656: __schedule: __schedule_2 prev=ylog.rdsgm.cpu_,prev_pid=292,next=swapper/0,next_pid=0,preempt_count=1
 ylog.rdsgm.cpu_-292   [000] ...1   131.605657: schedule: __schedule func 0.022269ms
 ylog.rdsgm.cpu_-292   [000] ....   131.605658: schedule: sched_preempt_enable_no_resched func 0.001116ms
 ylog.rdsgm.cpu_-292   [000] ....   131.605660: schedule: sched_preempt_enable_no_resched func preempt_count=0
 ylog.rdsgm.cpu_-292   [000] ....   131.605671: schedule: start disable: preempt_count()=0
 ylog.rdsgm.cpu_-292   [000] ...1   131.605672: schedule: preempt_disable func time=0.001154ms
 ylog.rdsgm.cpu_-292   [000] ...1   131.605674: __schedule: __schedule_1 prev=ylog.rdsgm.cpu_,prev_pid=292,preempt=0,preempt_count=1
 ylog.rdsgm.cpu_-292   [000] d..2   131.605676: sched_switch: prev_comm=ylog.rdsgm.cpu_ prev_pid=292 prev_prio=120 prev_state=D ==> next_comm=swapper/0 next_pid=0 next_prio=120
          <idle>-0     [000] ...1   131.605679: __schedule: __schedule_2 prev=swapper/0,prev_pid=0,next=ylog.rdsgm.cpu_,next_pid=292,preempt_count=1
          <idle>-0     [000] ...1   131.605680: schedule_idle: exit_schedule_idle: preempt_count=1
          <idle>-0     [000] .n.1   131.605711: schedule_idle: enter_schedule_idle: preempt_count=1
          <idle>-0     [000] .n.1   131.605713: __schedule: __schedule_1 prev=swapper/0,prev_pid=0,preempt=0,preempt_count=1
          <idle>-0     [000] d..2   131.605714: sched_switch: prev_comm=swapper/0 prev_pid=0 prev_prio=120 prev_state=S ==> next_comm=ylog.rdsgm.cpu_ next_pid=292 next_prio=120
 ylog.rdsgm.cpu_-292   [000] ...1   131.605716: __schedule: __schedule_2 prev=ylog.rdsgm.cpu_,prev_pid=292,next=swapper/0,next_pid=0,preempt_count=1
 ylog.rdsgm.cpu_-292   [000] ...1   131.605717: schedule: __schedule func 0.044961ms
 ylog.rdsgm.cpu_-292   [000] ....   131.605719: schedule: sched_preempt_enable_no_resched func 0.001154ms
 ylog.rdsgm.cpu_-292   [000] ....   131.605720: schedule: sched_preempt_enable_no_resched func preempt_count=0
 ylog.rdsgm.cpu_-292   [000] ....   131.605725: schedule: start disable: preempt_count()=0
 ylog.rdsgm.cpu_-292   [000] ...1   131.605726: schedule: preempt_disable func time=0.001116ms
 ylog.rdsgm.cpu_-292   [000] ...1   131.605727: __schedule: __schedule_1 prev=ylog.rdsgm.cpu_,prev_pid=292,preempt=0,preempt_count=1
 ylog.rdsgm.cpu_-292   [000] d..2   131.605730: sched_switch: prev_comm=ylog.rdsgm.cpu_ prev_pid=292 prev_prio=120 prev_state=D ==> next_comm=swapper/0 next_pid=0 next_prio=120
          <idle>-0     [000] ...1   131.605732: __schedule: __schedule_2 prev=swapper/0,prev_pid=0,next=ylog.rdsgm.cpu_,next_pid=292,preempt_count=1
          <idle>-0     [000] ...1   131.605733: schedule_idle: exit_schedule_idle: preempt_count=1
  sgm.cpu_memory-465   [001] ....   131.605825: schedule: start disable: preempt_count()=0
          <idle>-0     [000] .n.1   131.605826: schedule_idle: enter_schedule_idle: preempt_count=1
  sgm.cpu_memory-465   [001] ...1   131.605827: schedule: preempt_disable func time=0.001923ms
          <idle>-0     [000] .n.1   131.605827: __schedule: __schedule_1 prev=swapper/0,prev_pid=0,preempt=0,preempt_count=1
  sgm.cpu_memory-465   [001] ...1   131.605828: __schedule: __schedule_1 prev=sgm.cpu_memory,prev_pid=465,preempt=0,preempt_count=1
          <idle>-0     [000] d..2   131.605829: sched_switch: prev_comm=swapper/0 prev_pid=0 prev_prio=120 prev_state=S ==> next_comm=ylog.rdsgm.cpu_ next_pid=292 next_prio=120
 ylog.rdsgm.cpu_-292   [000] ...1   131.605831: __schedule: __schedule_2 prev=ylog.rdsgm.cpu_,prev_pid=292,next=swapper/0,next_pid=0,preempt_count=1
  sgm.cpu_memory-465   [001] d..2   131.605831: sched_switch: prev_comm=sgm.cpu_memory prev_pid=465 prev_prio=120 prev_state=D ==> next_comm=swapper/1 next_pid=0 next_prio=120
 ylog.rdsgm.cpu_-292   [000] ...1   131.605832: schedule: __schedule func 0.106231ms
 ylog.rdsgm.cpu_-292   [000] ....   131.605833: schedule: sched_preempt_enable_no_resched func 0.001115ms
          <idle>-0     [001] ...1   131.605834: __schedule: __schedule_2 prev=swapper/1,prev_pid=0,next=sgm.cpu_memory,next_pid=465,preempt_count=1
          <idle>-0     [001] ...1   131.605834: schedule_idle: exit_schedule_idle: preempt_count=1
 ylog.rdsgm.cpu_-292   [000] ....   131.605834: schedule: sched_preempt_enable_no_resched func preempt_count=0
 ylog.rdsgm.cpu_-292   [000] ....   131.605861: schedule: start disable: preempt_count()=0
 ylog.rdsgm.cpu_-292   [000] ...1   131.605862: schedule: preempt_disable func time=0.001846ms
 ylog.rdsgm.cpu_-292   [000] ...1   131.605864: __schedule: __schedule_1 prev=ylog.rdsgm.cpu_,prev_pid=292,preempt=0,preempt_count=1
 ylog.rdsgm.cpu_-292   [000] d..2   131.605866: sched_switch: prev_comm=ylog.rdsgm.cpu_ prev_pid=292 prev_prio=120 prev_state=D ==> next_comm=swapper/0 next_pid=0 next_prio=120
          <idle>-0     [000] ...1   131.605872: __schedule: __schedule_2 prev=swapper/0,prev_pid=0,next=ylog.rdsgm.cpu_,next_pid=292,preempt_count=1
          <idle>-0     [000] ...1   131.605873: schedule_idle: exit_schedule_idle: preempt_count=1
          <idle>-0     [001] .n.1   131.605901: schedule_idle: enter_schedule_idle: preempt_count=1
          <idle>-0     [001] .n.1   131.605902: __schedule: __schedule_1 prev=swapper/1,prev_pid=0,preempt=0,preempt_count=1
          <idle>-0     [001] d..2   131.605903: sched_switch: prev_comm=swapper/1 prev_pid=0 prev_prio=120 prev_state=S ==> next_comm=kworker/1:2 next_pid=129 next_prio=120
     kworker/1:2-129   [001] ...1   131.605906: __schedule: __schedule_2 prev=kworker/1:2,prev_pid=129,next=rcu_preempt,next_pid=8,preempt_count=1
     kworker/1:2-129   [001] ...1   131.605906: schedule: __schedule func 180.000769ms
     kworker/1:2-129   [001] ....   131.605907: schedule: sched_preempt_enable_no_resched func 0.000692ms
     kworker/1:2-129   [001] ....   131.605908: schedule: sched_preempt_enable_no_resched func preempt_count=0
     kworker/1:2-129   [001] ....   131.605923: schedule: start disable: preempt_count()=0
     kworker/1:2-129   [001] ...1   131.605924: schedule: preempt_disable func time=0.000731ms
     kworker/1:2-129   [001] ...1   131.605925: __schedule: __schedule_1 prev=kworker/1:2,prev_pid=129,preempt=0,preempt_count=1
     kworker/1:2-129   [001] d..2   131.605928: sched_switch: prev_comm=kworker/1:2 prev_pid=129 prev_prio=120 prev_state=R+ ==> next_comm=rcu_preempt next_pid=8 next_prio=120
     rcu_preempt-8     [001] ...1   131.605930: __schedule: __schedule_2 prev=rcu_preempt,prev_pid=8,next=swapper/1,next_pid=0,preempt_count=1
     rcu_preempt-8     [001] ...1   131.605930: schedule: __schedule func 68.030115ms
     rcu_preempt-8     [001] ....   131.605931: schedule: sched_preempt_enable_no_resched func 0.000615ms
     rcu_preempt-8     [001] ....   131.605933: schedule: sched_preempt_enable_no_resched func preempt_count=0
     rcu_preempt-8     [001] ....   131.605939: schedule: start disable: preempt_count()=0
     rcu_preempt-8     [001] ...1   131.605940: schedule: preempt_disable func time=0.000769ms
     rcu_preempt-8     [001] ...1   131.605941: __schedule: __schedule_1 prev=rcu_preempt,prev_pid=8,preempt=0,preempt_count=1
     rcu_preempt-8     [001] d..2   131.605945: sched_switch: prev_comm=rcu_preempt prev_pid=8 prev_prio=120 prev_state=R+ ==> next_comm=swapper/1 next_pid=0 next_prio=120
          <idle>-0     [001] ...1   131.605946: __schedule: __schedule_2 prev=swapper/1,prev_pid=0,next=kworker/1:2,next_pid=129,preempt_count=1
          <idle>-0     [001] ...1   131.605947: schedule_idle: exit_schedule_idle: preempt_count=1
          <idle>-0     [001] .n.1   131.613886: schedule_idle: enter_schedule_idle: preempt_count=1
          <idle>-0     [001] .n.1   131.613887: __schedule: __schedule_1 prev=swapper/1,prev_pid=0,preempt=0,preempt_count=1
          <idle>-0     [001] d..2   131.613888: sched_switch: prev_comm=swapper/1 prev_pid=0 prev_prio=120 prev_state=S ==> next_comm=rcu_preempt next_pid=8 next_prio=120
     rcu_preempt-8     [001] ...1   131.613889: __schedule: __schedule_2 prev=rcu_preempt,prev_pid=8,next=swapper/1,next_pid=0,preempt_count=1
     rcu_preempt-8     [001] ...1   131.613890: schedule: __schedule func 7.949500ms
     rcu_preempt-8     [001] ....   131.613890: schedule: sched_preempt_enable_no_resched func 0.000654ms
     rcu_preempt-8     [001] ....   131.613891: schedule: sched_preempt_enable_no_resched func preempt_count=0
     rcu_preempt-8     [001] ....   131.613899: schedule: start disable: preempt_count()=0
     rcu_preempt-8     [001] ...1   131.613900: schedule: preempt_disable func time=0.000615ms
     rcu_preempt-8     [001] ...1   131.613901: __schedule: __schedule_1 prev=rcu_preempt,prev_pid=8,preempt=0,preempt_count=1
     rcu_preempt-8     [001] d..2   131.613902: sched_switch: prev_comm=rcu_preempt prev_pid=8 prev_prio=120 prev_state=R+ ==> next_comm=swapper/1 next_pid=0 next_prio=120
          <idle>-0     [001] ...1   131.613903: __schedule: __schedule_2 prev=swapper/1,prev_pid=0,next=rcu_preempt,next_pid=8,preempt_count=1
          <idle>-0     [001] ...1   131.613904: schedule_idle: exit_schedule_idle: preempt_count=1
          <idle>-0     [001] .n.1   131.621882: schedule_idle: enter_schedule_idle: preempt_count=1
          <idle>-0     [001] .n.1   131.621883: __schedule: __schedule_1 prev=swapper/1,prev_pid=0,preempt=0,preempt_count=1
          <idle>-0     [001] d..2   131.621884: sched_switch: prev_comm=swapper/1 prev_pid=0 prev_prio=120 prev_state=S ==> next_comm=rcu_preempt next_pid=8 next_prio=120
     rcu_preempt-8     [001] ...1   131.621885: __schedule: __schedule_2 prev=rcu_preempt,prev_pid=8,next=swapper/1,next_pid=0,preempt_count=1
     rcu_preempt-8     [001] ...1   131.621886: schedule: __schedule func 7.986116ms
     rcu_preempt-8     [001] ....   131.621887: schedule: sched_preempt_enable_no_resched func 0.000692ms
     rcu_preempt-8     [001] ....   131.621887: schedule: sched_preempt_enable_no_resched func preempt_count=0
     rcu_preempt-8     [001] ....   131.621892: schedule: start disable: preempt_count()=0
     rcu_preempt-8     [001] ...1   131.621893: schedule: preempt_disable func time=0.000615ms
     rcu_preempt-8     [001] ...1   131.621894: __schedule: __schedule_1 prev=rcu_preempt,prev_pid=8,preempt=0,preempt_count=1
     rcu_preempt-8     [001] d..2   131.621899: sched_switch: prev_comm=rcu_preempt prev_pid=8 prev_prio=120 prev_state=R+ ==> next_comm=swapper/1 next_pid=0 next_prio=120
          <idle>-0     [001] ...1   131.621900: __schedule: __schedule_2 prev=swapper/1,prev_pid=0,next=rcu_preempt,next_pid=8,preempt_count=1
          <idle>-0     [001] ...1   131.621900: schedule_idle: exit_schedule_idle: preempt_count=1
          <idle>-0     [001] .n.1   131.647618: schedule_idle: enter_schedule_idle: preempt_count=1
          <idle>-0     [001] .n.1   131.647619: __schedule: __schedule_1 prev=swapper/1,prev_pid=0,preempt=0,preempt_count=1
          <idle>-0     [001] d..2   131.647620: sched_switch: prev_comm=swapper/1 prev_pid=0 prev_prio=120 prev_state=S ==> next_comm=YlogSender next_pid=196 next_prio=120
      YlogSender-196   [001] ...1   131.647623: __schedule: __schedule_2 prev=YlogSender,prev_pid=196,next=swapper/1,next_pid=0,preempt_count=1
      YlogSender-196   [001] ...1   131.647624: schedule: __schedule func 100.071231ms
      YlogSender-196   [001] ....   131.647625: schedule: sched_preempt_enable_no_resched func 0.000769ms
      YlogSender-196   [001] ....   131.647626: schedule: sched_preempt_enable_no_resched func preempt_count=0
      YlogSender-196   [001] ....   131.647671: schedule: start disable: preempt_count()=0
      YlogSender-196   [001] ...1   131.647672: schedule: preempt_disable func time=0.001231ms
      YlogSender-196   [001] ...1   131.647673: __schedule: __schedule_1 prev=YlogSender,prev_pid=196,preempt=0,preempt_count=1
      YlogSender-196   [001] d..2   131.647676: sched_switch: prev_comm=YlogSender prev_pid=196 prev_prio=120 prev_state=D ==> next_comm=ylog.rdandroid next_pid=284 next_prio=120
  ylog.rdandroid-284   [001] ...1   131.647679: __schedule: __schedule_2 prev=ylog.rdandroid,prev_pid=284,next=swapper/1,next_pid=0,preempt_count=1
  ylog.rdandroid-284   [001] ...1   131.647680: schedule: __schedule func 500.348459ms
  ylog.rdandroid-284   [001] ....   131.647681: schedule: sched_preempt_enable_no_resched func 0.000846ms
  ylog.rdandroid-284   [001] ....   131.647682: schedule: sched_preempt_enable_no_resched func preempt_count=0
  ylog.rdandroid-284   [001] ....   131.647730: schedule: start disable: preempt_count()=0
  ylog.rdandroid-284   [001] ...1   131.647731: schedule: preempt_disable func time=0.000847ms
  ylog.rdandroid-284   [001] ...1   131.647731: __schedule: __schedule_1 prev=ylog.rdandroid,prev_pid=284,preempt=0,preempt_count=1
  ylog.rdandroid-284   [001] d..2   131.647737: sched_switch: prev_comm=ylog.rdandroid prev_pid=284 prev_prio=120 prev_state=D ==> next_comm=swapper/1 next_pid=0 next_prio=120
          <idle>-0     [001] ...1   131.647739: __schedule: __schedule_2 prev=swapper/1,prev_pid=0,next=YlogSender,next_pid=196,preempt_count=1
          <idle>-0     [001] ...1   131.647739: schedule_idle: exit_schedule_idle: preempt_count=1
          <idle>-0     [001] .n.1   131.709894: schedule_idle: enter_schedule_idle: preempt_count=1
          <idle>-0     [001] .n.1   131.709896: __schedule: __schedule_1 prev=swapper/1,prev_pid=0,preempt=0,preempt_count=1
          <idle>-0     [001] d..2   131.709899: sched_switch: prev_comm=swapper/1 prev_pid=0 prev_prio=120 prev_state=S ==> next_comm=shub_rd next_pid=135 next_prio=94
         shub_rd-135   [001] ...1   131.709901: __schedule: __schedule_2 prev=shub_rd,prev_pid=135,next=kworker/1:2,next_pid=129,preempt_count=1
         shub_rd-135   [001] ...1   131.709902: schedule: __schedule func 511.975268ms
         shub_rd-135   [001] ....   131.709902: schedule: sched_preempt_enable_no_resched func 0.000692ms
         shub_rd-135   [001] ....   131.709903: schedule: sched_preempt_enable_no_resched func preempt_count=0
          <idle>-0     [000] .n.1   131.709906: schedule_idle: enter_schedule_idle: preempt_count=1
          <idle>-0     [000] .n.1   131.709908: __schedule: __schedule_1 prev=swapper/0,prev_pid=0,preempt=0,preempt_count=1
          <idle>-0     [000] d..2   131.709910: sched_switch: prev_comm=swapper/0 prev_pid=0 prev_prio=120 prev_state=S ==> next_comm=shub_rd_nwu next_pid=136 next_prio=94
     shub_rd_nwu-136   [000] ...1   131.709914: __schedule: __schedule_2 prev=shub_rd_nwu,prev_pid=136,next=swapper/0,next_pid=0,preempt_count=1
     shub_rd_nwu-136   [000] ...1   131.709915: schedule: __schedule func 511.978460ms
     shub_rd_nwu-136   [000] ....   131.709917: schedule: sched_preempt_enable_no_resched func 0.001308ms
     shub_rd_nwu-136   [000] ....   131.709917: schedule: sched_preempt_enable_no_resched func preempt_count=0
         shub_rd-135   [001] ....   131.709925: schedule: start disable: preempt_count()=0
         shub_rd-135   [001] ...1   131.709925: schedule: preempt_disable func time=0.000846ms
         shub_rd-135   [001] ...1   131.709926: __schedule: __schedule_1 prev=shub_rd,prev_pid=135,preempt=0,preempt_count=1
         shub_rd-135   [001] d..2   131.709930: sched_switch: prev_comm=shub_rd prev_pid=135 prev_prio=94 prev_state=T ==> next_comm=swapper/1 next_pid=0 next_prio=120
          <idle>-0     [001] ...1   131.709932: __schedule: __schedule_2 prev=swapper/1,prev_pid=0,next=shub_rd,next_pid=135,preempt_count=1
          <idle>-0     [001] ...1   131.709933: schedule_idle: exit_schedule_idle: preempt_count=1
     shub_rd_nwu-136   [000] ....   131.709946: schedule: start disable: preempt_count()=0
     shub_rd_nwu-136   [000] ...1   131.709947: schedule: preempt_disable func time=0.001154ms
     shub_rd_nwu-136   [000] ...1   131.709949: __schedule: __schedule_1 prev=shub_rd_nwu,prev_pid=136,preempt=0,preempt_count=1
     shub_rd_nwu-136   [000] d..2   131.709960: sched_switch: prev_comm=shub_rd_nwu prev_pid=136 prev_prio=94 prev_state=T ==> next_comm=swapper/0 next_pid=0 next_prio=120
          <idle>-0     [000] ...1   131.709963: __schedule: __schedule_2 prev=swapper/0,prev_pid=0,next=shub_rd_nwu,next_pid=136,preempt_count=1
          <idle>-0     [000] ...1   131.709964: schedule_idle: exit_schedule_idle: preempt_count=1
          <idle>-0     [001] .n.1   131.713886: schedule_idle: enter_schedule_idle: preempt_count=1
          <idle>-0     [001] .n.1   131.713887: __schedule: __schedule_1 prev=swapper/1,prev_pid=0,preempt=0,preempt_count=1
          <idle>-0     [001] d..2   131.713888: sched_switch: prev_comm=swapper/1 prev_pid=0 prev_prio=120 prev_state=S ==> next_comm=ylog.rdkernel next_pid=283 next_prio=120
   ylog.rdkernel-283   [001] ...1   131.713890: __schedule: __schedule_2 prev=ylog.rdkernel,prev_pid=283,next=swapper/1,next_pid=0,preempt_count=1
   ylog.rdkernel-283   [001] ...1   131.713890: schedule: __schedule func 191.939615ms
   ylog.rdkernel-283   [001] ....   131.713891: schedule: sched_preempt_enable_no_resched func 0.000692ms
   ylog.rdkernel-283   [001] ....   131.713892: schedule: sched_preempt_enable_no_resched func preempt_count=0
          <idle>-0     [000] .n.1   131.713897: schedule_idle: enter_schedule_idle: preempt_count=1
          <idle>-0     [000] .n.1   131.713899: __schedule: __schedule_1 prev=swapper/0,prev_pid=0,preempt=0,preempt_count=1
          <idle>-0     [000] d..2   131.713902: sched_switch: prev_comm=swapper/0 prev_pid=0 prev_prio=120 prev_state=S ==> next_comm=slogmodem next_pid=394 next_prio=120
       slogmodem-394   [000] ...1   131.713906: __schedule: __schedule_2 prev=slogmodem,prev_pid=394,next=logd.writer,next_pid=198,preempt_count=1
       slogmodem-394   [000] ...1   131.713907: schedule: __schedule func 195.089000ms
       slogmodem-394   [000] ....   131.713908: schedule: sched_preempt_enable_no_resched func 0.001192ms
       slogmodem-394   [000] ....   131.713909: schedule: sched_preempt_enable_no_resched func preempt_count=0
   ylog.rdkernel-283   [001] ....   131.713947: schedule: start disable: preempt_count()=0
   ylog.rdkernel-283   [001] ...1   131.713948: schedule: preempt_disable func time=0.000923ms
   ylog.rdkernel-283   [001] ...1   131.713949: __schedule: __schedule_1 prev=ylog.rdkernel,prev_pid=283,preempt=0,preempt_count=1
   ylog.rdkernel-283   [001] d..2   131.713951: sched_switch: prev_comm=ylog.rdkernel prev_pid=283 prev_prio=120 prev_state=D ==> next_comm=swapper/1 next_pid=0 next_prio=120
          <idle>-0     [001] ...1   131.713952: __schedule: __schedule_2 prev=swapper/1,prev_pid=0,next=ylog.rdkernel,next_pid=283,preempt_count=1
          <idle>-0     [001] ...1   131.713953: schedule_idle: exit_schedule_idle: preempt_count=1
       slogmodem-394   [000] ....   131.714467: schedule: start disable: preempt_count()=0
       slogmodem-394   [000] ...1   131.714469: schedule: preempt_disable func time=0.001884ms
       slogmodem-394   [000] ...1   131.714470: __schedule: __schedule_1 prev=slogmodem,prev_pid=394,preempt=0,preempt_count=1
       slogmodem-394   [000] d..2   131.714477: sched_switch: prev_comm=slogmodem prev_pid=394 prev_prio=120 prev_state=D ==> next_comm=swapper/0 next_pid=0 next_prio=120
          <idle>-0     [000] ...1   131.714480: __schedule: __schedule_2 prev=swapper/0,prev_pid=0,next=slogmodem,next_pid=394,preempt_count=1
          <idle>-0     [000] ...1   131.714481: schedule_idle: exit_schedule_idle: preempt_count=1
          <idle>-0     [001] .n.1   131.717901: schedule_idle: enter_schedule_idle: preempt_count=1
          <idle>-0     [001] .n.1   131.717901: __schedule: __schedule_1 prev=swapper/1,prev_pid=0,preempt=0,preempt_count=1
          <idle>-0     [001] d..2   131.717903: sched_switch: prev_comm=swapper/1 prev_pid=0 prev_prio=120 prev_state=S ==> next_comm=rcu_preempt next_pid=8 next_prio=120
     rcu_preempt-8     [001] ...1   131.717904: __schedule: __schedule_2 prev=rcu_preempt,prev_pid=8,next=swapper/1,next_pid=0,preempt_count=1
     rcu_preempt-8     [001] ...1   131.717906: schedule: __schedule func 96.012577ms
     rcu_preempt-8     [001] ....   131.717907: schedule: sched_preempt_enable_no_resched func 0.001731ms
     rcu_preempt-8     [001] ....   131.717908: schedule: sched_preempt_enable_no_resched func preempt_count=0
     rcu_preempt-8     [001] ....   131.717914: schedule: start disable: preempt_count()=0
     rcu_preempt-8     [001] ...1   131.717914: schedule: preempt_disable func time=0.000654ms
     rcu_preempt-8     [001] ...1   131.717915: __schedule: __schedule_1 prev=rcu_preempt,prev_pid=8,preempt=0,preempt_count=1
     rcu_preempt-8     [001] d..2   131.717917: sched_switch: prev_comm=rcu_preempt prev_pid=8 prev_prio=120 prev_state=R+ ==> next_comm=ylog.rdkernel next_pid=283 next_prio=120
   ylog.rdkernel-283   [001] ...1   131.717918: __schedule: __schedule_2 prev=ylog.rdkernel,prev_pid=283,next=swapper/1,next_pid=0,preempt_count=1
   ylog.rdkernel-283   [001] ...1   131.717919: schedule: __schedule func 3.971000ms
   ylog.rdkernel-283   [001] ....   131.717920: schedule: sched_preempt_enable_no_resched func 0.000577ms
   ylog.rdkernel-283   [001] ....   131.717920: schedule: sched_preempt_enable_no_resched func preempt_count=0
   ylog.rdkernel-283   [001] ....   131.717990: schedule: start disable: preempt_count()=0
   ylog.rdkernel-283   [001] ...1   131.717990: schedule: preempt_disable func time=0.001192ms
   ylog.rdkernel-283   [001] ...1   131.717991: __schedule: __schedule_1 prev=ylog.rdkernel,prev_pid=283,preempt=0,preempt_count=1
   ylog.rdkernel-283   [001] d..2   131.717997: sched_switch: prev_comm=ylog.rdkernel prev_pid=283 prev_prio=120 prev_state=D ==> next_comm=swapper/1 next_pid=0 next_prio=120
          <idle>-0     [001] ...1   131.717999: __schedule: __schedule_2 prev=swapper/1,prev_pid=0,next=rcu_preempt,next_pid=8,preempt_count=1
          <idle>-0     [001] ...1   131.717999: schedule_idle: exit_schedule_idle: preempt_count=1
          <idle>-0     [001] .n.1   131.719276: schedule_idle: enter_schedule_idle: preempt_count=1
          <idle>-0     [001] .n.1   131.719277: __schedule: __schedule_1 prev=swapper/1,prev_pid=0,preempt=0,preempt_count=1
          <idle>-0     [001] d..2   131.719278: sched_switch: prev_comm=swapper/1 prev_pid=0 prev_prio=120 prev_state=S ==> next_comm=ylog.pipe next_pid=242 next_prio=120
       ylog.pipe-242   [001] ...1   131.719279: __schedule: __schedule_2 prev=ylog.pipe,prev_pid=242,next=swapper/1,next_pid=0,preempt_count=1
       ylog.pipe-242   [001] ...1   131.719280: schedule: __schedule func 250.063846ms
       ylog.pipe-242   [001] ....   131.719281: schedule: sched_preempt_enable_no_resched func 0.000653ms
       ylog.pipe-242   [001] ....   131.719281: schedule: sched_preempt_enable_no_resched func preempt_count=0
       ylog.pipe-242   [001] ....   131.719288: schedule: start disable: preempt_count()=0
       ylog.pipe-242   [001] ...1   131.719288: schedule: preempt_disable func time=0.000692ms
       ylog.pipe-242   [001] ...1   131.719289: __schedule: __schedule_1 prev=ylog.pipe,prev_pid=242,preempt=0,preempt_count=1
       ylog.pipe-242   [001] d..2   131.719291: sched_switch: prev_comm=ylog.pipe prev_pid=242 prev_prio=120 prev_state=D ==> next_comm=swapper/1 next_pid=0 next_prio=120
          <idle>-0     [001] ...1   131.719292: __schedule: __schedule_2 prev=swapper/1,prev_pid=0,next=ylog.pipe,next_pid=242,preempt_count=1
          <idle>-0     [001] ...1   131.719293: schedule_idle: exit_schedule_idle: preempt_count=1
          <idle>-0     [001] .n.1   131.725887: schedule_idle: enter_schedule_idle: preempt_count=1
          <idle>-0     [001] .n.1   131.725888: __schedule: __schedule_1 prev=swapper/1,prev_pid=0,preempt=0,preempt_count=1
          <idle>-0     [001] d..2   131.725888: sched_switch: prev_comm=swapper/1 prev_pid=0 prev_prio=120 prev_state=S ==> next_comm=rcu_preempt next_pid=8 next_prio=120
     rcu_preempt-8     [001] ...1   131.725890: __schedule: __schedule_2 prev=rcu_preempt,prev_pid=8,next=ylog.rdkernel,next_pid=283,preempt_count=1
     rcu_preempt-8     [001] ...1   131.725891: schedule: __schedule func 7.976385ms
     rcu_preempt-8     [001] ....   131.725891: schedule: sched_preempt_enable_no_resched func 0.000653ms
     rcu_preempt-8     [001] ....   131.725892: schedule: sched_preempt_enable_no_resched func preempt_count=0
     rcu_preempt-8     [001] ....   131.725899: schedule: start disable: preempt_count()=0
     rcu_preempt-8     [001] ...1   131.725904: schedule: preempt_disable func time=0.005154ms
     rcu_preempt-8     [001] ...1   131.725905: __schedule: __schedule_1 prev=rcu_preempt,prev_pid=8,preempt=0,preempt_count=1
     rcu_preempt-8     [001] d..2   131.725906: sched_switch: prev_comm=rcu_preempt prev_pid=8 prev_prio=120 prev_state=R+ ==> next_comm=swapper/1 next_pid=0 next_prio=120
          <idle>-0     [001] ...1   131.725907: __schedule: __schedule_2 prev=swapper/1,prev_pid=0,next=rcu_preempt,next_pid=8,preempt_count=1
          <idle>-0     [001] ...1   131.725908: schedule_idle: exit_schedule_idle: preempt_count=1
          <idle>-0     [001] .n.1   131.733891: schedule_idle: enter_schedule_idle: preempt_count=1
          <idle>-0     [001] .n.1   131.733892: __schedule: __schedule_1 prev=swapper/1,prev_pid=0,preempt=0,preempt_count=1
          <idle>-0     [001] d..2   131.733898: sched_switch: prev_comm=swapper/1 prev_pid=0 prev_prio=120 prev_state=S ==> next_comm=kworker/1:2 next_pid=129 next_prio=120
     kworker/1:2-129   [001] ...1   131.733900: __schedule: __schedule_2 prev=kworker/1:2,prev_pid=129,next=rcu_preempt,next_pid=8,preempt_count=1
     kworker/1:2-129   [001] ...1   131.733901: schedule: __schedule func 127.976807ms
     kworker/1:2-129   [001] ....   131.733901: schedule: sched_preempt_enable_no_resched func 0.000615ms
     kworker/1:2-129   [001] ....   131.733902: schedule: sched_preempt_enable_no_resched func preempt_count=0
     kworker/1:2-129   [001] ....   131.733911: schedule: start disable: preempt_count()=0
     kworker/1:2-129   [001] ...1   131.733912: schedule: preempt_disable func time=0.001116ms
     kworker/1:2-129   [001] ...1   131.733913: __schedule: __schedule_1 prev=kworker/1:2,prev_pid=129,preempt=0,preempt_count=1
     kworker/1:2-129   [001] d..2   131.733916: sched_switch: prev_comm=kworker/1:2 prev_pid=129 prev_prio=120 prev_state=R+ ==> next_comm=rcu_preempt next_pid=8 next_prio=120
     rcu_preempt-8     [001] ...1   131.733917: __schedule: __schedule_2 prev=rcu_preempt,prev_pid=8,next=swapper/1,next_pid=0,preempt_count=1
     rcu_preempt-8     [001] ...1   131.733918: schedule: __schedule func 8.013769ms
     rcu_preempt-8     [001] ....   131.733919: schedule: sched_preempt_enable_no_resched func 0.000577ms
     rcu_preempt-8     [001] ....   131.733919: schedule: sched_preempt_enable_no_resched func preempt_count=0
     rcu_preempt-8     [001] ....   131.733925: schedule: start disable: preempt_count()=0
     rcu_preempt-8     [001] ...1   131.733926: schedule: preempt_disable func time=0.000615ms
     rcu_preempt-8     [001] ...1   131.733926: __schedule: __schedule_1 prev=rcu_preempt,prev_pid=8,preempt=0,preempt_count=1
     rcu_preempt-8     [001] d..2   131.733929: sched_switch: prev_comm=rcu_preempt prev_pid=8 prev_prio=120 prev_state=R+ ==> next_comm=swapper/1 next_pid=0 next_prio=120
          <idle>-0     [001] ...1   131.733930: __schedule: __schedule_2 prev=swapper/1,prev_pid=0,next=kworker/1:2,next_pid=129,preempt_count=1
          <idle>-0     [001] ...1   131.733931: schedule_idle: exit_schedule_idle: preempt_count=1
          <idle>-0     [001] .n.1   131.747729: schedule_idle: enter_schedule_idle: preempt_count=1
          <idle>-0     [001] .n.1   131.747730: __schedule: __schedule_1 prev=swapper/1,prev_pid=0,preempt=0,preempt_count=1
          <idle>-0     [001] d..2   131.747735: sched_switch: prev_comm=swapper/1 prev_pid=0 prev_prio=120 prev_state=S ==> next_comm=YlogSender next_pid=196 next_prio=120
      YlogSender-196   [001] ...1   131.747737: __schedule: __schedule_2 prev=YlogSender,prev_pid=196,next=ylog.rdandroid,next_pid=284,preempt_count=1
      YlogSender-196   [001] ...1   131.747738: schedule: __schedule func 100.066192ms
      YlogSender-196   [001] ....   131.747739: schedule: sched_preempt_enable_no_resched func 0.000769ms
      YlogSender-196   [001] ....   131.747740: schedule: sched_preempt_enable_no_resched func preempt_count=0
      YlogSender-196   [001] ....   131.747776: schedule: start disable: preempt_count()=0
      YlogSender-196   [001] ...1   131.747778: schedule: preempt_disable func time=0.001231ms
      YlogSender-196   [001] ...1   131.747779: __schedule: __schedule_1 prev=YlogSender,prev_pid=196,preempt=0,preempt_count=1
      YlogSender-196   [001] d..2   131.747781: sched_switch: prev_comm=YlogSender prev_pid=196 prev_prio=120 prev_state=D ==> next_comm=ylog.rdandroid next_pid=284 next_prio=120
  ylog.rdandroid-284   [001] ...1   131.747783: __schedule: __schedule_2 prev=ylog.rdandroid,prev_pid=284,next=swapper/1,next_pid=0,preempt_count=1
  ylog.rdandroid-284   [001] ...1   131.747784: schedule: __schedule func 100.053499ms
  ylog.rdandroid-284   [001] ....   131.747785: schedule: sched_preempt_enable_no_resched func 0.000808ms
  ylog.rdandroid-284   [001] ....   131.747786: schedule: sched_preempt_enable_no_resched func preempt_count=0
  ylog.rdandroid-284   [001] ....   131.747815: schedule: start disable: preempt_count()=0
  ylog.rdandroid-284   [001] ...1   131.747816: schedule: preempt_disable func time=0.000847ms
  ylog.rdandroid-284   [001] ...1   131.747817: __schedule: __schedule_1 prev=ylog.rdandroid,prev_pid=284,preempt=0,preempt_count=1
  ylog.rdandroid-284   [001] d..2   131.747821: sched_switch: prev_comm=ylog.rdandroid prev_pid=284 prev_prio=120 prev_state=D ==> next_comm=swapper/1 next_pid=0 next_prio=120
          <idle>-0     [001] ...1   131.747823: __schedule: __schedule_2 prev=swapper/1,prev_pid=0,next=YlogSender,next_pid=196,preempt_count=1
          <idle>-0     [001] ...1   131.747825: schedule_idle: exit_schedule_idle: preempt_count=1
          <idle>-0     [001] .n.1   131.764656: schedule_idle: enter_schedule_idle: preempt_count=1
          <idle>-0     [001] .n.1   131.764661: __schedule: __schedule_1 prev=swapper/1,prev_pid=0,preempt=0,preempt_count=1
          <idle>-0     [001] d..2   131.764663: sched_switch: prev_comm=swapper/1 prev_pid=0 prev_prio=120 prev_state=S ==> next_comm=ylog.apsizer next_pid=243 next_prio=120
    ylog.apsizer-243   [001] ...1   131.764665: __schedule: __schedule_2 prev=ylog.apsizer,prev_pid=243,next=swapper/1,next_pid=0,preempt_count=1
    ylog.apsizer-243   [001] ...1   131.764666: schedule: __schedule func 12000.066800ms
    ylog.apsizer-243   [001] ....   131.764667: schedule: sched_preempt_enable_no_resched func 0.000693ms
    ylog.apsizer-243   [001] ....   131.764667: schedule: sched_preempt_enable_no_resched func preempt_count=0
          <idle>-0     [000] .n.1   131.764817: schedule_idle: enter_schedule_idle: preempt_count=1
          <idle>-0     [000] .n.1   131.764819: __schedule: __schedule_1 prev=swapper/0,prev_pid=0,preempt=0,preempt_count=1
          <idle>-0     [000] d..2   131.764822: sched_switch: prev_comm=swapper/0 prev_pid=0 prev_prio=120 prev_state=S ==> next_comm=logd.writer next_pid=198 next_prio=130
     logd.writer-198   [000] ...1   131.764826: __schedule: __schedule_2 prev=logd.writer,prev_pid=198,next=swapper/0,next_pid=0,preempt_count=1
     logd.writer-198   [000] ...1   131.764827: schedule: __schedule func 194.540153ms
     logd.writer-198   [000] ....   131.764829: schedule: sched_preempt_enable_no_resched func 0.001461ms
     logd.writer-198   [000] ....   131.764830: schedule: sched_preempt_enable_no_resched func preempt_count=0
     logd.writer-198   [000] ....   131.764923: schedule: start disable: preempt_count()=0
     logd.writer-198   [000] ...1   131.764924: schedule: preempt_disable func time=0.001693ms
     logd.writer-198   [000] ...1   131.764926: __schedule: __schedule_1 prev=logd.writer,prev_pid=198,preempt=0,preempt_count=1
     logd.writer-198   [000] d..2   131.764933: sched_switch: prev_comm=logd.writer prev_pid=198 prev_prio=130 prev_state=D ==> next_comm=swapper/0 next_pid=0 next_prio=120
          <idle>-0     [000] ...1   131.764936: __schedule: __schedule_2 prev=swapper/0,prev_pid=0,next=logd.writer,next_pid=198,preempt_count=1
          <idle>-0     [000] ...1   131.764937: schedule_idle: exit_schedule_idle: preempt_count=1
    ylog.apsizer-243   [001] ....   131.764938: schedule: start disable: preempt_count()=0
    ylog.apsizer-243   [001] ...1   131.764939: schedule: preempt_disable func time=0.001423ms
    ylog.apsizer-243   [001] ...1   131.764940: __schedule: __schedule_1 prev=ylog.apsizer,prev_pid=243,preempt=0,preempt_count=1
    ylog.apsizer-243   [001] d..2   131.764943: sched_switch: prev_comm=ylog.apsizer prev_pid=243 prev_prio=120 prev_state=T ==> next_comm=logd.reader.per next_pid=1108 next_prio=130
 logd.reader.per-1108  [001] ...1   131.764946: __schedule: __schedule_2 prev=logd.reader.per,prev_pid=1108,next=swapper/1,next_pid=0,preempt_count=1
 logd.reader.per-1108  [001] ...1   131.764948: schedule: __schedule func 194.565076ms
 logd.reader.per-1108  [001] ....   131.764949: schedule: sched_preempt_enable_no_resched func 0.000769ms
 logd.reader.per-1108  [001] ....   131.764949: schedule: sched_preempt_enable_no_resched func preempt_count=0
 logd.reader.per-1108  [001] .n.1   131.764983: __schedule: __schedule_1 prev=logd.reader.per,prev_pid=1108,preempt=1,preempt_count=1
 logd.reader.per-1108  [001] d..2   131.764987: sched_switch: prev_comm=logd.reader.per prev_pid=1108 prev_prio=130 prev_state=R+ ==> next_comm=collect_apr next_pid=1103 next_prio=120
     collect_apr-1103  [001] ...1   131.764991: __schedule: __schedule_2 prev=collect_apr,prev_pid=1103,next=logd.reader.per,next_pid=1108,preempt_count=1
     collect_apr-1103  [001] ...1   131.764992: schedule: __schedule func 194.626538ms
     collect_apr-1103  [001] ....   131.764992: schedule: sched_preempt_enable_no_resched func 0.000769ms
     collect_apr-1103  [001] ....   131.764993: schedule: sched_preempt_enable_no_resched func preempt_count=0
     collect_apr-1103  [001] ....   131.765022: schedule: start disable: preempt_count()=0
     collect_apr-1103  [001] ...1   131.765023: schedule: preempt_disable func time=0.000807ms
     collect_apr-1103  [001] ...1   131.765024: __schedule: __schedule_1 prev=collect_apr,prev_pid=1103,preempt=0,preempt_count=1
     collect_apr-1103  [001] d..2   131.765027: sched_switch: prev_comm=collect_apr prev_pid=1103 prev_prio=120 prev_state=D ==> next_comm=logd.reader.per next_pid=1108 next_prio=130
 logd.reader.per-1108  [001] ...1   131.765030: __schedule: __schedule_2 prev=logd.reader.per,prev_pid=1108,next=collect_apr,next_pid=1103,preempt_count=1
 logd.reader.per-1108  [001] ....   131.765041: schedule: start disable: preempt_count()=0
 logd.reader.per-1108  [001] ...1   131.765042: schedule: preempt_disable func time=0.000769ms
 logd.reader.per-1108  [001] ...1   131.765043: __schedule: __schedule_1 prev=logd.reader.per,prev_pid=1108,preempt=0,preempt_count=1
 logd.reader.per-1108  [001] d..2   131.765045: sched_switch: prev_comm=logd.reader.per prev_pid=1108 prev_prio=130 prev_state=D ==> next_comm=ylog.apsizer next_pid=2179 next_prio=120
              du-2179  [001] .n.1   131.765247: __schedule: __schedule_1 prev=ylog.apsizer,prev_pid=2179,preempt=1,preempt_count=1
              du-2179  [001] d..2   131.765249: sched_switch: prev_comm=ylog.apsizer prev_pid=2179 prev_prio=120 prev_state=R+ ==> next_comm=ylog.apsizer next_pid=243 next_prio=120
    ylog.apsizer-243   [001] ...1   131.765251: __schedule: __schedule_2 prev=ylog.apsizer,prev_pid=243,next=logd.reader.per,next_pid=1108,preempt_count=1
    ylog.apsizer-243   [001] ...1   131.765252: schedule: __schedule func 0.312346ms
    ylog.apsizer-243   [001] ....   131.765252: schedule: sched_preempt_enable_no_resched func 0.000769ms
    ylog.apsizer-243   [001] ....   131.765253: schedule: sched_preempt_enable_no_resched func preempt_count=0
    ylog.apsizer-243   [001] ....   131.765273: schedule: start disable: preempt_count()=0
    ylog.apsizer-243   [001] ...1   131.765273: schedule: preempt_disable func time=0.000692ms
    ylog.apsizer-243   [001] ...1   131.765274: __schedule: __schedule_1 prev=ylog.apsizer,prev_pid=243,preempt=0,preempt_count=1
    ylog.apsizer-243   [001] d..2   131.765276: sched_switch: prev_comm=ylog.apsizer prev_pid=243 prev_prio=120 prev_state=D ==> next_comm=ylog.apsizer next_pid=2179 next_prio=120
              du-2179  [001] ...1   131.765278: __schedule: __schedule_2 prev=ylog.apsizer,prev_pid=2179,next=ylog.apsizer,next_pid=243,preempt_count=1
              du-2179  [001] .n.1   131.765914: __schedule: __schedule_1 prev=sh,prev_pid=2179,preempt=1,preempt_count=1
              du-2179  [001] d..2   131.765917: sched_switch: prev_comm=sh prev_pid=2179 prev_prio=120 prev_state=R+ ==> next_comm=rcu_preempt next_pid=8 next_prio=120
     rcu_preempt-8     [001] ...1   131.765920: __schedule: __schedule_2 prev=rcu_preempt,prev_pid=8,next=swapper/1,next_pid=0,preempt_count=1
     rcu_preempt-8     [001] ...1   131.765921: schedule: __schedule func 31.995462ms
     rcu_preempt-8     [001] ....   131.765922: schedule: sched_preempt_enable_no_resched func 0.001038ms
     rcu_preempt-8     [001] ....   131.765923: schedule: sched_preempt_enable_no_resched func preempt_count=0
     rcu_preempt-8     [001] ....   131.765932: schedule: start disable: preempt_count()=0
     rcu_preempt-8     [001] ...1   131.765933: schedule: preempt_disable func time=0.000692ms
     rcu_preempt-8     [001] ...1   131.765934: __schedule: __schedule_1 prev=rcu_preempt,prev_pid=8,preempt=0,preempt_count=1
     rcu_preempt-8     [001] d..2   131.765937: sched_switch: prev_comm=rcu_preempt prev_pid=8 prev_prio=120 prev_state=R+ ==> next_comm=rcu_sched next_pid=9 next_prio=120
       rcu_sched-9     [001] ...1   131.765939: __schedule: __schedule_2 prev=rcu_sched,prev_pid=9,next=swapper/1,next_pid=0,preempt_count=1
       rcu_sched-9     [001] ...1   131.765939: schedule: __schedule func 1404.015302ms
       rcu_sched-9     [001] ....   131.765940: schedule: sched_preempt_enable_no_resched func 0.000577ms
       rcu_sched-9     [001] ....   131.765941: schedule: sched_preempt_enable_no_resched func preempt_count=0
       rcu_sched-9     [001] ....   131.765947: schedule: start disable: preempt_count()=0
       rcu_sched-9     [001] ...1   131.765948: schedule: preempt_disable func time=0.000615ms
       rcu_sched-9     [001] ...1   131.765949: __schedule: __schedule_1 prev=rcu_sched,prev_pid=9,preempt=0,preempt_count=1
       rcu_sched-9     [001] d..2   131.765951: sched_switch: prev_comm=rcu_sched prev_pid=9 prev_prio=120 prev_state=R+ ==> next_comm=sh next_pid=2179 next_prio=120
              du-2179  [001] ...1   131.765953: __schedule: __schedule_2 prev=sh,prev_pid=2179,next=rcu_preempt,next_pid=8,preempt_count=1
              du-2179  [001] .n.1   131.773928: __schedule: __schedule_1 prev=du,prev_pid=2179,preempt=1,preempt_count=1
              du-2179  [001] d..2   131.773935: sched_switch: prev_comm=du prev_pid=2179 prev_prio=120 prev_state=R+ ==> next_comm=rcu_sched next_pid=9 next_prio=120
       rcu_sched-9     [001] ...1   131.773939: __schedule: __schedule_2 prev=rcu_sched,prev_pid=9,next=du,next_pid=2179,preempt_count=1
       rcu_sched-9     [001] ...1   131.773941: schedule: __schedule func 7.992654ms
       rcu_sched-9     [001] ....   131.773942: schedule: sched_preempt_enable_no_resched func 0.001462ms
       rcu_sched-9     [001] ....   131.773943: schedule: sched_preempt_enable_no_resched func preempt_count=0
       rcu_sched-9     [001] ....   131.773959: schedule: start disable: preempt_count()=0
       rcu_sched-9     [001] ...1   131.773960: schedule: preempt_disable func time=0.000770ms
       rcu_sched-9     [001] ...1   131.773961: __schedule: __schedule_1 prev=rcu_sched,prev_pid=9,preempt=0,preempt_count=1
       rcu_sched-9     [001] d..2   131.773965: sched_switch: prev_comm=rcu_sched prev_pid=9 prev_prio=120 prev_state=R+ ==> next_comm=rcu_preempt next_pid=8 next_prio=120
     rcu_preempt-8     [001] ...1   131.773967: __schedule: __schedule_2 prev=rcu_preempt,prev_pid=8,next=rcu_sched,next_pid=9,preempt_count=1
     rcu_preempt-8     [001] ...1   131.773967: schedule: __schedule func 8.034385ms
     rcu_preempt-8     [001] ....   131.773968: schedule: sched_preempt_enable_no_resched func 0.000654ms
     rcu_preempt-8     [001] ....   131.773969: schedule: sched_preempt_enable_no_resched func preempt_count=0
     rcu_preempt-8     [001] ....   131.773983: schedule: start disable: preempt_count()=0
     rcu_preempt-8     [001] ...1   131.773984: schedule: preempt_disable func time=0.000654ms
     rcu_preempt-8     [001] ...1   131.773984: __schedule: __schedule_1 prev=rcu_preempt,prev_pid=8,preempt=0,preempt_count=1
     rcu_preempt-8     [001] d..2   131.773987: sched_switch: prev_comm=rcu_preempt prev_pid=8 prev_prio=120 prev_state=R+ ==> next_comm=du next_pid=2179 next_prio=120
              du-2179  [001] ...1   131.773988: __schedule: __schedule_2 prev=du,prev_pid=2179,next=rcu_sched,next_pid=9,preempt_count=1
              du-2179  [001] dn..   131.781929: schedule: start disable: preempt_count()=0
              du-2179  [001] dn.1   131.781931: schedule: preempt_disable func time=0.003692ms
              du-2179  [001] dn.1   131.781934: __schedule: __schedule_1 prev=du,prev_pid=2179,preempt=0,preempt_count=1
              du-2179  [001] d..2   131.781939: sched_switch: prev_comm=du prev_pid=2179 prev_prio=120 prev_state=S ==> next_comm=rcu_preempt next_pid=8 next_prio=120
     rcu_preempt-8     [001] ...1   131.781944: __schedule: __schedule_2 prev=rcu_preempt,prev_pid=8,next=du,next_pid=2179,preempt_count=1
     rcu_preempt-8     [001] ...1   131.781946: schedule: __schedule func 7.961769ms
     rcu_preempt-8     [001] ....   131.781946: schedule: sched_preempt_enable_no_resched func 0.001000ms
     rcu_preempt-8     [001] ....   131.781947: schedule: sched_preempt_enable_no_resched func preempt_count=0
     rcu_preempt-8     [001] ....   131.781966: schedule: start disable: preempt_count()=0
     rcu_preempt-8     [001] ...1   131.781966: schedule: preempt_disable func time=0.000693ms
     rcu_preempt-8     [001] ...1   131.781967: __schedule: __schedule_1 prev=rcu_preempt,prev_pid=8,preempt=0,preempt_count=1
     rcu_preempt-8     [001] d..2   131.781970: sched_switch: prev_comm=rcu_preempt prev_pid=8 prev_prio=120 prev_state=R+ ==> next_comm=rcu_sched next_pid=9 next_prio=120
       rcu_sched-9     [001] ...1   131.781972: __schedule: __schedule_2 prev=rcu_sched,prev_pid=9,next=rcu_preempt,next_pid=8,preempt_count=1
       rcu_sched-9     [001] ...1   131.781974: schedule: __schedule func 8.013499ms
       rcu_sched-9     [001] ....   131.781974: schedule: sched_preempt_enable_no_resched func 0.000654ms
       rcu_sched-9     [001] ....   131.781975: schedule: sched_preempt_enable_no_resched func preempt_count=0
       rcu_sched-9     [001] ....   131.781984: schedule: start disable: preempt_count()=0
       rcu_sched-9     [001] ...1   131.781985: schedule: preempt_disable func time=0.000615ms
       rcu_sched-9     [001] ...1   131.781986: __schedule: __schedule_1 prev=rcu_sched,prev_pid=9,preempt=0,preempt_count=1
       rcu_sched-9     [001] d..2   131.781988: sched_switch: prev_comm=rcu_sched prev_pid=9 prev_prio=120 prev_state=R+ ==> next_comm=du next_pid=2179 next_prio=120
              du-2179  [001] ...1   131.781990: __schedule: __schedule_2 prev=du,prev_pid=2179,next=rcu_preempt,next_pid=8,preempt_count=1
              du-2179  [001] ...1   131.781991: schedule: __schedule func 0.059500ms
