    sugov_perf:0-182   [000] ...1   100.036706: schedule: __schedule func 51.958154ms
    sugov_perf:0-182   [000] ....   100.036708: schedule: sched_preempt_enable_no_resched func 0.002654ms
    sugov_perf:0-182   [000] ....   100.036710: schedule: sched_preempt_enable_no_resched func preempt_count=0
    sugov_perf:0-182   [000] ....   100.036712: schedule: start disable: preempt_count()=0
    sugov_perf:0-182   [000] ...1   100.036715: schedule: preempt_disable func time=0.002308ms
         sugov:0-181   [002] ....   100.036716: schedule: start disable: preempt_count()=0
    sugov_perf:0-182   [000] ...1   100.036718: __schedule: __schedule_1 prev=sugov_perf:0,prev_pid=182,preempt=0,preempt_count=1
         sugov:0-181   [002] ...1   100.036719: schedule: preempt_disable func time=0.002808ms
         sugov:0-181   [002] ...1   100.036722: __schedule: __schedule_1 prev=sugov:0,prev_pid=181,preempt=0,preempt_count=1
    sugov_perf:0-182   [000] d..3   100.036743: sched_switch: prev_comm=sugov_perf:0 prev_pid=182 prev_prio=120 prev_state=S ==> next_comm=swapper/0 next_pid=0 next_prio=120
          <idle>-0     [000] ...1   100.036749: __schedule: __schedule_2 prev=swapper/0,prev_pid=0,next=sugov_perf:0,next_pid=182,preempt_count=1
          <idle>-0     [000] ...1   100.036752: schedule: preempt_disable func time=0.077192ms
          <idle>-0     [000] ...1   100.036754: __schedule: __schedule_1 prev=swapper/0,prev_pid=0,preempt=0,preempt_count=1
         sugov:0-181   [002] d..3   100.036768: sched_switch: prev_comm=sugov:0 prev_pid=181 prev_prio=49 prev_state=S ==> next_comm=swapper/2 next_pid=0 next_prio=120
          <idle>-0     [000] ...1   100.036771: __schedule: __schedule_2 prev=swapper/0,prev_pid=0,next=swapper/0,next_pid=0,preempt_count=1
          <idle>-0     [000] ...1   100.036773: schedule: __schedule func 0.021885ms
          <idle>-0     [002] ...1   100.036775: __schedule: __schedule_2 prev=swapper/2,prev_pid=0,next=sugov:0,next_pid=181,preempt_count=1
          <idle>-0     [000] ....   100.036776: schedule: sched_preempt_enable_no_resched func 0.002692ms
          <idle>-0     [000] ....   100.036778: schedule: sched_preempt_enable_no_resched func preempt_count=0
          <idle>-0     [002] ...1   100.036778: schedule: preempt_disable func time=0.164808ms
          <idle>-0     [000] ...1   100.036780: schedule_preempt_disabled: exit schedule_preempt_disabled: preempt_count=1
          <idle>-0     [002] ...1   100.036782: __schedule: __schedule_1 prev=swapper/2,prev_pid=0,preempt=0,preempt_count=1
          <idle>-0     [002] ...1   100.036798: __schedule: __schedule_2 prev=swapper/2,prev_pid=0,next=swapper/2,next_pid=0,preempt_count=1
          <idle>-0     [002] ...1   100.036803: schedule: __schedule func 0.024615ms
          <idle>-0     [002] ....   100.036806: schedule: sched_preempt_enable_no_resched func 0.002770ms
          <idle>-0     [002] ....   100.036807: schedule: sched_preempt_enable_no_resched func preempt_count=0
          <idle>-0     [002] ...1   100.036810: schedule_preempt_disabled: exit schedule_preempt_disabled: preempt_count=1
          <idle>-0     [000] .n.1   100.042814: schedule_preempt_disabled: enter schedule_preempt_disabled: preempt_count=1
          <idle>-0     [000] .n..   100.042817: schedule: start disable: preempt_count()=0
          <idle>-0     [000] .n.1   100.042819: __schedule: __schedule_1 prev=swapper/0,prev_pid=0,preempt=1,preempt_count=1
          <idle>-0     [000] d..3   100.042822: sched_switch: prev_comm=swapper/0 prev_pid=0 prev_prio=120 prev_state=R+ ==> next_comm=sugov:0 next_pid=181 next_prio=49
         sugov:0-181   [000] ...1   100.042827: __schedule: __schedule_2 prev=sugov:0,prev_pid=181,next=swapper/2,next_pid=0,preempt_count=1
         sugov:0-181   [000] ...1   100.042828: schedule: __schedule func 6.109538ms
         sugov:0-181   [000] ....   100.042830: schedule: sched_preempt_enable_no_resched func 0.001923ms
         sugov:0-181   [000] ....   100.042831: schedule: sched_preempt_enable_no_resched func preempt_count=0
         sugov:0-181   [000] ....   100.042875: schedule: start disable: preempt_count()=0
         sugov:0-181   [000] ...1   100.042890: schedule: preempt_disable func time=0.014846ms
         sugov:0-181   [000] ...1   100.042893: __schedule: __schedule_1 prev=sugov:0,prev_pid=181,preempt=0,preempt_count=1
         sugov:0-181   [000] d..3   100.042923: sched_switch: prev_comm=sugov:0 prev_pid=181 prev_prio=49 prev_state=S ==> next_comm=swapper/0 next_pid=0 next_prio=120
          <idle>-0     [000] ...1   100.042942: __schedule: __schedule_2 prev=swapper/0,prev_pid=0,next=sugov:0,next_pid=181,preempt_count=1
          <idle>-0     [000] ...1   100.042945: schedule: preempt_disable func time=0.128153ms
          <idle>-0     [000] ...1   100.042948: __schedule: __schedule_1 prev=swapper/0,prev_pid=0,preempt=0,preempt_count=1
          <idle>-0     [000] ...1   100.042964: __schedule: __schedule_2 prev=swapper/0,prev_pid=0,next=swapper/0,next_pid=0,preempt_count=1
          <idle>-0     [000] ...1   100.042974: schedule: __schedule func 0.028962ms
          <idle>-0     [000] ....   100.042977: schedule: sched_preempt_enable_no_resched func 0.002692ms
          <idle>-0     [000] ....   100.042979: schedule: sched_preempt_enable_no_resched func preempt_count=0
          <idle>-0     [000] ...1   100.042981: schedule_preempt_disabled: exit schedule_preempt_disabled: preempt_count=1
          <idle>-0     [000] .n.1   100.055389: schedule_preempt_disabled: enter schedule_preempt_disabled: preempt_count=1
          <idle>-0     [000] .n..   100.055393: schedule: start disable: preempt_count()=0
          <idle>-0     [000] .n.1   100.055395: __schedule: __schedule_1 prev=swapper/0,prev_pid=0,preempt=1,preempt_count=1
          <idle>-0     [000] d..3   100.055404: sched_switch: prev_comm=swapper/0 prev_pid=0 prev_prio=120 prev_state=R+ ==> next_comm=kworker/u16:1 next_pid=72 next_prio=120
   kworker/u16:1-72    [000] ...1   100.055411: __schedule: __schedule_2 prev=kworker/u16:1,prev_pid=72,next=swapper/1,next_pid=0,preempt_count=1
   kworker/u16:1-72    [000] ...1   100.055414: schedule: __schedule func 19.905193ms
   kworker/u16:1-72    [000] ....   100.055417: schedule: sched_preempt_enable_no_resched func 0.002692ms
   kworker/u16:1-72    [000] ....   100.055418: schedule: sched_preempt_enable_no_resched func preempt_count=0
   kworker/u16:1-72    [000] ....   100.055463: schedule: start disable: preempt_count()=0
   kworker/u16:1-72    [000] ...1   100.055466: schedule: preempt_disable func time=0.002731ms
   kworker/u16:1-72    [000] ...1   100.055482: __schedule: __schedule_1 prev=kworker/u16:1,prev_pid=72,preempt=0,preempt_count=1
   kworker/u16:1-72    [000] d..3   100.055527: sched_switch: prev_comm=kworker/u16:1 prev_pid=72 prev_prio=120 prev_state=S ==> next_comm=swapper/0 next_pid=0 next_prio=120
          <idle>-0     [000] ...1   100.055546: __schedule: __schedule_2 prev=swapper/0,prev_pid=0,next=kworker/u16:1,next_pid=72,preempt_count=1
          <idle>-0     [000] ...1   100.055549: schedule: preempt_disable func time=0.156384ms
          <idle>-0     [000] ...1   100.055552: __schedule: __schedule_1 prev=swapper/0,prev_pid=0,preempt=0,preempt_count=1
          <idle>-0     [000] ...1   100.055568: __schedule: __schedule_2 prev=swapper/0,prev_pid=0,next=swapper/0,next_pid=0,preempt_count=1
          <idle>-0     [000] ...1   100.055583: schedule: __schedule func 0.033885ms
          <idle>-0     [000] ....   100.055586: schedule: sched_preempt_enable_no_resched func 0.002731ms
          <idle>-0     [000] ....   100.055588: schedule: sched_preempt_enable_no_resched func preempt_count=0
          <idle>-0     [000] ...1   100.055590: schedule_preempt_disabled: exit schedule_preempt_disabled: preempt_count=1
          <idle>-0     [001] .n.1   100.087506: schedule_preempt_disabled: enter schedule_preempt_disabled: preempt_count=1
          <idle>-0     [001] .n..   100.087510: schedule: start disable: preempt_count()=0
          <idle>-0     [001] .n.1   100.087514: __schedule: __schedule_1 prev=swapper/1,prev_pid=0,preempt=1,preempt_count=1
          <idle>-0     [001] d..3   100.087524: sched_switch: prev_comm=swapper/1 prev_pid=0 prev_prio=120 prev_state=R+ ==> next_comm=kworker/u16:1 next_pid=72 next_prio=120
   kworker/u16:1-72    [001] ...1   100.087531: __schedule: __schedule_2 prev=kworker/u16:1,prev_pid=72,next=swapper/0,next_pid=0,preempt_count=1
   kworker/u16:1-72    [001] ...1   100.087535: schedule: __schedule func 32.068423ms
   kworker/u16:1-72    [001] ....   100.087537: schedule: sched_preempt_enable_no_resched func 0.002846ms
   kworker/u16:1-72    [001] ....   100.087539: schedule: sched_preempt_enable_no_resched func preempt_count=0
   kworker/u16:1-72    [001] ....   100.087563: schedule: start disable: preempt_count()=0
   kworker/u16:1-72    [001] ...1   100.087567: schedule: preempt_disable func time=0.003193ms
   kworker/u16:1-72    [001] ...1   100.087570: __schedule: __schedule_1 prev=kworker/u16:1,prev_pid=72,preempt=0,preempt_count=1
   kworker/u16:1-72    [001] d..3   100.087602: sched_switch: prev_comm=kworker/u16:1 prev_pid=72 prev_prio=120 prev_state=S ==> next_comm=swapper/1 next_pid=0 next_prio=120
          <idle>-0     [001] ...1   100.087621: __schedule: __schedule_2 prev=swapper/1,prev_pid=0,next=kworker/u16:1,next_pid=72,preempt_count=1
          <idle>-0     [001] ...1   100.087624: schedule: preempt_disable func time=0.113500ms
          <idle>-0     [001] ...1   100.087627: __schedule: __schedule_1 prev=swapper/1,prev_pid=0,preempt=0,preempt_count=1
          <idle>-0     [001] ...1   100.087646: __schedule: __schedule_2 prev=swapper/1,prev_pid=0,next=swapper/1,next_pid=0,preempt_count=1
          <idle>-0     [001] ...1   100.087661: schedule: __schedule func 0.036653ms
          <idle>-0     [001] ....   100.087663: schedule: sched_preempt_enable_no_resched func 0.002770ms
          <idle>-0     [001] ....   100.087665: schedule: sched_preempt_enable_no_resched func preempt_count=0
          <idle>-0     [001] ...1   100.087668: schedule_preempt_disabled: exit schedule_preempt_disabled: preempt_count=1
          <idle>-0     [000] .n.1   100.088039: schedule_preempt_disabled: enter schedule_preempt_disabled: preempt_count=1
          <idle>-0     [000] .n..   100.088056: schedule: start disable: preempt_count()=0
          <idle>-0     [000] .n.1   100.088060: __schedule: __schedule_1 prev=swapper/0,prev_pid=0,preempt=1,preempt_count=1
          <idle>-0     [000] d..3   100.088070: sched_switch: prev_comm=swapper/0 prev_pid=0 prev_prio=120 prev_state=R+ ==> next_comm=kworker/0:0 next_pid=4 next_prio=120
     kworker/0:0-4     [000] ...1   100.088078: __schedule: __schedule_2 prev=kworker/0:0,prev_pid=4,next=swapper/0,next_pid=0,preempt_count=1
     kworker/0:0-4     [000] ...1   100.088081: schedule: __schedule func 53.171999ms
     kworker/0:0-4     [000] ....   100.088084: schedule: sched_preempt_enable_no_resched func 0.003693ms
     kworker/0:0-4     [000] ....   100.088086: schedule: sched_preempt_enable_no_resched func preempt_count=0
     kworker/0:0-4     [000] ....   100.088120: schedule: start disable: preempt_count()=0
     kworker/0:0-4     [000] ...1   100.088123: schedule: preempt_disable func time=0.002692ms
     kworker/0:0-4     [000] ...1   100.088126: __schedule: __schedule_1 prev=kworker/0:0,prev_pid=4,preempt=0,preempt_count=1
     kworker/0:0-4     [000] d..3   100.088152: sched_switch: prev_comm=kworker/0:0 prev_pid=4 prev_prio=120 prev_state=S ==> next_comm=f2fs_discard-25 next_pid=280 next_prio=120
 f2fs_discard-25-280   [000] ...1   100.088159: __schedule: __schedule_2 prev=f2fs_discard-25,prev_pid=280,next=swapper/1,next_pid=0,preempt_count=1
 f2fs_discard-25-280   [000] ...1   100.088161: schedule: __schedule func 51.929423ms
 f2fs_discard-25-280   [000] ....   100.088164: schedule: sched_preempt_enable_no_resched func 0.002923ms
 f2fs_discard-25-280   [000] ....   100.088166: schedule: sched_preempt_enable_no_resched func preempt_count=0
 f2fs_discard-25-280   [000] ....   100.088384: schedule: start disable: preempt_count()=0
 f2fs_discard-25-280   [000] ...1   100.088387: schedule: preempt_disable func time=0.003885ms
 f2fs_discard-25-280   [000] ...1   100.088391: __schedule: __schedule_1 prev=f2fs_discard-25,prev_pid=280,preempt=0,preempt_count=1
          <idle>-0     [001] .n.1   100.088405: schedule_preempt_disabled: enter schedule_preempt_disabled: preempt_count=1
          <idle>-0     [001] .n..   100.088407: schedule: start disable: preempt_count()=0
          <idle>-0     [001] .n.1   100.088411: __schedule: __schedule_1 prev=swapper/1,prev_pid=0,preempt=1,preempt_count=1
          <idle>-0     [001] d..3   100.088415: sched_switch: prev_comm=swapper/1 prev_pid=0 prev_prio=120 prev_state=R+ ==> next_comm=mmcqd/0 next_pid=197 next_prio=98
         mmcqd/0-197   [001] ...1   100.088423: __schedule: __schedule_2 prev=mmcqd/0,prev_pid=197,next=swapper/1,next_pid=0,preempt_count=1
         mmcqd/0-197   [001] ...1   100.088426: schedule: __schedule func 52.107615ms
         mmcqd/0-197   [001] ....   100.088428: schedule: sched_preempt_enable_no_resched func 0.002731ms
         mmcqd/0-197   [001] ....   100.088430: schedule: sched_preempt_enable_no_resched func preempt_count=0
 f2fs_discard-25-280   [000] d..3   100.088432: sched_switch: prev_comm=f2fs_discard-25 prev_pid=280 prev_prio=120 prev_state=D ==> next_comm=swapper/0 next_pid=0 next_prio=120
          <idle>-0     [000] ...1   100.088439: __schedule: __schedule_2 prev=swapper/0,prev_pid=0,next=kworker/0:0,next_pid=4,preempt_count=1
          <idle>-0     [000] ...1   100.088443: schedule: preempt_disable func time=0.387154ms
          <idle>-0     [000] ...1   100.088446: __schedule: __schedule_1 prev=swapper/0,prev_pid=0,preempt=0,preempt_count=1
          <idle>-0     [000] ...1   100.088463: __schedule: __schedule_2 prev=swapper/0,prev_pid=0,next=swapper/0,next_pid=0,preempt_count=1
          <idle>-0     [000] ...1   100.088465: schedule: __schedule func 0.022384ms
          <idle>-0     [000] ....   100.088468: schedule: sched_preempt_enable_no_resched func 0.002731ms
          <idle>-0     [000] ....   100.088470: schedule: sched_preempt_enable_no_resched func preempt_count=0
          <idle>-0     [000] ...1   100.088472: schedule_preempt_disabled: exit schedule_preempt_disabled: preempt_count=1
         mmcqd/0-197   [001] ....   100.088502: schedule: start disable: preempt_count()=0
         mmcqd/0-197   [001] ...1   100.088505: schedule: preempt_disable func time=0.003307ms
         mmcqd/0-197   [001] ...1   100.088508: __schedule: __schedule_1 prev=mmcqd/0,prev_pid=197,preempt=0,preempt_count=1
         mmcqd/0-197   [001] d..3   100.088550: sched_switch: prev_comm=mmcqd/0 prev_pid=197 prev_prio=98 prev_state=D ==> next_comm=swapper/1 next_pid=0 next_prio=120
          <idle>-0     [001] ...1   100.088557: __schedule: __schedule_2 prev=swapper/1,prev_pid=0,next=mmcqd/0,next_pid=197,preempt_count=1
          <idle>-0     [001] ...1   100.088560: schedule: preempt_disable func time=0.152462ms
          <idle>-0     [001] ...1   100.088563: __schedule: __schedule_1 prev=swapper/1,prev_pid=0,preempt=0,preempt_count=1
          <idle>-0     [001] ...1   100.088579: __schedule: __schedule_2 prev=swapper/1,prev_pid=0,next=swapper/1,next_pid=0,preempt_count=1
          <idle>-0     [000] .n.1   100.088580: schedule_preempt_disabled: enter schedule_preempt_disabled: preempt_count=1
          <idle>-0     [001] ...1   100.088581: schedule: __schedule func 0.020846ms
          <idle>-0     [000] .n..   100.088583: schedule: start disable: preempt_count()=0
          <idle>-0     [001] ....   100.088584: schedule: sched_preempt_enable_no_resched func 0.002731ms
          <idle>-0     [001] ....   100.088585: schedule: sched_preempt_enable_no_resched func preempt_count=0
          <idle>-0     [001] ...1   100.088588: schedule_preempt_disabled: exit schedule_preempt_disabled: preempt_count=1
          <idle>-0     [000] .n.1   100.088597: __schedule: __schedule_1 prev=swapper/0,prev_pid=0,preempt=1,preempt_count=1
          <idle>-0     [000] d..3   100.088601: sched_switch: prev_comm=swapper/0 prev_pid=0 prev_prio=120 prev_state=R+ ==> next_comm=mmcqd/0 next_pid=197 next_prio=98
         mmcqd/0-197   [000] ...1   100.088608: __schedule: __schedule_2 prev=mmcqd/0,prev_pid=197,next=swapper/1,next_pid=0,preempt_count=1
         mmcqd/0-197   [000] ...1   100.088610: schedule: __schedule func 0.104769ms
         mmcqd/0-197   [000] ....   100.088625: schedule: sched_preempt_enable_no_resched func 0.015385ms
         mmcqd/0-197   [000] ....   100.088627: schedule: sched_preempt_enable_no_resched func preempt_count=0
         mmcqd/0-197   [000] ....   100.088665: schedule: start disable: preempt_count()=0
         mmcqd/0-197   [000] ...1   100.088681: schedule: preempt_disable func time=0.015270ms
         mmcqd/0-197   [000] ...1   100.088683: __schedule: __schedule_1 prev=mmcqd/0,prev_pid=197,preempt=0,preempt_count=1
         mmcqd/0-197   [000] ...1   100.088694: __schedule: __schedule_2 prev=mmcqd/0,prev_pid=197,next=mmcqd/0,next_pid=197,preempt_count=1
         mmcqd/0-197   [000] ...1   100.088696: schedule: __schedule func 0.015961ms
         mmcqd/0-197   [000] ....   100.088699: schedule: sched_preempt_enable_no_resched func 0.002616ms
         mmcqd/0-197   [000] ....   100.088701: schedule: sched_preempt_enable_no_resched func preempt_count=0
         mmcqd/0-197   [000] ....   100.088723: schedule: start disable: preempt_count()=0
         mmcqd/0-197   [000] ...1   100.088738: schedule: preempt_disable func time=0.015269ms
         mmcqd/0-197   [000] ...1   100.088741: __schedule: __schedule_1 prev=mmcqd/0,prev_pid=197,preempt=0,preempt_count=1
         mmcqd/0-197   [000] d..3   100.088767: sched_switch: prev_comm=mmcqd/0 prev_pid=197 prev_prio=98 prev_state=D ==> next_comm=swapper/0 next_pid=0 next_prio=120
          <idle>-0     [000] ...1   100.088773: __schedule: __schedule_2 prev=swapper/0,prev_pid=0,next=mmcqd/0,next_pid=197,preempt_count=1
          <idle>-0     [000] ...1   100.088776: schedule: preempt_disable func time=0.192577ms
          <idle>-0     [000] ...1   100.088779: __schedule: __schedule_1 prev=swapper/0,prev_pid=0,preempt=0,preempt_count=1
          <idle>-0     [000] ...1   100.088795: __schedule: __schedule_2 prev=swapper/0,prev_pid=0,next=swapper/0,next_pid=0,preempt_count=1
          <idle>-0     [000] ...1   100.088797: schedule: __schedule func 0.020616ms
          <idle>-0     [000] ....   100.088799: schedule: sched_preempt_enable_no_resched func 0.002654ms
          <idle>-0     [000] ....   100.088801: schedule: sched_preempt_enable_no_resched func preempt_count=0
          <idle>-0     [000] .n.1   100.088825: schedule_preempt_disabled: exit schedule_preempt_disabled: preempt_count=1
          <idle>-0     [000] .n.1   100.088843: schedule_preempt_disabled: enter schedule_preempt_disabled: preempt_count=1
          <idle>-0     [000] .n..   100.088845: schedule: start disable: preempt_count()=0
          <idle>-0     [000] .n.1   100.088848: __schedule: __schedule_1 prev=swapper/0,prev_pid=0,preempt=1,preempt_count=1
          <idle>-0     [000] d..3   100.088852: sched_switch: prev_comm=swapper/0 prev_pid=0 prev_prio=120 prev_state=R+ ==> next_comm=mmcqd/0 next_pid=197 next_prio=98
         mmcqd/0-197   [000] ...1   100.088858: __schedule: __schedule_2 prev=mmcqd/0,prev_pid=197,next=swapper/0,next_pid=0,preempt_count=1
         mmcqd/0-197   [000] ...1   100.088861: schedule: __schedule func 0.122192ms
         mmcqd/0-197   [000] ....   100.088863: schedule: sched_preempt_enable_no_resched func 0.002500ms
         mmcqd/0-197   [000] ....   100.088865: schedule: sched_preempt_enable_no_resched func preempt_count=0
         mmcqd/0-197   [000] ....   100.088899: schedule: start disable: preempt_count()=0
         mmcqd/0-197   [000] ...1   100.088902: schedule: preempt_disable func time=0.002769ms
         mmcqd/0-197   [000] ...1   100.088904: __schedule: __schedule_1 prev=mmcqd/0,prev_pid=197,preempt=0,preempt_count=1
         mmcqd/0-197   [000] ...1   100.088914: __schedule: __schedule_2 prev=mmcqd/0,prev_pid=197,next=mmcqd/0,next_pid=197,preempt_count=1
         mmcqd/0-197   [000] ...1   100.088916: schedule: __schedule func 0.013923ms
         mmcqd/0-197   [000] ....   100.088918: schedule: sched_preempt_enable_no_resched func 0.002654ms
         mmcqd/0-197   [000] ....   100.088920: schedule: sched_preempt_enable_no_resched func preempt_count=0
          <idle>-0     [001] .n.1   100.088991: schedule_preempt_disabled: enter schedule_preempt_disabled: preempt_count=1
          <idle>-0     [001] .n..   100.088994: schedule: start disable: preempt_count()=0
          <idle>-0     [001] .n.1   100.088997: __schedule: __schedule_1 prev=swapper/1,prev_pid=0,preempt=1,preempt_count=1
          <idle>-0     [001] d..3   100.089005: sched_switch: prev_comm=swapper/1 prev_pid=0 prev_prio=120 prev_state=R+ ==> next_comm=f2fs_discard-25 next_pid=280 next_prio=120
 f2fs_discard-25-280   [001] ...1   100.089011: __schedule: __schedule_2 prev=f2fs_discard-25,prev_pid=280,next=swapper/0,next_pid=0,preempt_count=1
 f2fs_discard-25-280   [001] ...1   100.089014: schedule: __schedule func 0.626538ms
 f2fs_discard-25-280   [001] ....   100.089016: schedule: sched_preempt_enable_no_resched func 0.002539ms
 f2fs_discard-25-280   [001] ....   100.089018: schedule: sched_preempt_enable_no_resched func preempt_count=0
 f2fs_discard-25-280   [001] ....   100.089052: schedule: start disable: preempt_count()=0
 f2fs_discard-25-280   [001] ...1   100.089055: schedule: preempt_disable func time=0.002769ms
 f2fs_discard-25-280   [001] ...1   100.089058: __schedule: __schedule_1 prev=f2fs_discard-25,prev_pid=280,preempt=0,preempt_count=1
         mmcqd/0-197   [000] ....   100.089068: schedule: start disable: preempt_count()=0
         mmcqd/0-197   [000] ...1   100.089072: schedule: preempt_disable func time=0.004039ms
         mmcqd/0-197   [000] ...1   100.089075: __schedule: __schedule_1 prev=mmcqd/0,prev_pid=197,preempt=0,preempt_count=1
 f2fs_discard-25-280   [001] d..3   100.089098: sched_switch: prev_comm=f2fs_discard-25 prev_pid=280 prev_prio=120 prev_state=S ==> next_comm=swapper/1 next_pid=0 next_prio=120
         mmcqd/0-197   [000] d..3   100.089099: sched_switch: prev_comm=mmcqd/0 prev_pid=197 prev_prio=98 prev_state=S ==> next_comm=kworker/0:1H next_pid=255 next_prio=100
          <idle>-0     [001] ...1   100.089104: __schedule: __schedule_2 prev=swapper/1,prev_pid=0,next=f2fs_discard-25,next_pid=280,preempt_count=1
    kworker/0:1H-255   [000] ...1   100.089106: __schedule: __schedule_2 prev=kworker/0:1H,prev_pid=255,next=swapper/0,next_pid=0,preempt_count=1
          <idle>-0     [001] ...1   100.089107: schedule: preempt_disable func time=0.112693ms
    kworker/0:1H-255   [000] ...1   100.089109: schedule: __schedule func 52.816116ms
          <idle>-0     [001] ...1   100.089110: __schedule: __schedule_1 prev=swapper/1,prev_pid=0,preempt=0,preempt_count=1
    kworker/0:1H-255   [000] ....   100.089112: schedule: sched_preempt_enable_no_resched func 0.002730ms
    kworker/0:1H-255   [000] ....   100.089114: schedule: sched_preempt_enable_no_resched func preempt_count=0
          <idle>-0     [001] ...1   100.089127: __schedule: __schedule_2 prev=swapper/1,prev_pid=0,next=swapper/1,next_pid=0,preempt_count=1
          <idle>-0     [001] .n.1   100.089129: schedule: __schedule func 0.021807ms
          <idle>-0     [001] .n..   100.089135: schedule: sched_preempt_enable_no_resched func 0.003231ms
          <idle>-0     [001] .n.1   100.089138: __schedule: __schedule_1 prev=swapper/1,prev_pid=0,preempt=1,preempt_count=1
    kworker/0:1H-255   [000] ....   100.089138: schedule: start disable: preempt_count()=0
    kworker/0:1H-255   [000] ...1   100.089141: schedule: preempt_disable func time=0.002961ms
          <idle>-0     [001] d..3   100.089141: sched_switch: prev_comm=swapper/1 prev_pid=0 prev_prio=120 prev_state=R+ ==> next_comm=mmcqd/0 next_pid=197 next_prio=98
    kworker/0:1H-255   [000] ...1   100.089144: __schedule: __schedule_1 prev=kworker/0:1H,prev_pid=255,preempt=0,preempt_count=1
         mmcqd/0-197   [001] ...1   100.089148: __schedule: __schedule_2 prev=mmcqd/0,prev_pid=197,next=kworker/0:1H,next_pid=255,preempt_count=1
         mmcqd/0-197   [001] ...1   100.089150: schedule: __schedule func 0.079192ms
         mmcqd/0-197   [001] ....   100.089153: schedule: sched_preempt_enable_no_resched func 0.002462ms
         mmcqd/0-197   [001] ....   100.089154: schedule: sched_preempt_enable_no_resched func preempt_count=0
         mmcqd/0-197   [001] ....   100.089165: schedule: start disable: preempt_count()=0
         mmcqd/0-197   [001] ...1   100.089168: schedule: preempt_disable func time=0.002385ms
    kworker/0:1H-255   [000] d..3   100.089168: sched_switch: prev_comm=kworker/0:1H prev_pid=255 prev_prio=100 prev_state=S ==> next_comm=swapper/0 next_pid=0 next_prio=120
         mmcqd/0-197   [001] ...1   100.089171: __schedule: __schedule_1 prev=mmcqd/0,prev_pid=197,preempt=0,preempt_count=1
          <idle>-0     [000] ...1   100.089175: __schedule: __schedule_2 prev=swapper/0,prev_pid=0,next=mmcqd/0,next_pid=197,preempt_count=1
          <idle>-0     [000] ...1   100.089178: schedule: preempt_disable func time=0.332577ms
          <idle>-0     [000] ...1   100.089181: __schedule: __schedule_1 prev=swapper/0,prev_pid=0,preempt=0,preempt_count=1
         mmcqd/0-197   [001] d..3   100.089192: sched_switch: prev_comm=mmcqd/0 prev_pid=197 prev_prio=98 prev_state=S ==> next_comm=swapper/1 next_pid=0 next_prio=120
          <idle>-0     [000] ...1   100.089198: __schedule: __schedule_2 prev=swapper/0,prev_pid=0,next=swapper/0,next_pid=0,preempt_count=1
          <idle>-0     [000] ...1   100.089200: schedule: __schedule func 0.022116ms
          <idle>-0     [000] ....   100.089207: schedule: sched_preempt_enable_no_resched func 0.007153ms
          <idle>-0     [001] ...1   100.089208: __schedule: __schedule_2 prev=swapper/1,prev_pid=0,next=mmcqd/0,next_pid=197,preempt_count=1
          <idle>-0     [000] ....   100.089209: schedule: sched_preempt_enable_no_resched func preempt_count=0
          <idle>-0     [001] ....   100.089210: schedule: sched_preempt_enable_no_resched func preempt_count=0
          <idle>-0     [000] ...1   100.089211: schedule_preempt_disabled: exit schedule_preempt_disabled: preempt_count=1
          <idle>-0     [001] ...1   100.089213: schedule_preempt_disabled: exit schedule_preempt_disabled: preempt_count=1
          <idle>-0     [002] .n.1   100.089451: schedule_preempt_disabled: enter schedule_preempt_disabled: preempt_count=1
          <idle>-0     [002] .n..   100.089467: schedule: start disable: preempt_count()=0
          <idle>-0     [002] .n.1   100.089470: __schedule: __schedule_1 prev=swapper/2,prev_pid=0,preempt=1,preempt_count=1
          <idle>-0     [002] d..3   100.089477: sched_switch: prev_comm=swapper/2 prev_pid=0 prev_prio=120 prev_state=R+ ==> next_comm=sugov:0 next_pid=181 next_prio=49
         sugov:0-181   [002] ...1   100.089484: __schedule: __schedule_2 prev=sugov:0,prev_pid=181,next=swapper/0,next_pid=0,preempt_count=1
         sugov:0-181   [002] ...1   100.089487: schedule: __schedule func 46.596423ms
         sugov:0-181   [002] ....   100.089489: schedule: sched_preempt_enable_no_resched func 0.002846ms
         sugov:0-181   [002] ....   100.089492: schedule: sched_preempt_enable_no_resched func preempt_count=0
          <idle>-0     [000] .n.1   100.089505: schedule_preempt_disabled: enter schedule_preempt_disabled: preempt_count=1
          <idle>-0     [000] .n..   100.089508: schedule: start disable: preempt_count()=0
          <idle>-0     [000] .n.1   100.089511: __schedule: __schedule_1 prev=swapper/0,prev_pid=0,preempt=1,preempt_count=1
          <idle>-0     [000] d..3   100.089519: sched_switch: prev_comm=swapper/0 prev_pid=0 prev_prio=120 prev_state=R+ ==> next_comm=sugov_perf:0 next_pid=182 next_prio=120
    sugov_perf:0-182   [000] ...1   100.089526: __schedule: __schedule_2 prev=sugov_perf:0,prev_pid=182,next=swapper/0,next_pid=0,preempt_count=1
    sugov_perf:0-182   [000] ...1   100.089528: schedule: __schedule func 52.812807ms
    sugov_perf:0-182   [000] ....   100.089530: schedule: sched_preempt_enable_no_resched func 0.002654ms
    sugov_perf:0-182   [000] ....   100.089532: schedule: sched_preempt_enable_no_resched func preempt_count=0
    sugov_perf:0-182   [000] ....   100.089535: schedule: start disable: preempt_count()=0
    sugov_perf:0-182   [000] ...1   100.089537: schedule: preempt_disable func time=0.002346ms
    sugov_perf:0-182   [000] ...1   100.089540: __schedule: __schedule_1 prev=sugov_perf:0,prev_pid=182,preempt=0,preempt_count=1
    sugov_perf:0-182   [000] d..3   100.089560: sched_switch: prev_comm=sugov_perf:0 prev_pid=182 prev_prio=120 prev_state=S ==> next_comm=swapper/0 next_pid=0 next_prio=120
         sugov:0-181   [002] ....   100.089575: schedule: start disable: preempt_count()=0
          <idle>-0     [000] ...1   100.089576: __schedule: __schedule_2 prev=swapper/0,prev_pid=0,next=sugov_perf:0,next_pid=182,preempt_count=1
         sugov:0-181   [002] ...1   100.089577: schedule: preempt_disable func time=0.003000ms
          <idle>-0     [000] ...1   100.089579: schedule: preempt_disable func time=0.070230ms
         sugov:0-181   [002] ...1   100.089580: __schedule: __schedule_1 prev=sugov:0,prev_pid=181,preempt=0,preempt_count=1
          <idle>-0     [000] ...1   100.089581: __schedule: __schedule_1 prev=swapper/0,prev_pid=0,preempt=0,preempt_count=1
         sugov:0-181   [002] d..3   100.089612: sched_switch: prev_comm=sugov:0 prev_pid=181 prev_prio=49 prev_state=S ==> next_comm=swapper/2 next_pid=0 next_prio=120
          <idle>-0     [000] ...1   100.089614: __schedule: __schedule_2 prev=swapper/0,prev_pid=0,next=swapper/0,next_pid=0,preempt_count=1
          <idle>-0     [000] ...1   100.089617: schedule: __schedule func 0.037885ms
          <idle>-0     [002] ...1   100.089619: __schedule: __schedule_2 prev=swapper/2,prev_pid=0,next=sugov:0,next_pid=181,preempt_count=1
          <idle>-0     [000] ....   100.089619: schedule: sched_preempt_enable_no_resched func 0.002846ms
          <idle>-0     [000] ....   100.089621: schedule: sched_preempt_enable_no_resched func preempt_count=0
          <idle>-0     [002] ...1   100.089622: schedule: preempt_disable func time=0.155038ms
          <idle>-0     [000] ...1   100.089623: schedule_preempt_disabled: exit schedule_preempt_disabled: preempt_count=1
          <idle>-0     [002] ...1   100.089625: __schedule: __schedule_1 prev=swapper/2,prev_pid=0,preempt=0,preempt_count=1
          <idle>-0     [002] ...1   100.089642: __schedule: __schedule_2 prev=swapper/2,prev_pid=0,next=swapper/2,next_pid=0,preempt_count=1
          <idle>-0     [002] ...1   100.089656: schedule: __schedule func 0.034385ms
          <idle>-0     [002] ....   100.089659: schedule: sched_preempt_enable_no_resched func 0.002807ms
          <idle>-0     [002] ....   100.089661: schedule: sched_preempt_enable_no_resched func preempt_count=0
          <idle>-0     [002] ...1   100.089663: schedule_preempt_disabled: exit schedule_preempt_disabled: preempt_count=1
          <idle>-0     [000] .n.1   100.094794: schedule_preempt_disabled: enter schedule_preempt_disabled: preempt_count=1
          <idle>-0     [000] .n..   100.094797: schedule: start disable: preempt_count()=0
          <idle>-0     [000] .n.1   100.094799: __schedule: __schedule_1 prev=swapper/0,prev_pid=0,preempt=1,preempt_count=1
          <idle>-0     [000] d..3   100.094802: sched_switch: prev_comm=swapper/0 prev_pid=0 prev_prio=120 prev_state=R+ ==> next_comm=sugov:0 next_pid=181 next_prio=49
         sugov:0-181   [000] ...1   100.094806: __schedule: __schedule_2 prev=sugov:0,prev_pid=181,next=swapper/2,next_pid=0,preempt_count=1
         sugov:0-181   [000] ...1   100.094808: schedule: __schedule func 5.231192ms
         sugov:0-181   [000] ....   100.094810: schedule: sched_preempt_enable_no_resched func 0.001769ms
         sugov:0-181   [000] ....   100.094811: schedule: sched_preempt_enable_no_resched func preempt_count=0
         sugov:0-181   [000] ....   100.094871: schedule: start disable: preempt_count()=0
         sugov:0-181   [000] ...1   100.094874: schedule: preempt_disable func time=0.002808ms
         sugov:0-181   [000] ...1   100.094877: __schedule: __schedule_1 prev=sugov:0,prev_pid=181,preempt=0,preempt_count=1
         sugov:0-181   [000] d..3   100.094919: sched_switch: prev_comm=sugov:0 prev_pid=181 prev_prio=49 prev_state=S ==> next_comm=swapper/0 next_pid=0 next_prio=120
          <idle>-0     [000] ...1   100.094938: __schedule: __schedule_2 prev=swapper/0,prev_pid=0,next=sugov:0,next_pid=181,preempt_count=1
          <idle>-0     [000] ...1   100.094941: schedule: preempt_disable func time=0.143269ms
          <idle>-0     [000] ...1   100.094943: __schedule: __schedule_1 prev=swapper/0,prev_pid=0,preempt=0,preempt_count=1
          <idle>-0     [000] ...1   100.094959: __schedule: __schedule_2 prev=swapper/0,prev_pid=0,next=swapper/0,next_pid=0,preempt_count=1
          <idle>-0     [000] ...1   100.094961: schedule: __schedule func 0.020692ms
          <idle>-0     [000] ....   100.094975: schedule: sched_preempt_enable_no_resched func 0.013500ms
          <idle>-0     [000] ....   100.094977: schedule: sched_preempt_enable_no_resched func preempt_count=0
          <idle>-0     [000] ...1   100.094979: schedule_preempt_disabled: exit schedule_preempt_disabled: preempt_count=1
          <idle>-0     [000] .n.1   100.130801: schedule_preempt_disabled: enter schedule_preempt_disabled: preempt_count=1
          <idle>-0     [000] .n..   100.130804: schedule: start disable: preempt_count()=0
          <idle>-0     [000] .n.1   100.130819: __schedule: __schedule_1 prev=swapper/0,prev_pid=0,preempt=1,preempt_count=1
          <idle>-0     [000] d..3   100.130824: sched_switch: prev_comm=swapper/0 prev_pid=0 prev_prio=120 prev_state=R+ ==> next_comm=watchdog/0 next_pid=11 next_prio=0
      watchdog/0-11    [000] ...1   100.130832: __schedule: __schedule_2 prev=watchdog/0,prev_pid=11,next=swapper/0,next_pid=0,preempt_count=1
      watchdog/0-11    [000] ...1   100.130835: schedule: __schedule func 3999.235830ms
      watchdog/0-11    [000] ....   100.130839: schedule: sched_preempt_enable_no_resched func 0.003154ms
      watchdog/0-11    [000] ....   100.130840: schedule: sched_preempt_enable_no_resched func preempt_count=0
      watchdog/0-11    [000] ....   100.130849: schedule: start disable: preempt_count()=0
      watchdog/0-11    [000] ...1   100.130851: schedule: preempt_disable func time=0.002500ms
      watchdog/0-11    [000] ...1   100.130854: __schedule: __schedule_1 prev=watchdog/0,prev_pid=11,preempt=0,preempt_count=1
      watchdog/0-11    [000] d..3   100.130902: sched_switch: prev_comm=watchdog/0 prev_pid=11 prev_prio=0 prev_state=S ==> next_comm=swapper/0 next_pid=0 next_prio=120
          <idle>-0     [000] ...1   100.130909: __schedule: __schedule_2 prev=swapper/0,prev_pid=0,next=watchdog/0,next_pid=11,preempt_count=1
          <idle>-0     [000] ...1   100.130912: schedule: preempt_disable func time=0.107692ms
          <idle>-0     [000] ...1   100.130915: __schedule: __schedule_1 prev=swapper/0,prev_pid=0,preempt=0,preempt_count=1
          <idle>-0     [000] ...1   100.130930: __schedule: __schedule_2 prev=swapper/0,prev_pid=0,next=swapper/0,next_pid=0,preempt_count=1
          <idle>-0     [000] ...1   100.130945: schedule: __schedule func 0.033693ms
          <idle>-0     [000] ....   100.130948: schedule: sched_preempt_enable_no_resched func 0.002730ms
          <idle>-0     [000] ....   100.130950: schedule: sched_preempt_enable_no_resched func preempt_count=0
          <idle>-0     [000] ...1   100.130952: schedule_preempt_disabled: exit schedule_preempt_disabled: preempt_count=1
          <idle>-0     [001] .n.1   100.139469: schedule_preempt_disabled: enter schedule_preempt_disabled: preempt_count=1
          <idle>-0     [001] .n..   100.139486: schedule: start disable: preempt_count()=0
          <idle>-0     [001] .n.1   100.139490: __schedule: __schedule_1 prev=swapper/1,prev_pid=0,preempt=1,preempt_count=1
          <idle>-0     [001] d..3   100.139499: sched_switch: prev_comm=swapper/1 prev_pid=0 prev_prio=120 prev_state=R+ ==> next_comm=kworker/u16:1 next_pid=72 next_prio=120
   kworker/u16:1-72    [001] ...1   100.139506: __schedule: __schedule_2 prev=kworker/u16:1,prev_pid=72,next=swapper/1,next_pid=0,preempt_count=1
   kworker/u16:1-72    [001] ...1   100.139509: schedule: __schedule func 51.942345ms
   kworker/u16:1-72    [001] ....   100.139512: schedule: sched_preempt_enable_no_resched func 0.003500ms
   kworker/u16:1-72    [001] ....   100.139514: schedule: sched_preempt_enable_no_resched func preempt_count=0
   kworker/u16:1-72    [001] ....   100.139537: schedule: start disable: preempt_count()=0
   kworker/u16:1-72    [001] ...1   100.139540: schedule: preempt_disable func time=0.002654ms
   kworker/u16:1-72    [001] ...1   100.139544: __schedule: __schedule_1 prev=kworker/u16:1,prev_pid=72,preempt=0,preempt_count=1
   kworker/u16:1-72    [001] d..3   100.139587: sched_switch: prev_comm=kworker/u16:1 prev_pid=72 prev_prio=120 prev_state=S ==> next_comm=swapper/1 next_pid=0 next_prio=120
          <idle>-0     [001] ...1   100.139594: __schedule: __schedule_2 prev=swapper/1,prev_pid=0,next=kworker/u16:1,next_pid=72,preempt_count=1
          <idle>-0     [001] ...1   100.139597: schedule: preempt_disable func time=0.110347ms
          <idle>-0     [001] ...1   100.139600: __schedule: __schedule_1 prev=swapper/1,prev_pid=0,preempt=0,preempt_count=1
          <idle>-0     [001] ...1   100.139630: __schedule: __schedule_2 prev=swapper/1,prev_pid=0,next=swapper/1,next_pid=0,preempt_count=1
          <idle>-0     [001] ...1   100.139645: schedule: __schedule func 0.047961ms
          <idle>-0     [001] ....   100.139648: schedule: sched_preempt_enable_no_resched func 0.002769ms
          <idle>-0     [001] ....   100.139649: schedule: sched_preempt_enable_no_resched func preempt_count=0
          <idle>-0     [001] ...1   100.139652: schedule_preempt_disabled: exit schedule_preempt_disabled: preempt_count=1
          <idle>-0     [000] .n.1   100.140020: schedule_preempt_disabled: enter schedule_preempt_disabled: preempt_count=1
          <idle>-0     [000] .n..   100.140037: schedule: start disable: preempt_count()=0
          <idle>-0     [000] .n.1   100.140041: __schedule: __schedule_1 prev=swapper/0,prev_pid=0,preempt=1,preempt_count=1
          <idle>-0     [000] d..3   100.140051: sched_switch: prev_comm=swapper/0 prev_pid=0 prev_prio=120 prev_state=R+ ==> next_comm=kworker/0:0 next_pid=4 next_prio=120
     kworker/0:0-4     [000] ...1   100.140071: __schedule: __schedule_2 prev=kworker/0:0,prev_pid=4,next=f2fs_discard-25,next_pid=280,preempt_count=1
     kworker/0:0-4     [000] ...1   100.140074: schedule: __schedule func 51.950730ms
     kworker/0:0-4     [000] ....   100.140077: schedule: sched_preempt_enable_no_resched func 0.003347ms
     kworker/0:0-4     [000] ....   100.140079: schedule: sched_preempt_enable_no_resched func preempt_count=0
     kworker/0:0-4     [000] ....   100.140124: schedule: start disable: preempt_count()=0
     kworker/0:0-4     [000] ...1   100.140128: schedule: preempt_disable func time=0.003385ms
     kworker/0:0-4     [000] ...1   100.140130: __schedule: __schedule_1 prev=kworker/0:0,prev_pid=4,preempt=0,preempt_count=1
     kworker/0:0-4     [000] d..3   100.140146: sched_switch: prev_comm=kworker/0:0 prev_pid=4 prev_prio=120 prev_state=S ==> next_comm=f2fs_discard-25 next_pid=280 next_prio=120
 f2fs_discard-25-280   [000] ...1   100.140153: __schedule: __schedule_2 prev=f2fs_discard-25,prev_pid=280,next=swapper/1,next_pid=0,preempt_count=1
 f2fs_discard-25-280   [000] ...1   100.140155: schedule: __schedule func 51.100692ms
 f2fs_discard-25-280   [000] ....   100.140158: schedule: sched_preempt_enable_no_resched func 0.002616ms
 f2fs_discard-25-280   [000] ....   100.140160: schedule: sched_preempt_enable_no_resched func preempt_count=0
 f2fs_discard-25-280   [000] ....   100.140396: schedule: start disable: preempt_count()=0
          <idle>-0     [001] .n.1   100.140404: schedule_preempt_disabled: enter schedule_preempt_disabled: preempt_count=1
          <idle>-0     [001] .n..   100.140406: schedule: start disable: preempt_count()=0
          <idle>-0     [001] .n.1   100.140409: __schedule: __schedule_1 prev=swapper/1,prev_pid=0,preempt=1,preempt_count=1
 f2fs_discard-25-280   [000] ...1   100.140410: schedule: preempt_disable func time=0.013769ms
 f2fs_discard-25-280   [000] ...1   100.140413: __schedule: __schedule_1 prev=f2fs_discard-25,prev_pid=280,preempt=0,preempt_count=1
          <idle>-0     [001] d..3   100.140414: sched_switch: prev_comm=swapper/1 prev_pid=0 prev_prio=120 prev_state=R+ ==> next_comm=mmcqd/0 next_pid=197 next_prio=98
         mmcqd/0-197   [001] ...1   100.140420: __schedule: __schedule_2 prev=mmcqd/0,prev_pid=197,next=swapper/1,next_pid=0,preempt_count=1
         mmcqd/0-197   [001] ...1   100.140423: schedule: __schedule func 51.254884ms
         mmcqd/0-197   [001] ....   100.140425: schedule: sched_preempt_enable_no_resched func 0.002539ms
         mmcqd/0-197   [001] ....   100.140427: schedule: sched_preempt_enable_no_resched func preempt_count=0
 f2fs_discard-25-280   [000] d..3   100.140442: sched_switch: prev_comm=f2fs_discard-25 prev_pid=280 prev_prio=120 prev_state=D ==> next_comm=swapper/0 next_pid=0 next_prio=120
          <idle>-0     [000] ...1   100.140449: __schedule: __schedule_2 prev=swapper/0,prev_pid=0,next=kworker/0:0,next_pid=4,preempt_count=1
          <idle>-0     [000] ...1   100.140453: schedule: preempt_disable func time=0.415577ms
          <idle>-0     [000] ...1   100.140455: __schedule: __schedule_1 prev=swapper/0,prev_pid=0,preempt=0,preempt_count=1
          <idle>-0     [000] ...1   100.140472: __schedule: __schedule_2 prev=swapper/0,prev_pid=0,next=swapper/0,next_pid=0,preempt_count=1
          <idle>-0     [000] ...1   100.140474: schedule: __schedule func 0.021846ms
          <idle>-0     [000] ....   100.140477: schedule: sched_preempt_enable_no_resched func 0.002847ms
          <idle>-0     [000] ....   100.140479: schedule: sched_preempt_enable_no_resched func preempt_count=0
          <idle>-0     [000] ...1   100.140481: schedule_preempt_disabled: exit schedule_preempt_disabled: preempt_count=1
         mmcqd/0-197   [001] ....   100.140498: schedule: start disable: preempt_count()=0
         mmcqd/0-197   [001] ...1   100.140502: schedule: preempt_disable func time=0.003808ms
         mmcqd/0-197   [001] ...1   100.140506: __schedule: __schedule_1 prev=mmcqd/0,prev_pid=197,preempt=0,preempt_count=1
         mmcqd/0-197   [001] d..3   100.140535: sched_switch: prev_comm=mmcqd/0 prev_pid=197 prev_prio=98 prev_state=D ==> next_comm=swapper/1 next_pid=0 next_prio=120
          <idle>-0     [001] ...1   100.140545: __schedule: __schedule_2 prev=swapper/1,prev_pid=0,next=mmcqd/0,next_pid=197,preempt_count=1
          <idle>-0     [001] ...1   100.140548: schedule: preempt_disable func time=0.141539ms
          <idle>-0     [001] ...1   100.140551: __schedule: __schedule_1 prev=swapper/1,prev_pid=0,preempt=0,preempt_count=1
          <idle>-0     [000] .n.1   100.140566: schedule_preempt_disabled: enter schedule_preempt_disabled: preempt_count=1
          <idle>-0     [001] ...1   100.140567: __schedule: __schedule_2 prev=swapper/1,prev_pid=0,next=swapper/1,next_pid=0,preempt_count=1
          <idle>-0     [001] ...1   100.140581: schedule: __schedule func 0.032692ms
          <idle>-0     [000] .n..   100.140581: schedule: start disable: preempt_count()=0
          <idle>-0     [000] .n.1   100.140584: __schedule: __schedule_1 prev=swapper/0,prev_pid=0,preempt=1,preempt_count=1
          <idle>-0     [001] ....   100.140584: schedule: sched_preempt_enable_no_resched func 0.003115ms
          <idle>-0     [001] ....   100.140587: schedule: sched_preempt_enable_no_resched func preempt_count=0
          <idle>-0     [000] d..3   100.140588: sched_switch: prev_comm=swapper/0 prev_pid=0 prev_prio=120 prev_state=R+ ==> next_comm=mmcqd/0 next_pid=197 next_prio=98
          <idle>-0     [001] ...1   100.140590: schedule_preempt_disabled: exit schedule_preempt_disabled: preempt_count=1
         mmcqd/0-197   [000] ...1   100.140595: __schedule: __schedule_2 prev=mmcqd/0,prev_pid=197,next=swapper/1,next_pid=0,preempt_count=1
         mmcqd/0-197   [000] ...1   100.140597: schedule: __schedule func 0.095308ms
         mmcqd/0-197   [000] ....   100.140600: schedule: sched_preempt_enable_no_resched func 0.002730ms
         mmcqd/0-197   [000] ....   100.140602: schedule: sched_preempt_enable_no_resched func preempt_count=0
         mmcqd/0-197   [000] ....   100.140644: schedule: start disable: preempt_count()=0
         mmcqd/0-197   [000] ...1   100.140647: schedule: preempt_disable func time=0.002923ms
         mmcqd/0-197   [000] ...1   100.140650: __schedule: __schedule_1 prev=mmcqd/0,prev_pid=197,preempt=0,preempt_count=1
         mmcqd/0-197   [000] ...1   100.140671: __schedule: __schedule_2 prev=mmcqd/0,prev_pid=197,next=mmcqd/0,next_pid=197,preempt_count=1
         mmcqd/0-197   [000] ...1   100.140673: schedule: __schedule func 0.026192ms
         mmcqd/0-197   [000] ....   100.140676: schedule: sched_preempt_enable_no_resched func 0.002577ms
         mmcqd/0-197   [000] ....   100.140677: schedule: sched_preempt_enable_no_resched func preempt_count=0
         mmcqd/0-197   [000] ....   100.140720: schedule: start disable: preempt_count()=0
         mmcqd/0-197   [000] ...1   100.140723: schedule: preempt_disable func time=0.016692ms
         mmcqd/0-197   [000] ...1   100.140727: __schedule: __schedule_1 prev=mmcqd/0,prev_pid=197,preempt=0,preempt_count=1
         mmcqd/0-197   [000] d..3   100.140752: sched_switch: prev_comm=mmcqd/0 prev_pid=197 prev_prio=98 prev_state=D ==> next_comm=swapper/0 next_pid=0 next_prio=120
          <idle>-0     [000] ...1   100.140763: __schedule: __schedule_2 prev=swapper/0,prev_pid=0,next=mmcqd/0,next_pid=197,preempt_count=1
          <idle>-0     [000] ...1   100.140766: schedule: preempt_disable func time=0.184962ms
          <idle>-0     [000] ...1   100.140769: __schedule: __schedule_1 prev=swapper/0,prev_pid=0,preempt=0,preempt_count=1
          <idle>-0     [000] ...1   100.140785: __schedule: __schedule_2 prev=swapper/0,prev_pid=0,next=swapper/0,next_pid=0,preempt_count=1
          <idle>-0     [000] .n.1   100.140822: schedule: __schedule func 0.055577ms
          <idle>-0     [000] .n..   100.140834: schedule: sched_preempt_enable_no_resched func 0.012000ms
          <idle>-0     [000] .n.1   100.140837: __schedule: __schedule_1 prev=swapper/0,prev_pid=0,preempt=1,preempt_count=1
          <idle>-0     [000] d..3   100.140840: sched_switch: prev_comm=swapper/0 prev_pid=0 prev_prio=120 prev_state=R+ ==> next_comm=mmcqd/0 next_pid=197 next_prio=98
         mmcqd/0-197   [000] ...1   100.140846: __schedule: __schedule_2 prev=mmcqd/0,prev_pid=197,next=swapper/0,next_pid=0,preempt_count=1
         mmcqd/0-197   [000] ...1   100.140848: schedule: __schedule func 0.124692ms
         mmcqd/0-197   [000] ....   100.140850: schedule: sched_preempt_enable_no_resched func 0.002423ms
         mmcqd/0-197   [000] ....   100.140852: schedule: sched_preempt_enable_no_resched func preempt_count=0
         mmcqd/0-197   [000] ....   100.140886: schedule: start disable: preempt_count()=0
         mmcqd/0-197   [000] ...1   100.140889: schedule: preempt_disable func time=0.002769ms
         mmcqd/0-197   [000] ...1   100.140892: __schedule: __schedule_1 prev=mmcqd/0,prev_pid=197,preempt=0,preempt_count=1
         mmcqd/0-197   [000] ...1   100.140908: __schedule: __schedule_2 prev=mmcqd/0,prev_pid=197,next=mmcqd/0,next_pid=197,preempt_count=1
         mmcqd/0-197   [000] ...1   100.140922: schedule: __schedule func 0.033577ms
         mmcqd/0-197   [000] ....   100.140925: schedule: sched_preempt_enable_no_resched func 0.002539ms
         mmcqd/0-197   [000] ....   100.140927: schedule: sched_preempt_enable_no_resched func preempt_count=0
          <idle>-0     [001] .n.1   100.140985: schedule_preempt_disabled: enter schedule_preempt_disabled: preempt_count=1
          <idle>-0     [001] .n..   100.140987: schedule: start disable: preempt_count()=0
          <idle>-0     [001] .n.1   100.140990: __schedule: __schedule_1 prev=swapper/1,prev_pid=0,preempt=1,preempt_count=1
          <idle>-0     [001] d..3   100.140998: sched_switch: prev_comm=swapper/1 prev_pid=0 prev_prio=120 prev_state=R+ ==> next_comm=f2fs_discard-25 next_pid=280 next_prio=120
 f2fs_discard-25-280   [001] ...1   100.141005: __schedule: __schedule_2 prev=f2fs_discard-25,prev_pid=280,next=swapper/0,next_pid=0,preempt_count=1
 f2fs_discard-25-280   [001] ...1   100.141007: schedule: __schedule func 0.597808ms
 f2fs_discard-25-280   [001] ....   100.141010: schedule: sched_preempt_enable_no_resched func 0.002615ms
 f2fs_discard-25-280   [001] ....   100.141012: schedule: sched_preempt_enable_no_resched func preempt_count=0
 f2fs_discard-25-280   [001] ....   100.141044: schedule: start disable: preempt_count()=0
 f2fs_discard-25-280   [001] ...1   100.141047: schedule: preempt_disable func time=0.002539ms
